11-08 12:49:13.326  1452  1452 D SystemServerTiming: OnBootPhase_550_com.android.server.media.metrics.MediaMetricsManagerService
11-08 12:49:13.326  1452  1452 V SystemServerTiming: OnBootPhase_550_com.android.server.media.metrics.MediaMetricsManagerService took to complete: 0ms
11-08 12:49:13.326  1452  1452 D SystemServerTiming: OnBootPhase_550_com.android.server.media.projection.MediaProjectionManagerService
11-08 12:49:13.326  1452  1452 V SystemServerTiming: OnBootPhase_550_com.android.server.media.projection.MediaProjectionManagerService took to complete: 0ms
11-08 12:49:13.326  1452  1452 D SystemServerTiming: OnBootPhase_550_com.android.server.slice.SliceManagerService$Lifecycle
11-08 12:49:13.326  1452  1452 V SystemServerTiming: OnBootPhase_550_com.android.server.slice.SliceManagerService$Lifecycle took to complete: 0ms
11-08 12:49:13.326  1452  1452 D SystemServerTiming: OnBootPhase_550_com.android.server.stats.StatsCompanion$Lifecycle
11-08 12:49:13.326  1452  1452 V SystemServerTiming: OnBootPhase_550_com.android.server.stats.StatsCompanion$Lifecycle took to complete: 0ms
11-08 12:49:13.326  1452  1452 D SystemServerTiming: OnBootPhase_550_com.android.server.scheduling.RebootReadinessManagerService$Lifecycle
11-08 12:49:13.326  1452  1452 V SystemServerTiming: OnBootPhase_550_com.android.server.scheduling.RebootReadinessManagerService$Lifecycle took to complete: 0ms
11-08 12:49:13.326  1452  1452 D SystemServerTiming: OnBootPhase_550_com.android.server.stats.pull.StatsPullAtomService
11-08 12:49:13.326  1452  1452 V SystemServerTiming: OnBootPhase_550_com.android.server.stats.pull.StatsPullAtomService took to complete: 0ms
11-08 12:49:13.327  1452  1452 D SystemServerTiming: OnBootPhase_550_com.android.server.stats.bootstrap.StatsBootstrapAtomService$Lifecycle
11-08 12:49:13.327  1452  1452 V SystemServerTiming: OnBootPhase_550_com.android.server.stats.bootstrap.StatsBootstrapAtomService$Lifecycle took to complete: 0ms
11-08 12:49:13.327  1452  1452 D SystemServerTiming: OnBootPhase_550_com.android.server.incident.IncidentCompanionService
11-08 12:49:13.327  1452  1452 V SystemServerTiming: OnBootPhase_550_com.android.server.incident.IncidentCompanionService took to complete: 0ms
11-08 12:49:13.327  1452  1452 D SystemServerTiming: OnBootPhase_550_com.android.server.sdksandbox.SdkSandboxManagerService$Lifecycle
11-08 12:49:13.327  1452  1452 V SystemServerTiming: OnBootPhase_550_com.android.server.sdksandbox.SdkSandboxManagerService$Lifecycle took to complete: 0ms
11-08 12:49:13.327  1452  1452 D SystemServerTiming: OnBootPhase_550_com.android.server.adservices.AdServicesManagerService$Lifecycle
11-08 12:49:13.327  1452  1452 V SystemServerTiming: OnBootPhase_550_com.android.server.adservices.AdServicesManagerService$Lifecycle took to complete: 0ms
11-08 12:49:13.327  1452  1452 D SystemServerTiming: OnBootPhase_550_com.android.server.MmsServiceBroker
11-08 12:49:13.327  1452  1452 V SystemServerTiming: OnBootPhase_550_com.android.server.MmsServiceBroker took to complete: 0ms
11-08 12:49:13.327  1452  1452 D SystemServerTiming: OnBootPhase_550_com.android.server.autofill.AutofillManagerService
11-08 12:49:13.327  1452  1452 V SystemServerTiming: OnBootPhase_550_com.android.server.autofill.AutofillManagerService took to complete: 0ms
11-08 12:49:13.327  1452  1452 D SystemServerTiming: OnBootPhase_550_com.android.server.clipboard.ClipboardService
11-08 12:49:13.327  1452  1452 V SystemServerTiming: OnBootPhase_550_com.android.server.clipboard.ClipboardService took to complete: 0ms
11-08 12:49:13.327  1452  1452 D SystemServerTiming: OnBootPhase_550_com.android.server.appbinding.AppBindingService$Lifecycle
11-08 12:49:13.328  1452  1475 I UsbPortManager: USB port added: port=UsbPort{id=port0, supportedModes=dual, audio_accsupportedContaminantProtectionModes=1supportsEnableContaminantPresenceProtection=falsesupportsEnableContaminantPresenceDetection=false, status=UsbPortStatus{connected=true, currentMode=ufp, currentPowerRole=sink, currentDataRole=device, supportedRoleCombinations=[source:host, sink:device], contaminantDetectionStatus=2, contaminantProtectionStatus=1, usbDataStatus=unknown, isPowerTransferLimited=false, powerBrickConnectionStatus=unknown}, canChangeMode=true, canChangePowerRole=false, canChangeDataRole=false, connectedAtMillis=291028, lastConnectDurationMillis=0
11-08 12:49:13.329  1452  1452 I AppBindingService: Updating constants with: null
11-08 12:49:13.330  1452  1452 V SystemServerTiming: OnBootPhase_550_com.android.server.appbinding.AppBindingService$Lifecycle took to complete: 2ms
11-08 12:49:13.330  1452  1452 D SystemServerTiming: OnBootPhase_550_com.android.server.tracing.TracingServiceProxy
11-08 12:49:13.330  1452  1452 V SystemServerTiming: OnBootPhase_550_com.android.server.tracing.TracingServiceProxy took to complete: 0ms
11-08 12:49:13.330  1452  1452 D SystemServerTiming: OnBootPhase_550_org.lineageos.platform.internal.ProfileManagerService
11-08 12:49:13.344  1452  3186 D CompatibilityChangeReporter: Compat change id reported: 168419799; UID 10123; state: DISABLED
11-08 12:49:13.345  1452  3186 D CompatibilityChangeReporter: Compat change id reported: 273564678; UID 10123; state: DISABLED
11-08 12:49:13.359  1076  1076 D MtkOmxGsmDec: MtkOmxComponentCreate +++ !!!
11-08 12:49:13.359  1076  1076 D MtkOmxGsmDec: MtkOmxGsmDec Construct !!!
11-08 12:49:13.359  1076  1076 D MtkOmxGsmDec: Init Audio(GSM) Params!!!
11-08 12:49:13.392  1452  3186 W StorageManagerService: No primary storage defined yet; hacking together a stub
11-08 12:49:13.461  3196  3196 V WindowManagerShell: Adding init callback for DisplayChangeController
11-08 12:49:13.461  3196  3196 V WindowManagerShell: Adding init callback for DisplayController
11-08 12:49:13.462  3196  3196 V WindowManagerShell: Adding init callback for DisplayInsetsController
11-08 12:49:13.463  3196  3196 V WindowManagerShell: Adding init callback for DisplayImeController
11-08 12:49:13.464  3196  3196 V WindowManagerShell: Adding init callback for ShellController
11-08 12:49:13.466  3196  3196 V WindowManagerShell: Adding init callback for DragAndDropController
11-08 12:49:13.476  3196  3196 V WindowManagerShell: Adding init callback for CompatUIController
11-08 12:49:13.484  3196  3196 V WindowManagerShell: Adding init callback for RecentTasksController
11-08 12:49:13.487  3196  3196 V WindowManagerShell: Adding init callback for ShellTaskOrganizer
11-08 12:49:13.512  3196  3196 V WindowManagerShell: Adding init callback for OneHandedController
11-08 12:49:13.519  3196  3196 V WindowManagerShell: Adding init callback for DefaultTransitionHandler
11-08 12:49:13.519  3196  3196 V WindowManagerShell: addHandler: Default
11-08 12:49:13.519  3196  3196 V WindowManagerShell: addHandler: Remote
11-08 12:49:13.520  3196  3196 V WindowManagerShell: Adding init callback for Transitions
11-08 12:49:13.540  3196  3196 V WindowManagerShell: Adding init callback for BubbleController
11-08 12:49:13.547  3196  3196 V WindowManagerShell: Adding init callback for SplitScreenController
11-08 12:49:13.552  1452  3186 D CompatibilityChangeReporter: Compat change id reported: 161145287; UID 10123; state: DISABLED
11-08 12:49:13.568  3196  3196 V WindowManagerShell: Adding init callback for PipTouchHandler
11-08 12:49:13.569  3196  3196 V WindowManagerShell: Adding init callback for DevicePostureController
11-08 12:49:13.570  3196  3196 V WindowManagerShell: Adding init callback for TabletopModeController
11-08 12:49:13.572  3196  3196 V WindowManagerShell: Adding init callback for PipController
11-08 12:49:13.575  3196  3196 V WindowManagerShell: Adding init callback for FullscreenTaskListener
11-08 12:49:13.586  3196  3196 V WindowManagerShell: Adding init callback for StartingWindowController
11-08 12:49:13.587  3196  3196 V WindowManagerShell: Adding init callback for ProtoLogController
11-08 12:49:13.589  3196  3196 V WindowManagerShell: Adding init callback for KidsModeTaskOrganizer
11-08 12:49:13.594  3196  3196 V WindowManagerShell: Adding init callback for BackAnimationController
11-08 12:49:13.594  3196  3196 V WindowManagerShell: Initializing Shell Components: 23
11-08 12:49:13.596  3196  3196 V WindowManagerShell: 	DisplayChangeController init took 1ms
11-08 12:49:13.605  3196  3196 V WindowManagerShell: 	DisplayController init took 9ms
11-08 12:49:13.607  3196  3196 V WindowManagerShell: 	DisplayInsetsController init took 2ms
11-08 12:49:13.608  3196  3196 V WindowManagerShell: 	DisplayImeController init took 1ms
11-08 12:49:13.608  3196  3196 V WindowManagerShell: Adding dump callback for ShellController
11-08 12:49:13.608  3196  3196 V WindowManagerShell: 	ShellController init took 0ms
11-08 12:49:13.609  3196  3196 V WindowManagerShell: 	DragAndDropController init took 0ms
11-08 12:49:13.609  3196  3196 V WindowManagerShell: Adding command class compatui for CompatUIShellCommandHandler
11-08 12:49:13.609  3196  3196 V WindowManagerShell: 	CompatUIController init took 1ms
11-08 12:49:13.609  3196  3196 V WindowManagerShell: Adding external interface from RecentTasksController with key extra_shell_recent_tasks
11-08 12:49:13.610  3196  3196 V WindowManagerShell: Adding dump callback for RecentTasksController
11-08 12:49:13.611  3196  3196 V WindowManagerShell: 	RecentTasksController init took 1ms
11-08 12:49:13.611  3196  3196 V WindowManagerShell: Adding dump callback for ShellTaskOrganizer
11-08 12:49:13.614  3196  3196 V WindowManagerShell: 	ShellTaskOrganizer init took 3ms
11-08 12:49:13.614  3196  3196 V WindowManagerShell: Adding dump callback for OneHandedController
11-08 12:49:13.624  3196  3196 V WindowManagerShell: Adding external interface from OneHandedController with key extra_shell_one_handed
11-08 12:49:13.624  3196  3196 V WindowManagerShell: 	OneHandedController init took 10ms
11-08 12:49:13.628  3196  3196 V WindowManagerShell: 	DefaultTransitionHandler init took 3ms
11-08 12:49:13.628  3196  3196 V WindowManagerShell: Adding external interface from Transitions with key extra_shell_shell_transitions
11-08 12:49:13.630  3196  3196 V WindowManagerShell: 	Transitions init took 2ms
11-08 12:49:13.637  3196  3196 V WindowManagerShell: Adding dump callback for BubbleController
11-08 12:49:13.637  3196  3196 V WindowManagerShell: 	BubbleController init took 7ms
11-08 12:49:13.637  3196  3196 V WindowManagerShell: Adding dump callback for SplitScreenController
11-08 12:49:13.637  3196  3196 V WindowManagerShell: Adding command class splitscreen for SplitScreenController
11-08 12:49:13.638  3196  3196 V WindowManagerShell: Adding external interface from SplitScreenController with key extra_shell_split_screen
11-08 12:49:13.652  3196  3196 V WindowManagerShell: addHandler: StageCoordinator
11-08 12:49:13.653  3196  3196 V WindowManagerShell: 	SplitScreenController init took 16ms
11-08 12:49:13.672  3196  3196 V WindowManagerShell: 	PipTouchHandler init took 19ms
11-08 12:49:13.673  3196  3196 V WindowManagerShell: 	DevicePostureController init took 1ms
11-08 12:49:13.673  3196  3196 V WindowManagerShell: 	TabletopModeController init took 0ms
11-08 12:49:13.673  3196  3196 V WindowManagerShell: Adding dump callback for PipController
11-08 12:49:13.681  3196  3196 V WindowManagerShell: Adding external interface from PipController with key extra_shell_pip
11-08 12:49:13.681  3196  3196 V WindowManagerShell: 	PipController init took 7ms
11-08 12:49:13.682  3196  3196 V WindowManagerShell: 	FullscreenTaskListener init took 0ms
11-08 12:49:13.682  3196  3196 V WindowManagerShell: Adding external interface from StartingWindowController with key extra_shell_starting_window
11-08 12:49:13.682  3196  3196 V WindowManagerShell: 	StartingWindowController init took 0ms
11-08 12:49:13.682  3196  3196 V WindowManagerShell: Adding command class protolog for ProtoLogController
11-08 12:49:13.682  3196  3196 V WindowManagerShell: 	ProtoLogController init took 0ms
11-08 12:49:13.682  3196  3196 V WindowManagerShell: Adding dump callback for KidsModeTaskOrganizer
11-08 12:49:13.686  3196  3196 V WindowManagerShell: 	KidsModeTaskOrganizer init took 4ms
11-08 12:49:13.688  3196  3196 D ShellBackPreview: Back animation enabled=false
11-08 12:49:13.689  3196  3196 V WindowManagerShell: Adding external interface from BackAnimationController with key extra_shell_back_animation
11-08 12:49:13.689  3196  3196 V WindowManagerShell: 	BackAnimationController init took 2ms
11-08 12:49:14.051  1452  1468 D CompatibilityChangeReporter: Compat change id reported: 157233955; UID 10123; state: ENABLED
11-08 12:49:14.069  1452  1468 D PackageManager: Instant App installer not found with android.intent.action.INSTALL_INSTANT_APP_PACKAGE_TEST
11-08 12:49:14.069  1452  1468 D PackageManager: Instant App installer not found with android.intent.action.INSTALL_INSTANT_APP_PACKAGE
11-08 12:49:14.069  1452  1468 D PackageManager: Clear ephemeral installer activity
11-08 12:49:14.258  1452  3184 I MR2ServiceImpl: registerManager | uid: 10123, pid: 3196, package: com.android.systemui, user: 0
11-08 12:49:14.395  1452  1468 D WallpaperManagerService: WPMS.saveSettingsLocked-0
11-08 12:49:14.404  1452  1468 V WallpaperManagerService: WPMS.saveSettingsLocked-0 took to complete: 9ms
11-08 12:49:14.534  3196  3196 V SystemUIBootTiming: DependencyInjection took to complete: 1ms
11-08 12:49:14.541  3196  3196 V WindowManagerShell: Display added: 0
11-08 12:49:14.556  1452  1781 D CompatibilityChangeReporter: Compat change id reported: 171306433; UID 1000; state: ENABLED
11-08 12:49:14.556  1452  1781 D CompatibilityChangeReporter: Compat change id reported: 218533173; UID 1000; state: ENABLED
11-08 12:49:14.567  1452  1781 D CoreBackPreview: Window{2aa1150 u0 ShellDropTarget}: Setting back callback OnBackInvokedCallbackInfo{mCallback=android.window.IOnBackInvokedCallback$Stub$Proxy@a26f27c, mPriority=0}
11-08 12:49:15.073  1452  1797 D CompatibilityChangeReporter: Compat change id reported: 218533173; UID 10123; state: ENABLED
11-08 12:49:15.146  1452  1452 W SystemServiceManager: Service org.lineageos.platform.internal.ProfileManagerService took 1816 ms in onBootPhase
11-08 12:49:15.146  1452  1452 V SystemServerTiming: OnBootPhase_550_org.lineageos.platform.internal.ProfileManagerService took to complete: 1816ms
11-08 12:49:15.146  1452  1452 D SystemServerTiming: OnBootPhase_550_org.lineageos.platform.internal.LineageHardwareService
11-08 12:49:15.146  1452  1452 V SystemServerTiming: OnBootPhase_550_org.lineageos.platform.internal.LineageHardwareService took to complete: 0ms
11-08 12:49:15.146  1452  1452 D SystemServerTiming: OnBootPhase_550_org.lineageos.platform.internal.display.LiveDisplayService
11-08 12:49:15.146  1452  1452 V SystemServerTiming: OnBootPhase_550_org.lineageos.platform.internal.display.LiveDisplayService took to complete: 0ms
11-08 12:49:15.146  1452  1452 D SystemServerTiming: OnBootPhase_550_org.lineageos.platform.internal.TrustInterfaceService
11-08 12:49:15.146  1452  1452 V SystemServerTiming: OnBootPhase_550_org.lineageos.platform.internal.TrustInterfaceService took to complete: 0ms
11-08 12:49:15.146  1452  1452 D SystemServerTiming: OnBootPhase_550_org.lineageos.platform.internal.LineageSettingsService
11-08 12:49:15.146  1452  1452 V SystemServerTiming: OnBootPhase_550_org.lineageos.platform.internal.LineageSettingsService took to complete: 0ms
11-08 12:49:15.146  1452  1452 D SystemServerTiming: OnBootPhase_550_org.lineageos.platform.internal.LineageGlobalActionsService
11-08 12:49:15.146  1452  1452 V SystemServerTiming: OnBootPhase_550_org.lineageos.platform.internal.LineageGlobalActionsService took to complete: 0ms
11-08 12:49:15.146  1452  1452 D SystemServerTiming: OnBootPhase_550_org.lineageos.platform.internal.health.HealthInterfaceService
11-08 12:49:15.146  1452  1452 V SystemServerTiming: OnBootPhase_550_org.lineageos.platform.internal.health.HealthInterfaceService took to complete: 0ms
11-08 12:49:15.147  1452  1452 D SystemServerTiming: OnBootPhase_550_com.android.server.policy.PermissionPolicyService
11-08 12:49:15.147  1452  1452 D SystemServerTiming: Permission_grant_default_permissions-0
11-08 12:49:15.148  1452  1452 D SystemServerTiming: Permission_callback_waiting-0
11-08 12:49:15.150  1452  1475 D CompatibilityChangeReporter: Compat change id reported: 135634846; UID 10141; state: DISABLED
11-08 12:49:15.150  1452  1475 D CompatibilityChangeReporter: Compat change id reported: 177438394; UID 10141; state: DISABLED
11-08 12:49:15.150  1452  1475 D CompatibilityChangeReporter: Compat change id reported: 135772972; UID 10141; state: DISABLED
11-08 12:49:15.150  1452  1475 D CompatibilityChangeReporter: Compat change id reported: 135754954; UID 10141; state: ENABLED
11-08 12:49:15.150  1452  1493 D CompatibilityChangeReporter: Compat change id reported: 143937733; UID 10141; state: ENABLED
11-08 12:49:15.150  1452  1493 W ActivityManager: com.android.permissioncontroller inode == 0 (b/152760674)
11-08 12:49:15.154  1452  1493 I ActivityManager: Start proc 3382:com.android.permissioncontroller/u0a141 for service {com.android.permissioncontroller/com.android.permissioncontroller.permission.service.PermissionControllerServiceImpl}
11-08 12:49:15.156  3196  3196 V SystemUIBootTiming: StartServices com.android.keyguard.KeyguardBiometricLockoutLogger took to complete: 1ms
11-08 12:49:15.158  3196  3196 V SystemUIBootTiming: StartServices com.android.systemui.ChooserSelector took to complete: 1ms
11-08 12:49:15.159  3196  3196 V SystemUIBootTiming: StartServices com.android.systemui.LatencyTester took to complete: 1ms
11-08 12:49:15.167  1452  3184 D CompatibilityChangeReporter: Compat change id reported: 168419799; UID 10141; state: DISABLED
11-08 12:49:15.167  1452  3184 D CompatibilityChangeReporter: Compat change id reported: 273564678; UID 10141; state: DISABLED
11-08 12:49:15.176  3196  3196 V SystemUIBootTiming: StartServices com.android.systemui.ScreenDecorations took to complete: 17ms
11-08 12:49:15.176  3196  3196 V SystemUIBootTiming: StartServices com.android.systemui.SliceBroadcastRelayHandler took to complete: 0ms
11-08 12:49:15.188  1452  3184 D CompatibilityChangeReporter: Compat change id reported: 135634846; UID 10116; state: DISABLED
11-08 12:49:15.189  1452  3184 D CompatibilityChangeReporter: Compat change id reported: 177438394; UID 10116; state: DISABLED
11-08 12:49:15.189  1452  3184 D CompatibilityChangeReporter: Compat change id reported: 135772972; UID 10116; state: DISABLED
11-08 12:49:15.189  1452  3184 D CompatibilityChangeReporter: Compat change id reported: 135754954; UID 10116; state: ENABLED
11-08 12:49:15.189  1452  1493 D CompatibilityChangeReporter: Compat change id reported: 143937733; UID 10116; state: ENABLED
11-08 12:49:15.189  1452  1493 W ActivityManager: com.android.launcher3 inode == 0 (b/152760674)
11-08 12:49:15.193  1452  1493 I ActivityManager: Start proc 3402:com.android.launcher3/u0a116 for service {com.android.launcher3/com.android.quickstep.TouchInteractionService}
11-08 12:49:15.194  1452  1781 D CoreBackPreview: Window{97186e u0 ScreenDecorOverlay}: Setting back callback OnBackInvokedCallbackInfo{mCallback=android.window.IOnBackInvokedCallback$Stub$Proxy@6eb4188, mPriority=0}
11-08 12:49:15.204  1452  1781 D CoreBackPreview: Window{ab6ee34 u0 ScreenDecorOverlayBottom}: Setting back callback OnBackInvokedCallbackInfo{mCallback=android.window.IOnBackInvokedCallback$Stub$Proxy@9eeb9a0, mPriority=0}
11-08 12:49:15.209  1452  1781 D CompatibilityChangeReporter: Compat change id reported: 168419799; UID 10116; state: DISABLED
11-08 12:49:15.210  1452  1781 D CompatibilityChangeReporter: Compat change id reported: 273564678; UID 10116; state: DISABLED
11-08 12:49:15.314  1452  1781 D PackageManager: Instant App installer not found with android.intent.action.INSTALL_INSTANT_APP_PACKAGE_TEST
11-08 12:49:15.314  1452  1781 D PackageManager: Instant App installer not found with android.intent.action.INSTALL_INSTANT_APP_PACKAGE
11-08 12:49:15.314  1452  1781 D PackageManager: Clear ephemeral installer activity
11-08 12:49:15.336  1452  3184 D CompatibilityChangeReporter: Compat change id reported: 161145287; UID 10116; state: DISABLED
11-08 12:49:15.421  1452  1781 D CompatibilityChangeReporter: Compat change id reported: 161145287; UID 10141; state: DISABLED
11-08 12:49:15.497  3171  3171 I HidlLazyUtils: Process has 1 (of 1 available) client(s) in use after notification android.hardware.wifi@1.6::IWifi/default has clients: 1
11-08 12:49:15.580  3196  3196 V SystemUIBootTiming: StartServices com.android.systemui.accessibility.SystemActions took to complete: 404ms
11-08 12:49:15.581  3196  3196 V SystemUIBootTiming: StartServices com.android.systemui.accessibility.WindowMagnification took to complete: 1ms
11-08 12:49:15.583  3196  3196 V SystemUIBootTiming: StartServices com.android.systemui.biometrics.AuthController took to complete: 2ms
11-08 12:49:15.584  3196  3196 V SystemUIBootTiming: StartServices com.android.systemui.broadcast.BroadcastDispatcherStartable took to complete: 0ms
11-08 12:49:15.587  3196  3196 V SystemUIBootTiming: StartServices com.android.systemui.clipboardoverlay.ClipboardListener took to complete: 3ms
11-08 12:49:15.588  3196  3196 V SystemUIBootTiming: StartServices com.android.systemui.controls.start.ControlsStartable took to complete: 2ms
11-08 12:49:15.592  3196  3196 V SystemUIBootTiming: StartServices com.android.systemui.dreams.DreamMonitor took to complete: 4ms
11-08 12:49:15.596  3196  3196 V SystemUIBootTiming: StartServices com.android.systemui.flags.FeatureFlagsDebugStartable took to complete: 4ms
11-08 12:49:15.599  1452  1492 I DropBoxManagerService: add tag=system_server_wtf isTagEnabled=true flags=0x2
11-08 12:49:15.608  3196  3196 V SystemUIBootTiming: StartServices com.android.systemui.globalactions.GlobalActionsComponent took to complete: 12ms
11-08 12:49:15.609  3196  3196 V SystemUIBootTiming: StartServices com.android.systemui.keyboard.KeyboardUI took to complete: 1ms
11-08 12:49:15.614  3196  3196 V SystemUIBootTiming: StartServices com.android.systemui.keyboard.PhysicalKeyboardCoreStartable took to complete: 5ms
11-08 12:49:15.623  3196  3196 V SystemUIBootTiming: StartServices com.android.systemui.keyguard.KeyguardViewMediator took to complete: 9ms
11-08 12:49:15.667  3196  3196 V SystemUIBootTiming: StartServices com.android.systemui.keyguard.data.quickaffordance.MuteQuickAffordanceCoreStartable took to complete: 44ms
11-08 12:49:15.717  3196  3196 V SystemUIBootTiming: StartServices com.android.systemui.keyguard.domain.interactor.KeyguardTransitionCoreStartable took to complete: 50ms
11-08 12:49:15.717  3196  3196 V SystemUIBootTiming: StartServices com.android.systemui.log.SessionTracker took to complete: 0ms
11-08 12:49:15.720  3196  3196 V SystemUIBootTiming: StartServices com.android.systemui.media.RingtonePlayer took to complete: 3ms
11-08 12:49:15.720  3196  3196 V SystemUIBootTiming: StartServices com.android.systemui.media.dialog.MediaOutputSwitcherDialogUI took to complete: 0ms
11-08 12:49:15.721  3196  3196 V SystemUIBootTiming: StartServices com.android.systemui.media.taptotransfer.MediaTttCommandLineHelper took to complete: 1ms
11-08 12:49:15.726  3196  3196 V SystemUIBootTiming: StartServices com.android.systemui.media.taptotransfer.receiver.MediaTttChipControllerReceiver took to complete: 5ms
11-08 12:49:15.731  3196  3196 V SystemUIBootTiming: StartServices com.android.systemui.media.taptotransfer.sender.MediaTttSenderCoordinator took to complete: 5ms
11-08 12:49:15.734  3196  3196 V SystemUIBootTiming: StartServices com.android.systemui.motiontool.MotionToolStartable took to complete: 2ms
11-08 12:49:15.755  3196  3196 E PowerUI : Failed to read system boot count from Settings.Global.BOOT_COUNT
11-08 12:49:15.759  3196  3196 V SystemUIBootTiming: StartServices com.android.systemui.power.PowerUI took to complete: 25ms
11-08 12:49:15.759  3196  3196 V SystemUIBootTiming: StartServices com.android.systemui.reardisplay.RearDisplayDialogController took to complete: 0ms
11-08 12:49:15.759  3196  3196 V SystemUIBootTiming: StartServices com.android.systemui.recents.Recents took to complete: 0ms
11-08 12:49:15.759  3196  3196 V SystemUIBootTiming: StartServices com.android.systemui.settings.UserFileManagerImpl took to complete: 0ms
11-08 12:49:15.761  3196  3196 V SystemUIBootTiming: StartServices com.android.systemui.shortcut.ShortcutKeyDispatcher took to complete: 2ms
11-08 12:49:15.762  3196  3196 V SystemUIBootTiming: StartServices com.android.systemui.statusbar.notification.InstantAppNotifier took to complete: 1ms
11-08 12:49:15.763  3196  3196 V SystemUIBootTiming: StartServices com.android.systemui.statusbar.notification.fsi.FsiChromeRepo took to complete: 1ms
11-08 12:49:15.772  3196  3196 V SystemUIBootTiming: StartServices com.android.systemui.statusbar.notification.fsi.FsiChromeViewBinder took to complete: 8ms
11-08 12:49:15.772  3196  3196 V SystemUIBootTiming: StartServices com.android.systemui.statusbar.notification.fsi.FsiChromeViewModelFactory took to complete: 0ms
11-08 12:49:15.777  3196  3196 V SystemUIBootTiming: StartServices com.android.systemui.statusbar.notification.interruption.KeyguardNotificationVisibilityProvider took to complete: 5ms
11-08 12:49:15.785  1452  1468 I StatusBarManagerService: registerStatusBar bar=com.android.internal.statusbar.IStatusBar$Stub$Proxy@b6a5732
11-08 12:49:15.932  1452  3184 W PackageManager: Package com.android.providers.media.module is an APK in APEX, but has permission allowlist on the system image. Please bundle the allowlist in the com.android.mediaprovider APEX instead.
11-08 12:49:15.932  1452  3184 W PackageManager: Package com.android.providers.media.module is an APK in APEX, but has permission allowlist on the system image. Please bundle the allowlist in the com.android.mediaprovider APEX instead.
11-08 12:49:15.932  1452  3184 W PackageManager: Package com.android.providers.media.module is an APK in APEX, but has permission allowlist on the system image. Please bundle the allowlist in the com.android.mediaprovider APEX instead.
11-08 12:49:15.932  1452  3184 W PackageManager: Package com.android.providers.media.module is an APK in APEX, but has permission allowlist on the system image. Please bundle the allowlist in the com.android.mediaprovider APEX instead.
11-08 12:49:15.932  1452  3184 W PackageManager: Package com.android.providers.media.module is an APK in APEX, but has permission allowlist on the system image. Please bundle the allowlist in the com.android.mediaprovider APEX instead.
11-08 12:49:15.933  1452  3184 W PackageManager: Package com.android.providers.media.module is an APK in APEX, but has permission allowlist on the system image. Please bundle the allowlist in the com.android.mediaprovider APEX instead.
11-08 12:49:15.933  1452  3184 W PackageManager: Package com.android.providers.media.module is an APK in APEX, but has permission allowlist on the system image. Please bundle the allowlist in the com.android.mediaprovider APEX instead.
11-08 12:49:15.933  1452  3184 W PackageManager: Package com.android.providers.media.module is an APK in APEX, but has permission allowlist on the system image. Please bundle the allowlist in the com.android.mediaprovider APEX instead.
11-08 12:49:15.933  1452  3184 W PackageManager: Package com.android.providers.media.module is an APK in APEX, but has permission allowlist on the system image. Please bundle the allowlist in the com.android.mediaprovider APEX instead.
11-08 12:49:15.933  1452  3184 W PackageManager: Package com.android.providers.media.module is an APK in APEX, but has permission allowlist on the system image. Please bundle the allowlist in the com.android.mediaprovider APEX instead.
11-08 12:49:15.933  1452  3184 W PackageManager: Package com.android.providers.media.module is an APK in APEX, but has permission allowlist on the system image. Please bundle the allowlist in the com.android.mediaprovider APEX instead.
11-08 12:49:15.933  1452  3184 W PackageManager: Package com.android.providers.media.module is an APK in APEX, but has permission allowlist on the system image. Please bundle the allowlist in the com.android.mediaprovider APEX instead.
11-08 12:49:15.933  1452  3184 W PackageManager: Package com.android.providers.media.module is an APK in APEX, but has permission allowlist on the system image. Please bundle the allowlist in the com.android.mediaprovider APEX instead.
11-08 12:49:15.934  1452  3186 W PackageManager: Package com.android.providers.media.module is an APK in APEX, but has permission allowlist on the system image. Please bundle the allowlist in the com.android.mediaprovider APEX instead.
11-08 12:49:15.934  1452  3186 W PackageManager: Package com.android.providers.media.module is an APK in APEX, but has permission allowlist on the system image. Please bundle the allowlist in the com.android.mediaprovider APEX instead.
11-08 12:49:15.934  1452  3186 W PackageManager: Package com.android.providers.media.module is an APK in APEX, but has permission allowlist on the system image. Please bundle the allowlist in the com.android.mediaprovider APEX instead.
11-08 12:49:15.934  1452  3186 W PackageManager: Package com.android.providers.media.module is an APK in APEX, but has permission allowlist on the system image. Please bundle the allowlist in the com.android.mediaprovider APEX instead.
11-08 12:49:15.934  1452  3186 W PackageManager: Package com.android.providers.media.module is an APK in APEX, but has permission allowlist on the system image. Please bundle the allowlist in the com.android.mediaprovider APEX instead.
11-08 12:49:15.934  1452  3186 W PackageManager: Package com.android.providers.media.module is an APK in APEX, but has permission allowlist on the system image. Please bundle the allowlist in the com.android.mediaprovider APEX instead.
11-08 12:49:15.934  1452  3186 W PackageManager: Package com.android.providers.media.module is an APK in APEX, but has permission allowlist on the system image. Please bundle the allowlist in the com.android.mediaprovider APEX instead.
11-08 12:49:15.935  1452  3186 W PackageManager: Package com.android.providers.media.module is an APK in APEX, but has permission allowlist on the system image. Please bundle the allowlist in the com.android.mediaprovider APEX instead.
11-08 12:49:15.935  1452  3186 W PackageManager: Package com.android.providers.media.module is an APK in APEX, but has permission allowlist on the system image. Please bundle the allowlist in the com.android.mediaprovider APEX instead.
11-08 12:49:15.935  1452  3186 W PackageManager: Package com.android.providers.media.module is an APK in APEX, but has permission allowlist on the system image. Please bundle the allowlist in the com.android.mediaprovider APEX instead.
11-08 12:49:15.935  1452  3186 W PackageManager: Package com.android.providers.media.module is an APK in APEX, but has permission allowlist on the system image. Please bundle the allowlist in the com.android.mediaprovider APEX instead.
11-08 12:49:15.935  1452  3186 W PackageManager: Package com.android.providers.media.module is an APK in APEX, but has permission allowlist on the system image. Please bundle the allowlist in the com.android.mediaprovider APEX instead.
11-08 12:49:15.935  1452  3186 W PackageManager: Package com.android.providers.media.module is an APK in APEX, but has permission allowlist on the system image. Please bundle the allowlist in the com.android.mediaprovider APEX instead.
11-08 12:49:15.960  1452  1452 V SystemServerTiming: Permission_callback_waiting-0 took to complete: 812ms
11-08 12:49:15.961  1452  1452 V SystemServerTiming: Permission_grant_default_permissions-0 took to complete: 814ms
11-08 12:49:15.961  1452  1452 D SystemServerTiming: Permission_synchronize_permissions-0
11-08 12:49:15.961  1452  1452 D SystemServerTiming: Permission_synchronize_addPackages-0
11-08 12:49:16.001  1452  1452 V SystemServerTiming: Permission_synchronize_addPackages-0 took to complete: 39ms
11-08 12:49:16.001  1452  1452 D SystemServerTiming: Permission_syncPackages-0
11-08 12:49:16.002  1452  1452 V StorageManagerService: Package null has legacy storage
11-08 12:49:16.004  1452  1452 V StorageManagerService: Package null has legacy storage
11-08 12:49:16.011  1452  1452 V StorageManagerService: Package null does not have legacy storage
11-08 12:49:16.012  1452  1452 V StorageManagerService: Package null does not have legacy storage
11-08 12:49:16.012  1452  1452 V StorageManagerService: Package null does not have legacy storage
11-08 12:49:16.012  1452  1452 V StorageManagerService: Package null does not have legacy storage
11-08 12:49:16.013  1452  1452 V StorageManagerService: Package null does not have legacy storage
11-08 12:49:16.014  1452  1452 V StorageManagerService: Package null does not have legacy storage
11-08 12:49:16.014  1452  1452 V StorageManagerService: Package null does not have legacy storage
11-08 12:49:16.015  1452  1452 V StorageManagerService: Package null does not have legacy storage
11-08 12:49:16.016  1452  1452 V StorageManagerService: Package null does not have legacy storage
11-08 12:49:16.018  1452  1452 V StorageManagerService: Package null does not have legacy storage
11-08 12:49:16.019  1452  1452 V StorageManagerService: Package null does not have legacy storage
11-08 12:49:16.019  1452  1452 V StorageManagerService: Package null does not have legacy storage
11-08 12:49:16.020  1452  1452 V StorageManagerService: Package null does not have legacy storage
11-08 12:49:16.021  1452  1452 V StorageManagerService: Package null does not have legacy storage
11-08 12:49:16.021  1452  1452 V StorageManagerService: Package null does not have legacy storage
11-08 12:49:16.022  1452  1452 V StorageManagerService: Package null does not have legacy storage
11-08 12:49:16.023  1452  1452 V StorageManagerService: Package null does not have legacy storage
11-08 12:49:16.023  1452  1452 V StorageManagerService: Package null does not have legacy storage
11-08 12:49:16.023  1452  1452 V StorageManagerService: Package null does not have legacy storage
11-08 12:49:16.023  1452  1452 V StorageManagerService: Package null does not have legacy storage
11-08 12:49:16.024  1452  1452 V SystemServerTiming: Permission_syncPackages-0 took to complete: 22ms
11-08 12:49:16.024  1452  1452 V SystemServerTiming: Permission_synchronize_permissions-0 took to complete: 63ms
11-08 12:49:16.024  1452  1452 D SystemServerTiming: Permission_onInitialized-0
11-08 12:49:16.024  1452  1452 I PackageManager: Permission ownership changed. Updating all permissions.
11-08 12:49:16.071  1452  1468 D CompatibilityChangeReporter: Compat change id reported: 182478738; UID 10123; state: ENABLED
11-08 12:49:16.131  1452  1452 W PackageManager: Package com.android.providers.media.module is an APK in APEX, but has permission allowlist on the system image. Please bundle the allowlist in the com.android.mediaprovider APEX instead.
11-08 12:49:16.131  1452  1452 W PackageManager: Package com.android.providers.media.module is an APK in APEX, but has permission allowlist on the system image. Please bundle the allowlist in the com.android.mediaprovider APEX instead.
11-08 12:49:16.131  1452  1452 W PackageManager: Package com.android.providers.media.module is an APK in APEX, but has permission allowlist on the system image. Please bundle the allowlist in the com.android.mediaprovider APEX instead.
11-08 12:49:16.131  1452  1452 W PackageManager: Package com.android.providers.media.module is an APK in APEX, but has permission allowlist on the system image. Please bundle the allowlist in the com.android.mediaprovider APEX instead.
11-08 12:49:16.132  1452  1452 W PackageManager: Package com.android.providers.media.module is an APK in APEX, but has permission allowlist on the system image. Please bundle the allowlist in the com.android.mediaprovider APEX instead.
11-08 12:49:16.132  1452  1452 W PackageManager: Package com.android.providers.media.module is an APK in APEX, but has permission allowlist on the system image. Please bundle the allowlist in the com.android.mediaprovider APEX instead.
11-08 12:49:16.132  1452  1452 W PackageManager: Package com.android.providers.media.module is an APK in APEX, but has permission allowlist on the system image. Please bundle the allowlist in the com.android.mediaprovider APEX instead.
11-08 12:49:16.132  1452  1452 W PackageManager: Package com.android.providers.media.module is an APK in APEX, but has permission allowlist on the system image. Please bundle the allowlist in the com.android.mediaprovider APEX instead.
11-08 12:49:16.132  1452  1452 W PackageManager: Package com.android.providers.media.module is an APK in APEX, but has permission allowlist on the system image. Please bundle the allowlist in the com.android.mediaprovider APEX instead.
11-08 12:49:16.132  1452  1452 W PackageManager: Package com.android.providers.media.module is an APK in APEX, but has permission allowlist on the system image. Please bundle the allowlist in the com.android.mediaprovider APEX instead.
11-08 12:49:16.132  1452  1452 W PackageManager: Package com.android.providers.media.module is an APK in APEX, but has permission allowlist on the system image. Please bundle the allowlist in the com.android.mediaprovider APEX instead.
11-08 12:49:16.132  1452  1452 W PackageManager: Package com.android.providers.media.module is an APK in APEX, but has permission allowlist on the system image. Please bundle the allowlist in the com.android.mediaprovider APEX instead.
11-08 12:49:16.132  1452  1452 W PackageManager: Package com.android.providers.media.module is an APK in APEX, but has permission allowlist on the system image. Please bundle the allowlist in the com.android.mediaprovider APEX instead.
11-08 12:49:16.146  1452  1452 V SystemServerTiming: Permission_onInitialized-0 took to complete: 122ms
11-08 12:49:16.146  1452  1452 W SystemServiceManager: Service com.android.server.policy.PermissionPolicyService took 1000 ms in onBootPhase
11-08 12:49:16.146  1452  1452 V SystemServerTiming: OnBootPhase_550_com.android.server.policy.PermissionPolicyService took to complete: 1000ms
11-08 12:49:16.147  1452  1452 D SystemServerTiming: OnBootPhase_550_com.android.server.pm.StagingManager$Lifecycle
11-08 12:49:16.147  1452  1452 V SystemServerTiming: OnBootPhase_550_com.android.server.pm.StagingManager$Lifecycle took to complete: 0ms
11-08 12:49:16.147  1452  1452 D SystemServerTiming: OnBootPhase_550_com.android.server.app.GameManagerService$Lifecycle
11-08 12:49:16.147  1452  1452 V SystemServerTiming: OnBootPhase_550_com.android.server.app.GameManagerService$Lifecycle took to complete: 0ms
11-08 12:49:16.147  1452  1452 D SystemServerTiming: OnBootPhase_550_com.android.safetycenter.SafetyCenterService
11-08 12:49:16.147  1452  1452 V SystemServerTiming: OnBootPhase_550_com.android.safetycenter.SafetyCenterService took to complete: 0ms
11-08 12:49:16.147  1452  1452 D SystemServerTiming: OnBootPhase_550_com.android.server.appsearch.AppSearchModule$Lifecycle
11-08 12:49:16.147  1452  1452 V SystemServerTiming: OnBootPhase_550_com.android.server.appsearch.AppSearchModule$Lifecycle took to complete: 0ms
11-08 12:49:16.147  1452  1452 D SystemServerTiming: OnBootPhase_550_com.android.server.media.MediaCommunicationService
11-08 12:49:16.147  1452  1452 V SystemServerTiming: OnBootPhase_550_com.android.server.media.MediaCommunicationService took to complete: 0ms
11-08 12:49:16.147  1452  1452 D SystemServerTiming: OnBootPhase_550_com.android.server.compat.overrides.AppCompatOverridesService$Lifecycle
11-08 12:49:16.147  1452  1452 V SystemServerTiming: OnBootPhase_550_com.android.server.compat.overrides.AppCompatOverridesService$Lifecycle took to complete: 0ms
11-08 12:49:16.147  1452  1452 V SystemServerTiming: OnBootPhase_550 took to complete: 2972ms
11-08 12:49:16.147  1452  1452 V SystemServerTiming: StartActivityManagerReadyPhase took to complete: 2972ms
11-08 12:49:16.147  1452  1452 D SystemServerTiming: StartObservingNativeCrashes
11-08 12:49:16.147  1452  1452 V SystemServerTiming: StartObservingNativeCrashes took to complete: 0ms
11-08 12:49:16.148  1452  1452 D SystemServerTiming: RegisterAppOpsPolicy
11-08 12:49:16.150  1452  1452 V SystemServerTiming: RegisterAppOpsPolicy took to complete: 3ms
11-08 12:49:16.151  1452  1452 D SystemServerTiming: MakeNetworkManagementServiceReady
11-08 12:49:16.151  1452  1832 D SystemServerTimingAsync: InitThreadPoolExec:WebViewFactoryPreparation
11-08 12:49:16.151  1452  1832 D SystemServerInitThreadPool: Started executing WebViewFactoryPreparation
11-08 12:49:16.151  1452  1832 I SystemServer: WebViewFactoryPreparation
11-08 12:49:16.151  1452  1832 D SystemServerTimingAsync: WebViewFactoryPreparation
11-08 12:49:16.153  1452  1452 V SystemServerTiming: MakeNetworkManagementServiceReady took to complete: 2ms
11-08 12:49:16.153  1452  1452 D SystemServerTiming: MakeConnectivityServiceReady
11-08 12:49:16.154  1452  1832 E AppOps  : Bad call made by uid 1000. Package "android" does not belong to uid 1037.
11-08 12:49:16.160  1452  3113 W NetworkPolicy: setRestrictBackgroundUL: already false
11-08 12:49:16.160  1452  1832 E AppOps  : checkOperation
11-08 12:49:16.160  1452  1832 E AppOps  : java.lang.SecurityException: Specified package "android" under uid 1037 but it is not
11-08 12:49:16.160  1452  1832 E AppOps  : 	at com.android.server.appop.AppOpsService.verifyAndGetBypass(AppOpsService.java:4692)
11-08 12:49:16.160  1452  1832 E AppOps  : 	at com.android.server.appop.AppOpsService.verifyAndGetBypass(AppOpsService.java:4560)
11-08 12:49:16.160  1452  1832 E AppOps  : 	at com.android.server.appop.AppOpsService.checkOperationUnchecked(AppOpsService.java:3253)
11-08 12:49:16.160  1452  1832 E AppOps  : 	at com.android.server.appop.AppOpsService.checkOperationImpl(AppOpsService.java:3236)
11-08 12:49:16.160  1452  1832 E AppOps  : 	at com.android.server.appop.AppOpsService.-$$Nest$mcheckOperationImpl(Unknown Source:0)
11-08 12:49:16.160  1452  1832 E AppOps  : 	at com.android.server.appop.AppOpsService$CheckOpsDelegateDispatcher.lambda$checkOperation$0(AppOpsService.java:7592)
11-08 12:49:16.160  1452  1832 E AppOps  : 	at com.android.server.appop.AppOpsService$CheckOpsDelegateDispatcher$$ExternalSyntheticLambda14.apply(Unknown Source:25)
11-08 12:49:16.160  1452  1832 E AppOps  : 	at com.android.server.policy.AppOpsPolicy.checkOperation(AppOpsPolicy.java:211)
11-08 12:49:16.160  1452  1832 E AppOps  : 	at com.android.server.appop.AppOpsService$CheckOpsDelegateDispatcher.checkOperation(AppOpsService.java:7591)
11-08 12:49:16.160  1452  1832 E AppOps  : 	at com.android.server.appop.AppOpsService.checkOperation(AppOpsService.java:3223)
11-08 12:49:16.160  1452  1832 E AppOps  : 	at com.android.server.StorageManagerService$StorageManagerInternalImpl.hasExternalStorageAccess(StorageManagerService.java:4842)
11-08 12:49:16.160  1452  1832 E AppOps  : 	at com.android.server.am.ProcessList.startProcessLocked(ProcessList.java:1690)
11-08 12:49:16.160  1452  1832 E AppOps  : 	at com.android.server.am.ProcessList.startProcessLocked(ProcessList.java:2368)
11-08 12:49:16.160  1452  1832 E AppOps  : 	at com.android.server.am.ProcessList.startProcessLocked(ProcessList.java:2508)
11-08 12:49:16.160  1452  1832 E AppOps  : 	at com.android.server.am.ActivityManagerService.startIsolatedProcess(ActivityManagerService.java:2802)
11-08 12:49:16.160  1452  1832 E AppOps  : 	at com.android.server.am.ActivityManagerService$LocalService.startIsolatedProcess(ActivityManagerService.java:16505)
11-08 12:49:16.160  1452  1832 E AppOps  : 	at android.webkit.WebViewLibraryLoader.createRelroFile(WebViewLibraryLoader.java:126)
11-08 12:49:16.160  1452  1832 E AppOps  : 	at android.webkit.WebViewLibraryLoader.createRelros(WebViewLibraryLoader.java:164)
11-08 12:49:16.160  1452  1832 E AppOps  : 	at android.webkit.WebViewLibraryLoader.prepareNativeLibraries(WebViewLibraryLoader.java:152)
11-08 12:49:16.160  1452  1832 E AppOps  : 	at android.webkit.WebViewFactory.onWebViewProviderChanged(WebViewFactory.java:555)
11-08 12:49:16.160  1452  1832 E AppOps  : 	at com.android.server.webkit.SystemImpl.onWebViewProviderChanged(SystemImpl.java:174)
11-08 12:49:16.160  1452  1832 E AppOps  : 	at com.android.server.webkit.WebViewUpdateServiceImpl.onWebViewProviderChanged(WebViewUpdateServiceImpl.java:351)
11-08 12:49:16.160  1452  1832 E AppOps  : 	at com.android.server.webkit.WebViewUpdateServiceImpl.prepareWebViewInSystemServer(WebViewUpdateServiceImpl.java:182)
11-08 12:49:16.160  1452  1832 E AppOps  : 	at com.android.server.webkit.WebViewUpdateService.prepareWebViewInSystemServer(WebViewUpdateService.java:129)
11-08 12:49:16.160  1452  1832 E AppOps  : 	at com.android.server.SystemServer.lambda$startOtherServices$3$com-android-server-SystemServer(SystemServer.java:2849)
11-08 12:49:16.160  1452  1832 E AppOps  : 	at com.android.server.SystemServer$$ExternalSyntheticLambda2.run(Unknown Source:2)
11-08 12:49:16.160  1452  1832 E AppOps  : 	at com.android.server.SystemServerInitThreadPool.lambda$submitTask$0$com-android-server-SystemServerInitThreadPool(SystemServerInitThreadPool.java:106)
11-08 12:49:16.160  1452  1832 E AppOps  : 	at com.android.server.SystemServerInitThreadPool$$ExternalSyntheticLambda0.run(Unknown Source:6)
11-08 12:49:16.160  1452  1832 E AppOps  : 	at java.util.concurrent.Executors$RunnableAdapter.call(Executors.java:463)
11-08 12:49:16.160  1452  1832 E AppOps  : 	at java.util.concurrent.FutureTask.run(FutureTask.java:264)
11-08 12:49:16.160  1452  1832 E AppOps  : 	at java.util.concurrent.ThreadPoolExecutor.runWorker(ThreadPoolExecutor.java:1137)
11-08 12:49:16.160  1452  1832 E AppOps  : 	at java.util.concurrent.ThreadPoolExecutor$Worker.run(ThreadPoolExecutor.java:637)
11-08 12:49:16.160  1452  1832 E AppOps  : 	at com.android.internal.util.ConcurrentUtils$1$1.run(ConcurrentUtils.java:65)
11-08 12:49:16.162  1452  1500 W BatteryExternalStatsWorker: error reading modem stats:ERROR_PHONE_NOT_AVAILABLE
11-08 12:49:16.162  1452  1832 D CompatibilityChangeReporter: Compat change id reported: 135634846; UID 1000; state: DISABLED
11-08 12:49:16.163  1452  1832 D CompatibilityChangeReporter: Compat change id reported: 177438394; UID 1000; state: DISABLED
11-08 12:49:16.163  1452  1832 D CompatibilityChangeReporter: Compat change id reported: 135772972; UID 1000; state: DISABLED
11-08 12:49:16.164  1452  1832 D CompatibilityChangeReporter: Compat change id reported: 178038272; UID 1000; state: DISABLED
11-08 12:49:16.165  1452  1493 W ActivityManager: com.android.inputdevices inode == 0 (b/152760674)
11-08 12:49:16.166  1452  1832 E AppOps  : Bad call made by uid 1000. Package "android" does not belong to uid 1037.
11-08 12:49:16.168  1452  1832 E AppOps  : checkOperation
11-08 12:49:16.168  1452  1832 E AppOps  : java.lang.SecurityException: Specified package "android" under uid 1037 but it is not
11-08 12:49:16.168  1452  1832 E AppOps  : 	at com.android.server.appop.AppOpsService.verifyAndGetBypass(AppOpsService.java:4692)
11-08 12:49:16.168  1452  1832 E AppOps  : 	at com.android.server.appop.AppOpsService.verifyAndGetBypass(AppOpsService.java:4560)
11-08 12:49:16.168  1452  1832 E AppOps  : 	at com.android.server.appop.AppOpsService.checkOperationUnchecked(AppOpsService.java:3253)
11-08 12:49:16.168  1452  1832 E AppOps  : 	at com.android.server.appop.AppOpsService.checkOperationImpl(AppOpsService.java:3236)
11-08 12:49:16.168  1452  1832 E AppOps  : 	at com.android.server.appop.AppOpsService.-$$Nest$mcheckOperationImpl(Unknown Source:0)
11-08 12:49:16.168  1452  1832 E AppOps  : 	at com.android.server.appop.AppOpsService$CheckOpsDelegateDispatcher.lambda$checkOperation$0(AppOpsService.java:7592)
11-08 12:49:16.168  1452  1832 E AppOps  : 	at com.android.server.appop.AppOpsService$CheckOpsDelegateDispatcher$$ExternalSyntheticLambda14.apply(Unknown Source:25)
11-08 12:49:16.168  1452  1832 E AppOps  : 	at com.android.server.policy.AppOpsPolicy.checkOperation(AppOpsPolicy.java:211)
11-08 12:49:16.168  1452  1832 E AppOps  : 	at com.android.server.appop.AppOpsService$CheckOpsDelegateDispatcher.checkOperation(AppOpsService.java:7591)
11-08 12:49:16.168  1452  1832 E AppOps  : 	at com.android.server.appop.AppOpsService.checkOperation(AppOpsService.java:3223)
11-08 12:49:16.168  1452  1832 E AppOps  : 	at com.android.server.StorageManagerService$StorageManagerInternalImpl.hasExternalStorageAccess(StorageManagerService.java:4842)
11-08 12:49:16.168  1452  1832 E AppOps  : 	at com.android.server.am.ProcessList.startProcessLocked(ProcessList.java:1690)
11-08 12:49:16.168  1452  1832 E AppOps  : 	at com.android.server.am.ProcessList.startProcessLocked(ProcessList.java:2368)
11-08 12:49:16.168  1452  1832 E AppOps  : 	at com.android.server.am.ProcessList.startProcessLocked(ProcessList.java:2508)
11-08 12:49:16.168  1452  1832 E AppOps  : 	at com.android.server.am.ActivityManagerService.startIsolatedProcess(ActivityManagerService.java:2802)
11-08 12:49:16.168  1452  1832 E AppOps  : 	at com.android.server.am.ActivityManagerService$LocalService.startIsolatedProcess(ActivityManagerService.java:16505)
11-08 12:49:16.168  1452  1832 E AppOps  : 	at android.webkit.WebViewLibraryLoader.createRelroFile(WebViewLibraryLoader.java:126)
11-08 12:49:16.168  1452  1832 E AppOps  : 	at android.webkit.WebViewLibraryLoader.createRelros(WebViewLibraryLoader.java:170)
11-08 12:49:16.168  1452  1832 E AppOps  : 	at android.webkit.WebViewLibraryLoader.prepareNativeLibraries(WebViewLibraryLoader.java:152)
11-08 12:49:16.168  1452  1832 E AppOps  : 	at android.webkit.WebViewFactory.onWebViewProviderChanged(WebViewFactory.java:555)
