11-08 12:49:13.111  1452  1452 V SystemServerTiming: OnBootPhase_520_com.android.server.biometrics.BiometricService took to complete: 0ms
11-08 12:49:13.111  1452  1452 D SystemServerTiming: OnBootPhase_520_com.android.server.biometrics.AuthService
11-08 12:49:13.111  1452  1452 V SystemServerTiming: OnBootPhase_520_com.android.server.biometrics.AuthService took to complete: 0ms
11-08 12:49:13.111  1452  1452 D SystemServerTiming: OnBootPhase_520_com.android.server.pm.ShortcutService$Lifecycle
11-08 12:49:13.111  1452  1452 V SystemServerTiming: OnBootPhase_520_com.android.server.pm.ShortcutService$Lifecycle took to complete: 0ms
11-08 12:49:13.111  1452  1452 D SystemServerTiming: OnBootPhase_520_com.android.server.pm.LauncherAppsService
11-08 12:49:13.111  1452  1452 V SystemServerTiming: OnBootPhase_520_com.android.server.pm.LauncherAppsService took to complete: 0ms
11-08 12:49:13.111  1452  1452 D SystemServerTiming: OnBootPhase_520_com.android.server.pm.CrossProfileAppsService
11-08 12:49:13.111  1452  1452 V SystemServerTiming: OnBootPhase_520_com.android.server.pm.CrossProfileAppsService took to complete: 0ms
11-08 12:49:13.111  1452  1452 D SystemServerTiming: OnBootPhase_520_com.android.server.people.PeopleService
11-08 12:49:13.111  1452  1452 V SystemServerTiming: OnBootPhase_520_com.android.server.people.PeopleService took to complete: 0ms
11-08 12:49:13.111  1452  1452 D SystemServerTiming: OnBootPhase_520_com.android.server.media.metrics.MediaMetricsManagerService
11-08 12:49:13.111  1452  1452 V SystemServerTiming: OnBootPhase_520_com.android.server.media.metrics.MediaMetricsManagerService took to complete: 0ms
11-08 12:49:13.111  1452  1452 D SystemServerTiming: OnBootPhase_520_com.android.server.media.projection.MediaProjectionManagerService
11-08 12:49:13.111  1452  1452 V SystemServerTiming: OnBootPhase_520_com.android.server.media.projection.MediaProjectionManagerService took to complete: 0ms
11-08 12:49:13.111  1452  1452 D SystemServerTiming: OnBootPhase_520_com.android.server.slice.SliceManagerService$Lifecycle
11-08 12:49:13.111  1452  1452 V SystemServerTiming: OnBootPhase_520_com.android.server.slice.SliceManagerService$Lifecycle took to complete: 0ms
11-08 12:49:13.111  1452  1452 D SystemServerTiming: OnBootPhase_520_com.android.server.stats.StatsCompanion$Lifecycle
11-08 12:49:13.111  1452  1452 V SystemServerTiming: OnBootPhase_520_com.android.server.stats.StatsCompanion$Lifecycle took to complete: 0ms
11-08 12:49:13.111  1452  1452 D SystemServerTiming: OnBootPhase_520_com.android.server.scheduling.RebootReadinessManagerService$Lifecycle
11-08 12:49:13.112  1452  1452 V SystemServerTiming: OnBootPhase_520_com.android.server.scheduling.RebootReadinessManagerService$Lifecycle took to complete: 0ms
11-08 12:49:13.112  1452  1452 D SystemServerTiming: OnBootPhase_520_com.android.server.stats.pull.StatsPullAtomService
11-08 12:49:13.112  1452  1452 V SystemServerTiming: OnBootPhase_520_com.android.server.stats.pull.StatsPullAtomService took to complete: 0ms
11-08 12:49:13.112  1452  1452 D SystemServerTiming: OnBootPhase_520_com.android.server.stats.bootstrap.StatsBootstrapAtomService$Lifecycle
11-08 12:49:13.112  1452  1452 V SystemServerTiming: OnBootPhase_520_com.android.server.stats.bootstrap.StatsBootstrapAtomService$Lifecycle took to complete: 0ms
11-08 12:49:13.112  1452  1452 D SystemServerTiming: OnBootPhase_520_com.android.server.incident.IncidentCompanionService
11-08 12:49:13.112  1452  1452 V SystemServerTiming: OnBootPhase_520_com.android.server.incident.IncidentCompanionService took to complete: 0ms
11-08 12:49:13.112  1452  1452 D SystemServerTiming: OnBootPhase_520_com.android.server.sdksandbox.SdkSandboxManagerService$Lifecycle
11-08 12:49:13.112  1452  1452 V SystemServerTiming: OnBootPhase_520_com.android.server.sdksandbox.SdkSandboxManagerService$Lifecycle took to complete: 0ms
11-08 12:49:13.112  1452  1452 D SystemServerTiming: OnBootPhase_520_com.android.server.adservices.AdServicesManagerService$Lifecycle
11-08 12:49:13.112  1452  1452 V SystemServerTiming: OnBootPhase_520_com.android.server.adservices.AdServicesManagerService$Lifecycle took to complete: 0ms
11-08 12:49:13.112  1452  1452 D SystemServerTiming: OnBootPhase_520_com.android.server.MmsServiceBroker
11-08 12:49:13.112  1452  1452 V SystemServerTiming: OnBootPhase_520_com.android.server.MmsServiceBroker took to complete: 0ms
11-08 12:49:13.112  1452  1452 D SystemServerTiming: OnBootPhase_520_com.android.server.autofill.AutofillManagerService
11-08 12:49:13.112  1452  1452 V SystemServerTiming: OnBootPhase_520_com.android.server.autofill.AutofillManagerService took to complete: 0ms
11-08 12:49:13.112  1452  1452 D SystemServerTiming: OnBootPhase_520_com.android.server.clipboard.ClipboardService
11-08 12:49:13.112  1452  1452 V SystemServerTiming: OnBootPhase_520_com.android.server.clipboard.ClipboardService took to complete: 0ms
11-08 12:49:13.112  1452  1452 D SystemServerTiming: OnBootPhase_520_com.android.server.appbinding.AppBindingService$Lifecycle
11-08 12:49:13.112  1452  1452 V SystemServerTiming: OnBootPhase_520_com.android.server.appbinding.AppBindingService$Lifecycle took to complete: 0ms
11-08 12:49:13.112  1452  1452 D SystemServerTiming: OnBootPhase_520_com.android.server.tracing.TracingServiceProxy
11-08 12:49:13.112  1452  1452 V SystemServerTiming: OnBootPhase_520_com.android.server.tracing.TracingServiceProxy took to complete: 0ms
11-08 12:49:13.112  1452  1452 D SystemServerTiming: OnBootPhase_520_org.lineageos.platform.internal.ProfileManagerService
11-08 12:49:13.112  1452  1452 V SystemServerTiming: OnBootPhase_520_org.lineageos.platform.internal.ProfileManagerService took to complete: 0ms
11-08 12:49:13.112  1452  1452 D SystemServerTiming: OnBootPhase_520_org.lineageos.platform.internal.LineageHardwareService
11-08 12:49:13.112  1452  1452 V SystemServerTiming: OnBootPhase_520_org.lineageos.platform.internal.LineageHardwareService took to complete: 0ms
11-08 12:49:13.112  1452  1452 D SystemServerTiming: OnBootPhase_520_org.lineageos.platform.internal.display.LiveDisplayService
11-08 12:49:13.112  1452  1452 V SystemServerTiming: OnBootPhase_520_org.lineageos.platform.internal.display.LiveDisplayService took to complete: 0ms
11-08 12:49:13.112  1452  1452 D SystemServerTiming: OnBootPhase_520_org.lineageos.platform.internal.TrustInterfaceService
11-08 12:49:13.112  1452  1452 V SystemServerTiming: OnBootPhase_520_org.lineageos.platform.internal.TrustInterfaceService took to complete: 0ms
11-08 12:49:13.112  1452  1452 D SystemServerTiming: OnBootPhase_520_org.lineageos.platform.internal.LineageSettingsService
11-08 12:49:13.112  1452  1452 V SystemServerTiming: OnBootPhase_520_org.lineageos.platform.internal.LineageSettingsService took to complete: 0ms
11-08 12:49:13.112  1452  1452 D SystemServerTiming: OnBootPhase_520_org.lineageos.platform.internal.LineageGlobalActionsService
11-08 12:49:13.112  1452  1452 V SystemServerTiming: OnBootPhase_520_org.lineageos.platform.internal.LineageGlobalActionsService took to complete: 0ms
11-08 12:49:13.112  1452  1452 D SystemServerTiming: OnBootPhase_520_org.lineageos.platform.internal.health.HealthInterfaceService
11-08 12:49:13.112  1452  1452 V SystemServerTiming: OnBootPhase_520_org.lineageos.platform.internal.health.HealthInterfaceService took to complete: 0ms
11-08 12:49:13.112  1452  1452 D SystemServerTiming: OnBootPhase_520_com.android.server.policy.PermissionPolicyService
11-08 12:49:13.116  1452  1452 V SystemServerTiming: OnBootPhase_520_com.android.server.policy.PermissionPolicyService took to complete: 3ms
11-08 12:49:13.116  1452  1452 D SystemServerTiming: OnBootPhase_520_com.android.server.pm.StagingManager$Lifecycle
11-08 12:49:13.116  1452  1452 V SystemServerTiming: OnBootPhase_520_com.android.server.pm.StagingManager$Lifecycle took to complete: 0ms
11-08 12:49:13.116  1452  1452 D SystemServerTiming: OnBootPhase_520_com.android.server.app.GameManagerService$Lifecycle
11-08 12:49:13.116  1452  1452 V SystemServerTiming: OnBootPhase_520_com.android.server.app.GameManagerService$Lifecycle took to complete: 0ms
11-08 12:49:13.116  1452  1452 V SystemServerTiming: OnBootPhase_520 took to complete: 24ms
11-08 12:49:13.116  1452  1452 V SystemServerTiming: StartBootPhaseDeviceSpecificServicesReady took to complete: 25ms
11-08 12:49:13.116  1452  1452 D SystemServerTiming: StartSafetyCenterService
11-08 12:49:13.116  1452  1452 I SystemServiceManager: Starting com.android.safetycenter.SafetyCenterService
11-08 12:49:13.130  1452  1452 V SystemServerTiming: StartSafetyCenterService took to complete: 14ms
11-08 12:49:13.130  1452  1452 D SystemServerTiming: AppSearchModule
11-08 12:49:13.132  1452  1452 I SystemServiceManager: Starting com.android.server.appsearch.AppSearchModule$Lifecycle
11-08 12:49:13.135  1452  1478 I DisplayDeviceRepository: Display device changed: DisplayDeviceInfo{"Built-in Screen": uniqueId="local:0", 1080 x 2400, modeId 3, defaultModeId 1, supportedModes [{id=1, width=1080, height=2400, fps=60.0, alternativeRefreshRates=[90.0, 120.00001, 144.00002]}, {id=2, width=1080, height=2400, fps=144.00002, alternativeRefreshRates=[60.0, 90.0, 120.00001]}, {id=3, width=1080, height=2400, fps=120.00001, alternativeRefreshRates=[60.0, 90.0, 144.00002]}, {id=4, width=1080, height=2400, fps=90.0, alternativeRefreshRates=[60.0, 120.00001, 144.00002]}], colorMode 0, supportedColorModes [0, 7, 9], hdrCapabilities HdrCapabilities{mSupportedHdrTypes=[2, 3, 4], mMaxLuminance=500.0, mMaxAverageLuminance=500.0, mMinLuminance=0.0}, allmSupported false, gameContentTypeSupported false, density 400, 401.898 x 401.898 dpi, appVsyncOff 2000000, presDeadline 8333333, cutout DisplayCutout{insets=Rect(0, 106 - 0, 0) waterfall=Insets{left=0, top=0, right=0, bottom=0} boundingRect={Bounds=[Rect(0, 0 - 0, 0), Rect(504, 0 - 576, 106), Rect(0, 0 - 0, 0), Rect(0, 0 - 0, 0)]} cutoutPathParserInfo={CutoutPathParserInfo{displayWidth=1080 displayHeight=2400 physicalDisplayWidth=1080 physicalDisplayHeight=2400 density={2.5} cutoutSpec={M 36,0 L -36,0 L -26,106 L 26,106 Z} rotation={0} scale={1.0} physicalPixelDisplaySizeRatio={1.0}}}}, touch INTERNAL, rotation 0, type INTERNAL, address {port=0}, deviceProductInfo null, state ON, committedState ON, frameRateOverride , brightnessMinimum 0.0, brightnessMaximum 1.0, brightnessDefault 0.38188976, FLAG_ALLOWED_TO_BE_DEFAULT_DISPLAY, FLAG_ROTATES_WITH_CONTENT, FLAG_SECURE, FLAG_SUPPORTS_PROTECTED_BUFFERS, installOrientation 0}
11-08 12:49:13.141  1452  1452 V SystemServerTiming: AppSearchModule took to complete: 10ms
11-08 12:49:13.141  1452  1452 D SystemServerTiming: StartMediaCommunicationService
11-08 12:49:13.141  1452  1452 I SystemServiceManager: Starting com.android.server.media.MediaCommunicationService
11-08 12:49:13.143  1452  1452 V SystemServerTiming: StartMediaCommunicationService took to complete: 2ms
11-08 12:49:13.143  1452  1452 D SystemServerTiming: AppCompatOverridesService
11-08 12:49:13.143  1452  1452 I SystemServiceManager: Starting com.android.server.compat.overrides.AppCompatOverridesService$Lifecycle
11-08 12:49:13.146  1452  1452 V SystemServerTiming: AppCompatOverridesService took to complete: 3ms
11-08 12:49:13.146  1452  1452 D SystemServerTiming: PhaseActivityManagerReady
11-08 12:49:13.146  1452  1452 D SystemServerTiming: controllersReady
11-08 12:49:13.151  1452  1792 D SystemServerTimingAsync: InitThreadPoolExec:Update app-ops uidState in case package android changed
11-08 12:49:13.151  1452  1792 D SystemServerInitThreadPool: Started executing Update app-ops uidState in case package android changed
11-08 12:49:13.151  1452  1792 D SystemServerInitThreadPool: Finished executing Update app-ops uidState in case package android changed
11-08 12:49:13.152  1452  1792 V SystemServerTimingAsync: InitThreadPoolExec:Update app-ops uidState in case package android changed took to complete: 0ms
11-08 12:49:13.162  1452  1452 V SystemServerTiming: controllersReady took to complete: 16ms
11-08 12:49:13.164  1452  1452 D SystemServerTiming: killProcesses
11-08 12:49:13.164  1452  1452 V SystemServerTiming: killProcesses took to complete: 0ms
11-08 12:49:13.164  1452  1452 I ActivityManager: System now ready
11-08 12:49:13.164  1452  1452 D SystemServerTiming: updateTopComponentForFactoryTest
11-08 12:49:13.165  1452  1452 V SystemServerTiming: updateTopComponentForFactoryTest took to complete: 1ms
11-08 12:49:13.166  1452  1452 D SystemServerTiming: registerActivityLaunchObserver
11-08 12:49:13.166  1452  1452 V SystemServerTiming: registerActivityLaunchObserver took to complete: 0ms
11-08 12:49:13.167  1452  1452 D SystemServerTiming: watchDeviceProvisioning
11-08 12:49:13.167  1452  1452 V SystemServerTiming: watchDeviceProvisioning took to complete: 1ms
11-08 12:49:13.167  1452  1452 D SystemServerTiming: retrieveSettings
11-08 12:49:13.169  1452  1452 I ActivityTaskManager: Config changes=10000000 {1.0 ?mcc?mnc [en_US] ldltr sw432dp w432dp h918dp 400dpi nrml long port night finger -keyb/h/h -nav/h winConfig={ mBounds=Rect(0, 0 - 1080, 2400) mAppBounds=Rect(0, 106 - 1080, 2400) mMaxBounds=Rect(0, 0 - 1080, 2400) mDisplayRotation=ROTATION_0 mWindowingMode=fullscreen mDisplayWindowingMode=fullscreen mActivityType=undefined mAlwaysOnTop=undefined mRotation=ROTATION_0} s.8 fontWeightAdjustment=0}
11-08 12:49:13.170  1452  1452 I WindowManager: Override config changes=10000000 {1.0 ?mcc?mnc [en_US] ldltr sw432dp w432dp h918dp 400dpi nrml long port night finger -keyb/h/h -nav/h winConfig={ mBounds=Rect(0, 0 - 1080, 2400) mAppBounds=Rect(0, 106 - 1080, 2400) mMaxBounds=Rect(0, 0 - 1080, 2400) mDisplayRotation=ROTATION_0 mWindowingMode=fullscreen mDisplayWindowingMode=fullscreen mActivityType=undefined mAlwaysOnTop=undefined mRotation=ROTATION_0} s.8 fontWeightAdjustment=0} for displayId=0
11-08 12:49:13.173  1452  1452 V SystemServerTiming: retrieveSettings took to complete: 6ms
11-08 12:49:13.173  1452  1452 D SystemServerTiming: Ugm.onSystemReady
11-08 12:49:13.174  1452  1452 V SystemServerTiming: Ugm.onSystemReady took to complete: 1ms
11-08 12:49:13.174  1452  1452 D SystemServerTiming: updateForceBackgroundCheck
11-08 12:49:13.175  1452  1452 V SystemServerTiming: updateForceBackgroundCheck took to complete: 0ms
11-08 12:49:13.175  1452  1452 I SystemServer: Making services ready
11-08 12:49:13.175  1452  1452 D SystemServerTiming: StartActivityManagerReadyPhase
11-08 12:49:13.175  1452  1452 I SystemServiceManager: Starting phase 550
11-08 12:49:13.175  1452  1452 D SystemServerTiming: OnBootPhase_550
11-08 12:49:13.175  1452  1452 D SystemServerTiming: OnBootPhase_550_com.android.server.security.FileIntegrityService
11-08 12:49:13.175  1452  1452 V SystemServerTiming: OnBootPhase_550_com.android.server.security.FileIntegrityService took to complete: 0ms
11-08 12:49:13.175  1452  1452 D SystemServerTiming: OnBootPhase_550_com.android.server.pm.Installer
11-08 12:49:13.175  1452  1452 V SystemServerTiming: OnBootPhase_550_com.android.server.pm.Installer took to complete: 0ms
11-08 12:49:13.175  1452  1452 D SystemServerTiming: OnBootPhase_550_com.android.server.os.DeviceIdentifiersPolicyService
11-08 12:49:13.175  1452  1452 V SystemServerTiming: OnBootPhase_550_com.android.server.os.DeviceIdentifiersPolicyService took to complete: 0ms
11-08 12:49:13.175  1452  1452 D SystemServerTiming: OnBootPhase_550_com.android.server.uri.UriGrantsManagerService$Lifecycle
11-08 12:49:13.175  1452  1452 V SystemServerTiming: OnBootPhase_550_com.android.server.uri.UriGrantsManagerService$Lifecycle took to complete: 0ms
11-08 12:49:13.175  1452  1452 D SystemServerTiming: OnBootPhase_550_com.android.server.powerstats.PowerStatsService
11-08 12:49:13.175  1452  1452 V SystemServerTiming: OnBootPhase_550_com.android.server.powerstats.PowerStatsService took to complete: 0ms
11-08 12:49:13.175  1452  1452 D SystemServerTiming: OnBootPhase_550_com.android.server.wm.ActivityTaskManagerService$Lifecycle
11-08 12:49:13.175  1452  1452 V SystemServerTiming: OnBootPhase_550_com.android.server.wm.ActivityTaskManagerService$Lifecycle took to complete: 0ms
11-08 12:49:13.175  1452  1452 D SystemServerTiming: OnBootPhase_550_com.android.server.am.ActivityManagerService$Lifecycle
11-08 12:49:13.176  1452  1452 V SystemServerTiming: OnBootPhase_550_com.android.server.am.ActivityManagerService$Lifecycle took to complete: 1ms
11-08 12:49:13.176  1452  1452 D SystemServerTiming: OnBootPhase_550_com.android.server.pm.DataLoaderManagerService
11-08 12:49:13.176  1452  1452 V SystemServerTiming: OnBootPhase_550_com.android.server.pm.DataLoaderManagerService took to complete: 0ms
11-08 12:49:13.176  1452  1452 D SystemServerTiming: OnBootPhase_550_com.android.server.power.PowerManagerService
11-08 12:49:13.177  1452  1452 V SystemServerTiming: OnBootPhase_550_com.android.server.power.PowerManagerService took to complete: 0ms
11-08 12:49:13.177  1452  1452 D SystemServerTiming: OnBootPhase_550_com.android.server.power.ThermalManagerService
11-08 12:49:13.179  1452  1452 I ThermalHalWrapper: Thermal HAL 2.0 service connected.
11-08 12:49:13.183  1452  1452 V SystemServerTiming: OnBootPhase_550_com.android.server.power.ThermalManagerService took to complete: 7ms
11-08 12:49:13.183  1452  1452 D SystemServerTiming: OnBootPhase_550_com.android.server.power.hint.HintManagerService
11-08 12:49:13.183  1452  1452 V SystemServerTiming: OnBootPhase_550_com.android.server.power.hint.HintManagerService took to complete: 0ms
11-08 12:49:13.183  1452  1452 D SystemServerTiming: OnBootPhase_550_com.android.server.recoverysystem.RecoverySystemService$Lifecycle
11-08 12:49:13.183  1452  1452 V SystemServerTiming: OnBootPhase_550_com.android.server.recoverysystem.RecoverySystemService$Lifecycle took to complete: 0ms
11-08 12:49:13.183  1452  1452 D SystemServerTiming: OnBootPhase_550_com.android.server.lights.LightsService
11-08 12:49:13.183  1452  1452 V SystemServerTiming: OnBootPhase_550_com.android.server.lights.LightsService took to complete: 0ms
11-08 12:49:13.183  1452  1452 D SystemServerTiming: OnBootPhase_550_com.android.server.display.DisplayManagerService
11-08 12:49:13.183  1452  1452 V SystemServerTiming: OnBootPhase_550_com.android.server.display.DisplayManagerService took to complete: 0ms
11-08 12:49:13.183  1452  1452 D SystemServerTiming: OnBootPhase_550_com.android.server.pm.verify.domain.DomainVerificationService
11-08 12:49:13.183  1452  1452 V SystemServerTiming: OnBootPhase_550_com.android.server.pm.verify.domain.DomainVerificationService took to complete: 0ms
11-08 12:49:13.183  1452  1452 D SystemServerTiming: OnBootPhase_550_com.android.server.pm.PackageInstallerService$Lifecycle
11-08 12:49:13.183  1452  1452 V SystemServerTiming: OnBootPhase_550_com.android.server.pm.PackageInstallerService$Lifecycle took to complete: 0ms
11-08 12:49:13.183  1452  1452 D SystemServerTiming: OnBootPhase_550_com.android.server.pm.UserManagerService$LifeCycle
11-08 12:49:13.184  1452  1452 V SystemServerTiming: OnBootPhase_550_com.android.server.pm.UserManagerService$LifeCycle took to complete: 1ms
11-08 12:49:13.184  1452  1452 D SystemServerTiming: OnBootPhase_550_com.android.server.om.OverlayManagerService
11-08 12:49:13.184  1452  1452 V SystemServerTiming: OnBootPhase_550_com.android.server.om.OverlayManagerService took to complete: 0ms
11-08 12:49:13.184  1452  1452 D SystemServerTiming: OnBootPhase_550_com.android.server.resources.ResourcesManagerService
11-08 12:49:13.184  1452  1452 V SystemServerTiming: OnBootPhase_550_com.android.server.resources.ResourcesManagerService took to complete: 0ms
11-08 12:49:13.184  1452  1452 D SystemServerTiming: OnBootPhase_550_com.android.server.sensorprivacy.SensorPrivacyService
11-08 12:49:13.186  1452  1452 V SystemServerTiming: OnBootPhase_550_com.android.server.sensorprivacy.SensorPrivacyService took to complete: 2ms
11-08 12:49:13.186  1452  1452 D SystemServerTiming: OnBootPhase_550_com.android.server.sensors.SensorService
11-08 12:49:13.186  1452  1452 V SystemServerTiming: OnBootPhase_550_com.android.server.sensors.SensorService took to complete: 0ms
11-08 12:49:13.186  1452  1452 D SystemServerTiming: OnBootPhase_550_com.android.server.SystemConfigService
11-08 12:49:13.186  1452  1452 V SystemServerTiming: OnBootPhase_550_com.android.server.SystemConfigService took to complete: 0ms
11-08 12:49:13.186  1452  1452 D SystemServerTiming: OnBootPhase_550_com.android.server.BatteryService
11-08 12:49:13.187  1452  1452 V SystemServerTiming: OnBootPhase_550_com.android.server.BatteryService took to complete: 1ms
11-08 12:49:13.187  1452  1452 D SystemServerTiming: OnBootPhase_550_com.android.server.usage.UsageStatsService
11-08 12:49:13.187  1452  1452 V SystemServerTiming: OnBootPhase_550_com.android.server.usage.UsageStatsService took to complete: 0ms
11-08 12:49:13.187  1452  1452 D SystemServerTiming: OnBootPhase_550_com.android.server.webkit.WebViewUpdateService
11-08 12:49:13.187  1452  1452 V SystemServerTiming: OnBootPhase_550_com.android.server.webkit.WebViewUpdateService took to complete: 0ms
11-08 12:49:13.187  1452  1452 D SystemServerTiming: OnBootPhase_550_com.android.server.CachedDeviceStateService
11-08 12:49:13.187  1452  1452 V SystemServerTiming: OnBootPhase_550_com.android.server.CachedDeviceStateService took to complete: 0ms
11-08 12:49:13.187  1452  1452 D SystemServerTiming: OnBootPhase_550_com.android.server.BinderCallsStatsService$LifeCycle
11-08 12:49:13.187  1452  1452 V SystemServerTiming: OnBootPhase_550_com.android.server.BinderCallsStatsService$LifeCycle took to complete: 0ms
11-08 12:49:13.187  1452  1452 D SystemServerTiming: OnBootPhase_550_com.android.server.LooperStatsService$Lifecycle
11-08 12:49:13.187  1452  1452 V SystemServerTiming: OnBootPhase_550_com.android.server.LooperStatsService$Lifecycle took to complete: 0ms
11-08 12:49:13.187  1452  1452 D SystemServerTiming: OnBootPhase_550_com.android.server.rollback.RollbackManagerService
11-08 12:49:13.187  1452  1452 V SystemServerTiming: OnBootPhase_550_com.android.server.rollback.RollbackManagerService took to complete: 0ms
11-08 12:49:13.187  1452  1452 D SystemServerTiming: OnBootPhase_550_com.android.server.os.NativeTombstoneManagerService
11-08 12:49:13.188  1452  1452 V SystemServerTiming: OnBootPhase_550_com.android.server.os.NativeTombstoneManagerService took to complete: 1ms
11-08 12:49:13.188  1452  1452 D SystemServerTiming: OnBootPhase_550_com.android.server.os.BugreportManagerService
11-08 12:49:13.188  1452  1452 V SystemServerTiming: OnBootPhase_550_com.android.server.os.BugreportManagerService took to complete: 0ms
11-08 12:49:13.188  1452  1452 D SystemServerTiming: OnBootPhase_550_com.android.server.gpu.GpuService
11-08 12:49:13.188  1452  1452 V SystemServerTiming: OnBootPhase_550_com.android.server.gpu.GpuService took to complete: 0ms
11-08 12:49:13.188  1452  1452 D SystemServerTiming: OnBootPhase_550_com.android.server.security.KeyChainSystemService
11-08 12:49:13.188  1452  1452 V SystemServerTiming: OnBootPhase_550_com.android.server.security.KeyChainSystemService took to complete: 0ms
11-08 12:49:13.188  1452  1452 D SystemServerTiming: OnBootPhase_550_com.android.server.BinaryTransparencyService
11-08 12:49:13.188  1452  1452 V SystemServerTiming: OnBootPhase_550_com.android.server.BinaryTransparencyService took to complete: 0ms
11-08 12:49:13.188  1452  1452 D SystemServerTiming: OnBootPhase_550_com.android.server.telecom.TelecomLoaderService
11-08 12:49:13.190  1452  1452 W ActivityManager: Too early to start/bind service in system_server: Phase=550 ComponentInfo{com.android.server.telecom/com.android.server.telecom.components.TelecomService}
11-08 12:49:13.190  1452  1452 D CompatibilityChangeReporter: Compat change id reported: 168419799; UID 1000; state: DISABLED
11-08 12:49:13.190  1452  1452 D CompatibilityChangeReporter: Compat change id reported: 273564678; UID 1000; state: DISABLED
11-08 12:49:13.191  1452  1452 W ActivityManager: Too early to start/bind service in system_server: Phase=550 ComponentInfo{com.android.server.telecom/com.android.server.telecom.components.TelecomService}
11-08 12:49:13.191  1452  1452 D OomAdjuster: Not killing cached processes
11-08 12:49:13.191  1452  1452 V SystemServerTiming: OnBootPhase_550_com.android.server.telecom.TelecomLoaderService took to complete: 3ms
11-08 12:49:13.191  1452  1452 D SystemServerTiming: OnBootPhase_550_com.android.server.accounts.AccountManagerService$Lifecycle
11-08 12:49:13.191  1452  1452 V SystemServerTiming: OnBootPhase_550_com.android.server.accounts.AccountManagerService$Lifecycle took to complete: 0ms
11-08 12:49:13.191  1452  1452 D SystemServerTiming: OnBootPhase_550_com.android.server.content.ContentService$Lifecycle
11-08 12:49:13.191  1452  1452 V SystemServerTiming: OnBootPhase_550_com.android.server.content.ContentService$Lifecycle took to complete: 0ms
11-08 12:49:13.191  1452  1452 D SystemServerTiming: OnBootPhase_550_com.android.server.DropBoxManagerService
11-08 12:49:13.191  1452  1452 V SystemServerTiming: OnBootPhase_550_com.android.server.DropBoxManagerService took to complete: 0ms
11-08 12:49:13.191  1452  1452 D SystemServerTiming: OnBootPhase_550_com.android.role.RoleService
11-08 12:49:13.191  1452  1452 V SystemServerTiming: OnBootPhase_550_com.android.role.RoleService took to complete: 0ms
11-08 12:49:13.191  1452  1452 D SystemServerTiming: OnBootPhase_550_com.android.server.vibrator.VibratorManagerService$Lifecycle
11-08 12:49:13.191  1452  1452 V SystemServerTiming: OnBootPhase_550_com.android.server.vibrator.VibratorManagerService$Lifecycle took to complete: 0ms
11-08 12:49:13.191  1452  1452 D SystemServerTiming: OnBootPhase_550_com.android.server.tare.InternalResourceService
11-08 12:49:13.191  1452  1452 V SystemServerTiming: OnBootPhase_550_com.android.server.tare.InternalResourceService took to complete: 0ms
11-08 12:49:13.191  1452  1452 D SystemServerTiming: OnBootPhase_550_com.android.server.alarm.AlarmManagerService
11-08 12:49:13.191  1452  1452 V SystemServerTiming: OnBootPhase_550_com.android.server.alarm.AlarmManagerService took to complete: 0ms
11-08 12:49:13.191  1452  1452 D SystemServerTiming: OnBootPhase_550_com.android.server.devicestate.DeviceStateManagerService
11-08 12:49:13.191  1452  1452 V SystemServerTiming: OnBootPhase_550_com.android.server.devicestate.DeviceStateManagerService took to complete: 0ms
11-08 12:49:13.191  1452  1452 D SystemServerTiming: OnBootPhase_550_com.android.server.camera.CameraServiceProxy
11-08 12:49:13.191  1452  1452 V SystemServerTiming: OnBootPhase_550_com.android.server.camera.CameraServiceProxy took to complete: 0ms
11-08 12:49:13.192  1452  1452 D SystemServerTiming: OnBootPhase_550_com.android.server.bluetooth.BluetoothService
11-08 12:49:13.192  1452  1452 V SystemServerTiming: OnBootPhase_550_com.android.server.bluetooth.BluetoothService took to complete: 0ms
11-08 12:49:13.192  1452  1452 D SystemServerTiming: OnBootPhase_550_com.android.server.connectivity.IpConnectivityMetrics
11-08 12:49:13.192  1452  1452 V SystemServerTiming: OnBootPhase_550_com.android.server.connectivity.IpConnectivityMetrics took to complete: 0ms
11-08 12:49:13.192  1452  1452 D SystemServerTiming: OnBootPhase_550_com.android.server.net.watchlist.NetworkWatchlistService$Lifecycle
11-08 12:49:13.193  1452  1452 V SystemServerTiming: OnBootPhase_550_com.android.server.net.watchlist.NetworkWatchlistService$Lifecycle took to complete: 1ms
11-08 12:49:13.193  1452  1452 D SystemServerTiming: OnBootPhase_550_com.android.server.PinnerService
11-08 12:49:13.193  1452  1452 V SystemServerTiming: OnBootPhase_550_com.android.server.PinnerService took to complete: 0ms
11-08 12:49:13.193  1452  1452 D SystemServerTiming: OnBootPhase_550_com.android.server.integrity.AppIntegrityManagerService
11-08 12:49:13.193  1452  1452 V SystemServerTiming: OnBootPhase_550_com.android.server.integrity.AppIntegrityManagerService took to complete: 0ms
11-08 12:49:13.193  1452  1452 D SystemServerTiming: OnBootPhase_550_com.android.server.logcat.LogcatManagerService
11-08 12:49:13.193  1452  1452 V SystemServerTiming: OnBootPhase_550_com.android.server.logcat.LogcatManagerService took to complete: 0ms
11-08 12:49:13.193  1452  1452 D SystemServerTiming: OnBootPhase_550_com.android.server.inputmethod.InputMethodManagerService$Lifecycle
11-08 12:49:13.198  1452  1804 D SystemServerTimingAsync: InitThreadPoolExec:Lazily initialize IMMS#mImeDrawsImeNavBarRes
11-08 12:49:13.199  1452  1804 D SystemServerInitThreadPool: Started executing Lazily initialize IMMS#mImeDrawsImeNavBarRes
11-08 12:49:13.229  1452  1452 V SystemServerTiming: OnBootPhase_550_com.android.server.inputmethod.InputMethodManagerService$Lifecycle took to complete: 36ms
11-08 12:49:13.229  1452  1452 D SystemServerTiming: OnBootPhase_550_com.android.server.accessibility.AccessibilityManagerService$Lifecycle
11-08 12:49:13.229  1452  1452 V SystemServerTiming: OnBootPhase_550_com.android.server.accessibility.AccessibilityManagerService$Lifecycle took to complete: 0ms
11-08 12:49:13.229  1452  1452 D SystemServerTiming: OnBootPhase_550_com.android.server.StorageManagerService$Lifecycle
11-08 12:49:13.229  1452  1452 V SystemServerTiming: OnBootPhase_550_com.android.server.StorageManagerService$Lifecycle took to complete: 0ms
11-08 12:49:13.229  1452  1452 D SystemServerTiming: OnBootPhase_550_com.android.server.usage.StorageStatsService$Lifecycle
11-08 12:49:13.229  1452  1452 V SystemServerTiming: OnBootPhase_550_com.android.server.usage.StorageStatsService$Lifecycle took to complete: 0ms
11-08 12:49:13.229  1452  1452 D SystemServerTiming: OnBootPhase_550_com.android.server.UiModeManagerService
11-08 12:49:13.229  1452  1452 V SystemServerTiming: OnBootPhase_550_com.android.server.UiModeManagerService took to complete: 0ms
11-08 12:49:13.229  1452  1452 D SystemServerTiming: OnBootPhase_550_com.android.server.locales.LocaleManagerService
11-08 12:49:13.229  1452  1452 V SystemServerTiming: OnBootPhase_550_com.android.server.locales.LocaleManagerService took to complete: 0ms
11-08 12:49:13.229  1452  1452 D SystemServerTiming: OnBootPhase_550_com.android.server.locksettings.LockSettingsService$Lifecycle
11-08 12:49:13.232  1452  1804 D SystemServerInitThreadPool: Finished executing Lazily initialize IMMS#mImeDrawsImeNavBarRes
11-08 12:49:13.232  1452  1804 V SystemServerTimingAsync: InitThreadPoolExec:Lazily initialize IMMS#mImeDrawsImeNavBarRes took to complete: 34ms
11-08 12:49:13.278  1452  1452 I LockSettingsService: Migrated migrated_frp.
11-08 12:49:13.278  1452  1452 I RebootEscrowManager: No reboot escrow data found for users, skipping loading escrow data
11-08 12:49:13.283  1452  1452 W SystemServiceManager: Service com.android.server.locksettings.LockSettingsService$Lifecycle took 54 ms in onBootPhase
11-08 12:49:13.284  1452  1452 V SystemServerTiming: OnBootPhase_550_com.android.server.locksettings.LockSettingsService$Lifecycle took to complete: 54ms
11-08 12:49:13.284  1452  1452 D SystemServerTiming: OnBootPhase_550_com.android.server.PersistentDataBlockService
11-08 12:49:13.284  1452  1452 V SystemServerTiming: OnBootPhase_550_com.android.server.PersistentDataBlockService took to complete: 0ms
11-08 12:49:13.284  1452  1452 D SystemServerTiming: OnBootPhase_550_com.android.server.testharness.TestHarnessModeService
11-08 12:49:13.284  1452  1452 V SystemServerTiming: OnBootPhase_550_com.android.server.testharness.TestHarnessModeService took to complete: 0ms
11-08 12:49:13.284  1452  1452 D SystemServerTiming: OnBootPhase_550_com.android.server.oemlock.OemLockService
11-08 12:49:13.284  1452  1452 V SystemServerTiming: OnBootPhase_550_com.android.server.oemlock.OemLockService took to complete: 0ms
11-08 12:49:13.284  1452  1452 D SystemServerTiming: OnBootPhase_550_com.android.server.DeviceIdleController
11-08 12:49:13.284  1452  1452 V SystemServerTiming: OnBootPhase_550_com.android.server.DeviceIdleController took to complete: 0ms
11-08 12:49:13.284  1452  1452 D SystemServerTiming: OnBootPhase_550_com.android.server.devicepolicy.DevicePolicyManagerService$Lifecycle
11-08 12:49:13.284  1452  1452 V SystemServerTiming: OnBootPhase_550_com.android.server.devicepolicy.DevicePolicyManagerService$Lifecycle took to complete: 0ms
11-08 12:49:13.284  1452  1452 D SystemServerTiming: OnBootPhase_550_com.android.server.texttospeech.TextToSpeechManagerService
11-08 12:49:13.284  1452  1452 V SystemServerTiming: OnBootPhase_550_com.android.server.texttospeech.TextToSpeechManagerService took to complete: 0ms
11-08 12:49:13.284  1452  1452 D SystemServerTiming: OnBootPhase_550_com.android.server.ambientcontext.AmbientContextManagerService
11-08 12:49:13.284  1452  1452 V SystemServerTiming: OnBootPhase_550_com.android.server.ambientcontext.AmbientContextManagerService took to complete: 0ms
11-08 12:49:13.284  1452  1452 D SystemServerTiming: OnBootPhase_550_com.android.server.speech.SpeechRecognitionManagerService
11-08 12:49:13.284  1452  1452 V SystemServerTiming: OnBootPhase_550_com.android.server.speech.SpeechRecognitionManagerService took to complete: 0ms
11-08 12:49:13.284  1452  1452 D SystemServerTiming: OnBootPhase_550_com.android.server.searchui.SearchUiManagerService
11-08 12:49:13.284  1452  1452 V SystemServerTiming: OnBootPhase_550_com.android.server.searchui.SearchUiManagerService took to complete: 0ms
11-08 12:49:13.284  1452  1452 D SystemServerTiming: OnBootPhase_550_com.android.server.smartspace.SmartspaceManagerService
11-08 12:49:13.284  1452  1452 V SystemServerTiming: OnBootPhase_550_com.android.server.smartspace.SmartspaceManagerService took to complete: 0ms
11-08 12:49:13.284  1452  1452 D SystemServerTiming: OnBootPhase_550_com.android.server.graphics.fonts.FontManagerService$Lifecycle
11-08 12:49:13.284  1452  1452 V SystemServerTiming: OnBootPhase_550_com.android.server.graphics.fonts.FontManagerService$Lifecycle took to complete: 0ms
11-08 12:49:13.284  1452  1452 D SystemServerTiming: OnBootPhase_550_com.android.server.textservices.TextServicesManagerService$Lifecycle
11-08 12:49:13.284  1452  1452 V SystemServerTiming: OnBootPhase_550_com.android.server.textservices.TextServicesManagerService$Lifecycle took to complete: 0ms
11-08 12:49:13.284  1452  1452 D SystemServerTiming: OnBootPhase_550_com.android.server.textclassifier.TextClassificationManagerService$Lifecycle
11-08 12:49:13.285  1452  1452 V SystemServerTiming: OnBootPhase_550_com.android.server.textclassifier.TextClassificationManagerService$Lifecycle took to complete: 0ms
11-08 12:49:13.285  1452  1452 D SystemServerTiming: OnBootPhase_550_com.android.server.NetworkScoreService$Lifecycle
11-08 12:49:13.285  1452  1452 V SystemServerTiming: OnBootPhase_550_com.android.server.NetworkScoreService$Lifecycle took to complete: 0ms
11-08 12:49:13.285  1452  1452 D SystemServerTiming: OnBootPhase_550_com.android.server.NetworkStatsServiceInitializer
11-08 12:49:13.310  1452  1452 V SystemServerTiming: OnBootPhase_550_com.android.server.NetworkStatsServiceInitializer took to complete: 25ms
11-08 12:49:13.310  1452  1452 D SystemServerTiming: OnBootPhase_550_com.android.server.wifi.WifiService
11-08 12:49:13.310  1452  1452 V SystemServerTiming: OnBootPhase_550_com.android.server.wifi.WifiService took to complete: 0ms
11-08 12:49:13.310  1452  1452 D SystemServerTiming: OnBootPhase_550_com.android.server.wifi.scanner.WifiScanningService
11-08 12:49:13.310  1452  1452 V SystemServerTiming: OnBootPhase_550_com.android.server.wifi.scanner.WifiScanningService took to complete: 0ms
11-08 12:49:13.310  1452  1452 D SystemServerTiming: OnBootPhase_550_com.android.server.wifi.p2p.WifiP2pService
11-08 12:49:13.310  1452  1452 V SystemServerTiming: OnBootPhase_550_com.android.server.wifi.p2p.WifiP2pService took to complete: 0ms
11-08 12:49:13.311  1452  1452 D SystemServerTiming: OnBootPhase_550_com.android.server.ConnectivityServiceInitializer
11-08 12:49:13.311  1452  1452 V SystemServerTiming: OnBootPhase_550_com.android.server.ConnectivityServiceInitializer took to complete: 0ms
11-08 12:49:13.311  1452  1452 D SystemServerTiming: OnBootPhase_550_com.android.server.notification.NotificationManagerService
11-08 12:49:13.311  1452  1452 V SystemServerTiming: OnBootPhase_550_com.android.server.notification.NotificationManagerService took to complete: 1ms
11-08 12:49:13.311  1452  1452 D SystemServerTiming: OnBootPhase_550_com.android.server.storage.DeviceStorageMonitorService
11-08 12:49:13.311  1452  1452 V SystemServerTiming: OnBootPhase_550_com.android.server.storage.DeviceStorageMonitorService took to complete: 0ms
11-08 12:49:13.311  1452  1452 D SystemServerTiming: OnBootPhase_550_com.android.server.location.LocationManagerService$Lifecycle
11-08 12:49:13.311  1452  1452 V SystemServerTiming: OnBootPhase_550_com.android.server.location.LocationManagerService$Lifecycle took to complete: 0ms
11-08 12:49:13.311  1452  1452 D SystemServerTiming: OnBootPhase_550_com.android.server.timedetector.TimeDetectorService$Lifecycle
11-08 12:49:13.311  1452  1452 V SystemServerTiming: OnBootPhase_550_com.android.server.timedetector.TimeDetectorService$Lifecycle took to complete: 0ms
11-08 12:49:13.311  1452  1452 D SystemServerTiming: OnBootPhase_550_com.android.server.timezonedetector.TimeZoneDetectorService$Lifecycle
11-08 12:49:13.311  1452  1452 V SystemServerTiming: OnBootPhase_550_com.android.server.timezonedetector.TimeZoneDetectorService$Lifecycle took to complete: 0ms
11-08 12:49:13.311  1452  1452 D SystemServerTiming: OnBootPhase_550_com.android.server.timezonedetector.location.LocationTimeZoneManagerService$Lifecycle
11-08 12:49:13.311  1452  1452 V SystemServerTiming: OnBootPhase_550_com.android.server.timezonedetector.location.LocationTimeZoneManagerService$Lifecycle took to complete: 0ms
11-08 12:49:13.311  1452  1452 D SystemServerTiming: OnBootPhase_550_com.android.server.search.SearchManagerService$Lifecycle
11-08 12:49:13.311  1452  1452 V SystemServerTiming: OnBootPhase_550_com.android.server.search.SearchManagerService$Lifecycle took to complete: 0ms
11-08 12:49:13.311  1452  1452 D SystemServerTiming: OnBootPhase_550_com.android.server.wallpaper.WallpaperManagerService$Lifecycle
11-08 12:49:13.313  1452  1452 I WallpaperManagerService: No static wallpaper imagery; defaults will be shown
11-08 12:49:13.313  1452  1452 V WallpaperManagerService: bindWallpaperComponentLocked: componentName=ComponentInfo{com.android.systemui/com.android.systemui.wallpapers.ImageWallpaper}
11-08 12:49:13.313  1452  1452 D WallpaperManagerService: WPMS.bindWallpaperComponentLocked-ComponentInfo{com.android.systemui/com.android.systemui.wallpapers.ImageWallpaper}
11-08 12:49:13.317  1452  1452 D CompatibilityChangeReporter: Compat change id reported: 135634846; UID 10123; state: DISABLED
11-08 12:49:13.317  1452  1452 D CompatibilityChangeReporter: Compat change id reported: 177438394; UID 10123; state: DISABLED
11-08 12:49:13.317  1452  1452 D CompatibilityChangeReporter: Compat change id reported: 135772972; UID 10123; state: DISABLED
11-08 12:49:13.317  1452  1452 D CompatibilityChangeReporter: Compat change id reported: 135754954; UID 10123; state: ENABLED
11-08 12:49:13.318  1452  1452 V WallpaperManagerService: WPMS.bindWallpaperComponentLocked-ComponentInfo{com.android.systemui/com.android.systemui.wallpapers.ImageWallpaper} took to complete: 5ms
11-08 12:49:13.318  1452  1493 D CompatibilityChangeReporter: Compat change id reported: 143937733; UID 10123; state: ENABLED
11-08 12:49:13.318  1452  1493 W ActivityManager: com.android.systemui inode == 0 (b/152760674)
11-08 12:49:13.318  1452  1452 W WallpaperManagerService: no current wallpaper -- first boot?
11-08 12:49:13.319  1452  1452 V SystemServerTiming: OnBootPhase_550_com.android.server.wallpaper.WallpaperManagerService$Lifecycle took to complete: 8ms
11-08 12:49:13.319  1452  1452 D SystemServerTiming: OnBootPhase_550_com.android.server.wallpapereffectsgeneration.WallpaperEffectsGenerationManagerService
11-08 12:49:13.319  1452  1452 V SystemServerTiming: OnBootPhase_550_com.android.server.wallpapereffectsgeneration.WallpaperEffectsGenerationManagerService took to complete: 0ms
11-08 12:49:13.319  1452  1452 D SystemServerTiming: OnBootPhase_550_com.android.server.audio.AudioService$Lifecycle
11-08 12:49:13.319  1452  1452 V SystemServerTiming: OnBootPhase_550_com.android.server.audio.AudioService$Lifecycle took to complete: 0ms
11-08 12:49:13.319  1452  1452 D SystemServerTiming: OnBootPhase_550_com.android.server.soundtrigger_middleware.SoundTriggerMiddlewareService$Lifecycle
11-08 12:49:13.319  1452  1452 V SystemServerTiming: OnBootPhase_550_com.android.server.soundtrigger_middleware.SoundTriggerMiddlewareService$Lifecycle took to complete: 0ms
11-08 12:49:13.319  1452  1452 D SystemServerTiming: OnBootPhase_550_com.android.server.DockObserver
11-08 12:49:13.320  1452  1452 V SystemServerTiming: OnBootPhase_550_com.android.server.DockObserver took to complete: 0ms
11-08 12:49:13.320  1452  1452 D SystemServerTiming: OnBootPhase_550_com.android.server.midi.MidiService$Lifecycle
11-08 12:49:13.320  1452  1452 V SystemServerTiming: OnBootPhase_550_com.android.server.midi.MidiService$Lifecycle took to complete: 0ms
11-08 12:49:13.320  1452  1452 D SystemServerTiming: OnBootPhase_550_com.android.server.adb.AdbService$Lifecycle
11-08 12:49:13.321  1452  1452 V SystemServerTiming: OnBootPhase_550_com.android.server.adb.AdbService$Lifecycle took to complete: 1ms
11-08 12:49:13.321  1452  1452 D SystemServerTiming: OnBootPhase_550_com.android.server.usb.UsbService$Lifecycle
11-08 12:49:13.321  1452  1452 V SystemServerTiming: OnBootPhase_550_com.android.server.usb.UsbService$Lifecycle took to complete: 0ms
11-08 12:49:13.321  1452  1452 D SystemServerTiming: OnBootPhase_550_com.android.server.twilight.TwilightService
11-08 12:49:13.321  1452  1820 D SystemServerTimingAsync: InitThreadPoolExec:UsbService$Lifecycle#onBootPhase
11-08 12:49:13.321  1452  1452 V SystemServerTiming: OnBootPhase_550_com.android.server.twilight.TwilightService took to complete: 0ms
11-08 12:49:13.321  1452  1820 D SystemServerInitThreadPool: Started executing UsbService$Lifecycle#onBootPhase
11-08 12:49:13.322  1452  1452 D SystemServerTiming: OnBootPhase_550_com.android.server.display.color.ColorDisplayService
11-08 12:49:13.322  1452  1452 V SystemServerTiming: OnBootPhase_550_com.android.server.display.color.ColorDisplayService took to complete: 0ms
11-08 12:49:13.322  1452  1452 D SystemServerTiming: OnBootPhase_550_com.android.server.job.JobSchedulerService
11-08 12:49:13.322  1452  1452 V SystemServerTiming: OnBootPhase_550_com.android.server.job.JobSchedulerService took to complete: 0ms
11-08 12:49:13.322  1452  1452 D SystemServerTiming: OnBootPhase_550_com.android.server.soundtrigger.SoundTriggerService
11-08 12:49:13.323  1452  1452 D SoundTriggerService: onBootPhase: 550 : false
11-08 12:49:13.323  1452  1452 V SystemServerTiming: OnBootPhase_550_com.android.server.soundtrigger.SoundTriggerService took to complete: 0ms
11-08 12:49:13.323  1452  1452 D SystemServerTiming: OnBootPhase_550_com.android.server.trust.TrustManagerService
11-08 12:49:13.323  1452  1452 V SystemServerTiming: OnBootPhase_550_com.android.server.trust.TrustManagerService took to complete: 0ms
11-08 12:49:13.323  1452  1452 D SystemServerTiming: OnBootPhase_550_com.android.server.backup.BackupManagerService$Lifecycle
11-08 12:49:13.323  1452  1452 V SystemServerTiming: OnBootPhase_550_com.android.server.backup.BackupManagerService$Lifecycle took to complete: 0ms
11-08 12:49:13.323  1452  1452 D SystemServerTiming: OnBootPhase_550_com.android.server.appwidget.AppWidgetService
11-08 12:49:13.323  1452  1452 V SystemServerTiming: OnBootPhase_550_com.android.server.appwidget.AppWidgetService took to complete: 0ms
11-08 12:49:13.323  1452  1452 D SystemServerTiming: OnBootPhase_550_com.android.server.voiceinteraction.VoiceInteractionManagerService
11-08 12:49:13.323  1452  1452 V SystemServerTiming: OnBootPhase_550_com.android.server.voiceinteraction.VoiceInteractionManagerService took to complete: 0ms
11-08 12:49:13.323  1452  1452 D SystemServerTiming: OnBootPhase_550_com.android.server.apphibernation.AppHibernationService
11-08 12:49:13.323  1452  1452 V SystemServerTiming: OnBootPhase_550_com.android.server.apphibernation.AppHibernationService took to complete: 0ms
11-08 12:49:13.323  1452  1452 D SystemServerTiming: OnBootPhase_550_com.android.server.GestureLauncherService
11-08 12:49:13.323  1452  1452 V SystemServerTiming: OnBootPhase_550_com.android.server.GestureLauncherService took to complete: 0ms
11-08 12:49:13.323  1452  1452 D SystemServerTiming: OnBootPhase_550_com.android.server.SensorNotificationService
11-08 12:49:13.323  1452  1452 V SystemServerTiming: OnBootPhase_550_com.android.server.SensorNotificationService took to complete: 0ms
11-08 12:49:13.323  1452  1452 D SystemServerTiming: OnBootPhase_550_com.android.server.emergency.EmergencyAffordanceService
11-08 12:49:13.323  1452  1452 V SystemServerTiming: OnBootPhase_550_com.android.server.emergency.EmergencyAffordanceService took to complete: 0ms
11-08 12:49:13.323  1452  1452 D SystemServerTiming: OnBootPhase_550_com.android.server.blob.BlobStoreManagerService
11-08 12:49:13.323  1452  1820 D SystemServerInitThreadPool: Finished executing UsbService$Lifecycle#onBootPhase
11-08 12:49:13.323  1452  1820 V SystemServerTimingAsync: InitThreadPoolExec:UsbService$Lifecycle#onBootPhase took to complete: 2ms
11-08 12:49:13.324  1452  1452 V SystemServerTiming: OnBootPhase_550_com.android.server.blob.BlobStoreManagerService took to complete: 1ms
11-08 12:49:13.324  1452  1452 D SystemServerTiming: OnBootPhase_550_com.android.server.dreams.DreamManagerService
11-08 12:49:13.325  1452  1452 V SystemServerTiming: OnBootPhase_550_com.android.server.dreams.DreamManagerService took to complete: 0ms
11-08 12:49:13.325  1452  1452 D SystemServerTiming: OnBootPhase_550_com.android.server.print.PrintManagerService
11-08 12:49:13.325  1452  1452 V SystemServerTiming: OnBootPhase_550_com.android.server.print.PrintManagerService took to complete: 0ms
11-08 12:49:13.325  1452  1452 D SystemServerTiming: OnBootPhase_550_com.android.server.security.AttestationVerificationManagerService
11-08 12:49:13.325  1452  1452 V SystemServerTiming: OnBootPhase_550_com.android.server.security.AttestationVerificationManagerService took to complete: 0ms
11-08 12:49:13.325  1452  1452 D SystemServerTiming: OnBootPhase_550_com.android.server.companion.CompanionDeviceManagerService
11-08 12:49:13.325  1452  1452 V SystemServerTiming: OnBootPhase_550_com.android.server.companion.CompanionDeviceManagerService took to complete: 0ms
11-08 12:49:13.325  1452  1452 D SystemServerTiming: OnBootPhase_550_com.android.server.companion.virtual.VirtualDeviceManagerService
11-08 12:49:13.325  1452  1452 V SystemServerTiming: OnBootPhase_550_com.android.server.companion.virtual.VirtualDeviceManagerService took to complete: 0ms
11-08 12:49:13.325  1452  1452 D SystemServerTiming: OnBootPhase_550_com.android.server.restrictions.RestrictionsManagerService
11-08 12:49:13.325  1452  1452 V SystemServerTiming: OnBootPhase_550_com.android.server.restrictions.RestrictionsManagerService took to complete: 0ms
11-08 12:49:13.325  1452  1452 D SystemServerTiming: OnBootPhase_550_com.android.server.media.MediaSessionService
11-08 12:49:13.325  1452  1493 I ActivityManager: Start proc 3196:com.android.systemui/u0a123 for service {com.android.systemui/com.android.systemui.wallpapers.ImageWallpaper}
11-08 12:49:13.325  1452  1452 V SystemServerTiming: OnBootPhase_550_com.android.server.media.MediaSessionService took to complete: 0ms
11-08 12:49:13.325  1452  3151 I UsbPortManager: ClientCallback V1_2: port0
11-08 12:49:13.326  1452  1452 D SystemServerTiming: OnBootPhase_550_com.android.server.media.MediaResourceMonitorService
11-08 12:49:13.326  1452  1452 V SystemServerTiming: OnBootPhase_550_com.android.server.media.MediaResourceMonitorService took to complete: 0ms
11-08 12:49:13.326  1452  1452 D SystemServerTiming: OnBootPhase_550_com.android.server.biometrics.sensors.fingerprint.FingerprintService
11-08 12:49:13.326  1452  1452 V SystemServerTiming: OnBootPhase_550_com.android.server.biometrics.sensors.fingerprint.FingerprintService took to complete: 0ms
11-08 12:49:13.326  1452  1452 D SystemServerTiming: OnBootPhase_550_com.android.server.biometrics.BiometricService
11-08 12:49:13.326  1452  1452 V SystemServerTiming: OnBootPhase_550_com.android.server.biometrics.BiometricService took to complete: 0ms
11-08 12:49:13.326  1452  1452 D SystemServerTiming: OnBootPhase_550_com.android.server.biometrics.AuthService
11-08 12:49:13.326  1452  1452 V SystemServerTiming: OnBootPhase_550_com.android.server.biometrics.AuthService took to complete: 0ms
11-08 12:49:13.326  1452  1452 D SystemServerTiming: OnBootPhase_550_com.android.server.pm.ShortcutService$Lifecycle
11-08 12:49:13.326  1452  1452 V SystemServerTiming: OnBootPhase_550_com.android.server.pm.ShortcutService$Lifecycle took to complete: 0ms
11-08 12:49:13.326  1452  1452 D SystemServerTiming: OnBootPhase_550_com.android.server.pm.LauncherAppsService
11-08 12:49:13.326  1452  1452 V SystemServerTiming: OnBootPhase_550_com.android.server.pm.LauncherAppsService took to complete: 0ms
11-08 12:49:13.326  1452  1452 D SystemServerTiming: OnBootPhase_550_com.android.server.pm.CrossProfileAppsService
11-08 12:49:13.326  1452  1452 V SystemServerTiming: OnBootPhase_550_com.android.server.pm.CrossProfileAppsService took to complete: 0ms
11-08 12:49:13.326  1452  1452 D SystemServerTiming: OnBootPhase_550_com.android.server.people.PeopleService
11-08 12:49:13.326  1452  1452 V SystemServerTiming: OnBootPhase_550_com.android.server.people.PeopleService took to complete: 0ms
