--------- beginning of system
11-08 12:46:18.865  1452  1452 D SystemServerTiming: StartVibratorManagerService
11-08 12:46:18.865  1452  1452 I SystemServiceManager: Starting com.android.server.vibrator.VibratorManagerService$Lifecycle
11-08 12:46:18.874  1452  1452 V SystemServerTiming: StartVibratorManagerService took to complete: 9ms
11-08 12:46:18.874  1452  1452 D SystemServerTiming: StartDynamicSystemService
11-08 12:46:18.875  1452  1452 V SystemServerTiming: StartDynamicSystemService took to complete: 1ms
11-08 12:46:18.875  1452  1452 D SystemServerTiming: StartConsumerIrService
11-08 12:46:18.878  1452  1452 V SystemServerTiming: StartConsumerIrService took to complete: 2ms
11-08 12:46:18.878  1452  1452 D SystemServerTiming: StartResourceEconomy
11-08 12:46:18.878  1452  1452 I SystemServiceManager: Starting com.android.server.tare.InternalResourceService
11-08 12:46:18.882  1452  1452 V SystemServerTiming: StartResourceEconomy took to complete: 4ms
11-08 12:46:18.882  1452  1452 D SystemServerTiming: StartAlarmManagerService
11-08 12:46:18.883  1452  1452 I SystemServiceManager: Starting com.android.server.alarm.AlarmManagerService
11-08 12:46:18.892  1452  1452 V SystemServerTiming: StartAlarmManagerService took to complete: 9ms
11-08 12:46:18.892  1452  1452 D SystemServerTiming: StartInputManagerService
11-08 12:46:18.914  1452  1452 I InputManager: Initializing input manager, mUseDevInputEventForAudioJack=false
11-08 12:46:18.914  1452  1452 V SystemServerTiming: StartInputManagerService took to complete: 22ms
11-08 12:46:18.914  1452  1452 D SystemServerTiming: DeviceStateManagerService
11-08 12:46:18.914  1452  1452 I SystemServiceManager: Starting com.android.server.devicestate.DeviceStateManagerService
11-08 12:46:18.925  1452  1452 V SystemServerTiming: DeviceStateManagerService took to complete: 11ms
11-08 12:46:18.925  1452  1452 D SystemServerTiming: StartCameraServiceProxy
11-08 12:46:18.926  1452  1452 I SystemServiceManager: Starting com.android.server.camera.CameraServiceProxy
11-08 12:46:18.928  1452  1452 V SystemServerTiming: StartCameraServiceProxy took to complete: 2ms
11-08 12:46:18.928  1452  1452 D SystemServerTiming: StartWindowManagerService
11-08 12:46:18.928  1452  1452 I SystemServiceManager: Starting phase 200
11-08 12:46:18.928  1452  1452 D SystemServerTiming: OnBootPhase_200
11-08 12:46:18.928  1452  1452 D SystemServerTiming: OnBootPhase_200_com.android.server.security.FileIntegrityService
11-08 12:46:18.928  1452  1452 V SystemServerTiming: OnBootPhase_200_com.android.server.security.FileIntegrityService took to complete: 0ms
11-08 12:46:18.928  1452  1452 D SystemServerTiming: OnBootPhase_200_com.android.server.pm.Installer
11-08 12:46:18.928  1452  1452 V SystemServerTiming: OnBootPhase_200_com.android.server.pm.Installer took to complete: 0ms
11-08 12:46:18.928  1452  1452 D SystemServerTiming: OnBootPhase_200_com.android.server.os.DeviceIdentifiersPolicyService
11-08 12:46:18.928  1452  1452 V SystemServerTiming: OnBootPhase_200_com.android.server.os.DeviceIdentifiersPolicyService took to complete: 0ms
11-08 12:46:18.928  1452  1452 D SystemServerTiming: OnBootPhase_200_com.android.server.uri.UriGrantsManagerService$Lifecycle
11-08 12:46:18.929  1452  1452 V SystemServerTiming: OnBootPhase_200_com.android.server.uri.UriGrantsManagerService$Lifecycle took to complete: 0ms
11-08 12:46:18.929  1452  1452 D SystemServerTiming: OnBootPhase_200_com.android.server.powerstats.PowerStatsService
11-08 12:46:18.929  1452  1452 V SystemServerTiming: OnBootPhase_200_com.android.server.powerstats.PowerStatsService took to complete: 0ms
11-08 12:46:18.929  1452  1452 D SystemServerTiming: OnBootPhase_200_com.android.server.wm.ActivityTaskManagerService$Lifecycle
11-08 12:46:18.929  1452  1452 V SystemServerTiming: OnBootPhase_200_com.android.server.wm.ActivityTaskManagerService$Lifecycle took to complete: 0ms
11-08 12:46:18.929  1452  1452 D SystemServerTiming: OnBootPhase_200_com.android.server.am.ActivityManagerService$Lifecycle
11-08 12:46:18.929  1452  1452 V SystemServerTiming: OnBootPhase_200_com.android.server.am.ActivityManagerService$Lifecycle took to complete: 0ms
11-08 12:46:18.929  1452  1452 D SystemServerTiming: OnBootPhase_200_com.android.server.pm.DataLoaderManagerService
11-08 12:46:18.929  1452  1452 V SystemServerTiming: OnBootPhase_200_com.android.server.pm.DataLoaderManagerService took to complete: 0ms
11-08 12:46:18.929  1452  1452 D SystemServerTiming: OnBootPhase_200_com.android.server.power.PowerManagerService
11-08 12:46:18.929  1452  1452 V SystemServerTiming: OnBootPhase_200_com.android.server.power.PowerManagerService took to complete: 0ms
11-08 12:46:18.930  1452  1452 D SystemServerTiming: OnBootPhase_200_com.android.server.power.ThermalManagerService
11-08 12:46:18.930  1452  1452 V SystemServerTiming: OnBootPhase_200_com.android.server.power.ThermalManagerService took to complete: 0ms
11-08 12:46:18.930  1452  1452 D SystemServerTiming: OnBootPhase_200_com.android.server.power.hint.HintManagerService
11-08 12:46:18.930  1452  1452 V SystemServerTiming: OnBootPhase_200_com.android.server.power.hint.HintManagerService took to complete: 0ms
11-08 12:46:18.930  1452  1452 D SystemServerTiming: OnBootPhase_200_com.android.server.recoverysystem.RecoverySystemService$Lifecycle
11-08 12:46:18.930  1452  1452 V SystemServerTiming: OnBootPhase_200_com.android.server.recoverysystem.RecoverySystemService$Lifecycle took to complete: 0ms
11-08 12:46:18.930  1452  1452 D SystemServerTiming: OnBootPhase_200_com.android.server.lights.LightsService
11-08 12:46:18.930  1452  1452 V SystemServerTiming: OnBootPhase_200_com.android.server.lights.LightsService took to complete: 0ms
11-08 12:46:18.930  1452  1452 D SystemServerTiming: OnBootPhase_200_com.android.server.display.DisplayManagerService
11-08 12:46:18.930  1452  1452 V SystemServerTiming: OnBootPhase_200_com.android.server.display.DisplayManagerService took to complete: 0ms
11-08 12:46:18.930  1452  1452 D SystemServerTiming: OnBootPhase_200_com.android.server.pm.verify.domain.DomainVerificationService
11-08 12:46:18.930  1452  1452 V SystemServerTiming: OnBootPhase_200_com.android.server.pm.verify.domain.DomainVerificationService took to complete: 0ms
11-08 12:46:18.930  1452  1452 D SystemServerTiming: OnBootPhase_200_com.android.server.pm.PackageInstallerService$Lifecycle
11-08 12:46:18.930  1452  1452 V SystemServerTiming: OnBootPhase_200_com.android.server.pm.PackageInstallerService$Lifecycle took to complete: 0ms
11-08 12:46:18.930  1452  1452 D SystemServerTiming: OnBootPhase_200_com.android.server.pm.UserManagerService$LifeCycle
11-08 12:46:18.930  1452  1452 V SystemServerTiming: OnBootPhase_200_com.android.server.pm.UserManagerService$LifeCycle took to complete: 0ms
11-08 12:46:18.930  1452  1452 D SystemServerTiming: OnBootPhase_200_com.android.server.om.OverlayManagerService
11-08 12:46:18.930  1452  1452 V SystemServerTiming: OnBootPhase_200_com.android.server.om.OverlayManagerService took to complete: 0ms
11-08 12:46:18.930  1452  1452 D SystemServerTiming: OnBootPhase_200_com.android.server.resources.ResourcesManagerService
11-08 12:46:18.930  1452  1452 V SystemServerTiming: OnBootPhase_200_com.android.server.resources.ResourcesManagerService took to complete: 0ms
11-08 12:46:18.930  1452  1452 D SystemServerTiming: OnBootPhase_200_com.android.server.sensorprivacy.SensorPrivacyService
11-08 12:46:18.930  1452  1452 V SystemServerTiming: OnBootPhase_200_com.android.server.sensorprivacy.SensorPrivacyService took to complete: 0ms
11-08 12:46:18.930  1452  1452 D SystemServerTiming: OnBootPhase_200_com.android.server.sensors.SensorService
11-08 12:46:18.930  1452  1452 V SystemServerTiming: OnBootPhase_200_com.android.server.sensors.SensorService took to complete: 0ms
11-08 12:46:18.931  1452  1452 D SystemServerTiming: OnBootPhase_200_com.android.server.SystemConfigService
11-08 12:46:18.931  1452  1452 V SystemServerTiming: OnBootPhase_200_com.android.server.SystemConfigService took to complete: 0ms
11-08 12:46:18.931  1452  1452 D SystemServerTiming: OnBootPhase_200_com.android.server.BatteryService
11-08 12:46:18.931  1452  1452 V SystemServerTiming: OnBootPhase_200_com.android.server.BatteryService took to complete: 0ms
11-08 12:46:18.931  1452  1452 D SystemServerTiming: OnBootPhase_200_com.android.server.usage.UsageStatsService
11-08 12:46:18.931  1452  1452 V SystemServerTiming: OnBootPhase_200_com.android.server.usage.UsageStatsService took to complete: 0ms
11-08 12:46:18.931  1452  1452 D SystemServerTiming: OnBootPhase_200_com.android.server.webkit.WebViewUpdateService
11-08 12:46:18.931  1452  1452 V SystemServerTiming: OnBootPhase_200_com.android.server.webkit.WebViewUpdateService took to complete: 0ms
11-08 12:46:18.931  1452  1452 D SystemServerTiming: OnBootPhase_200_com.android.server.CachedDeviceStateService
11-08 12:46:18.931  1452  1452 V SystemServerTiming: OnBootPhase_200_com.android.server.CachedDeviceStateService took to complete: 0ms
11-08 12:46:18.931  1452  1452 D SystemServerTiming: OnBootPhase_200_com.android.server.BinderCallsStatsService$LifeCycle
11-08 12:46:18.931  1452  1452 V SystemServerTiming: OnBootPhase_200_com.android.server.BinderCallsStatsService$LifeCycle took to complete: 0ms
11-08 12:46:18.931  1452  1452 D SystemServerTiming: OnBootPhase_200_com.android.server.LooperStatsService$Lifecycle
11-08 12:46:18.931  1452  1452 V SystemServerTiming: OnBootPhase_200_com.android.server.LooperStatsService$Lifecycle took to complete: 0ms
11-08 12:46:18.931  1452  1452 D SystemServerTiming: OnBootPhase_200_com.android.server.rollback.RollbackManagerService
11-08 12:46:18.931  1452  1452 V SystemServerTiming: OnBootPhase_200_com.android.server.rollback.RollbackManagerService took to complete: 0ms
11-08 12:46:18.931  1452  1452 D SystemServerTiming: OnBootPhase_200_com.android.server.os.NativeTombstoneManagerService
11-08 12:46:18.931  1452  1452 V SystemServerTiming: OnBootPhase_200_com.android.server.os.NativeTombstoneManagerService took to complete: 0ms
11-08 12:46:18.931  1452  1452 D SystemServerTiming: OnBootPhase_200_com.android.server.os.BugreportManagerService
11-08 12:46:18.931  1452  1452 V SystemServerTiming: OnBootPhase_200_com.android.server.os.BugreportManagerService took to complete: 0ms
11-08 12:46:18.931  1452  1452 D SystemServerTiming: OnBootPhase_200_com.android.server.gpu.GpuService
11-08 12:46:18.931  1452  1452 V SystemServerTiming: OnBootPhase_200_com.android.server.gpu.GpuService took to complete: 0ms
11-08 12:46:18.931  1452  1452 D SystemServerTiming: OnBootPhase_200_com.android.server.security.KeyChainSystemService
11-08 12:46:18.931  1452  1452 V SystemServerTiming: OnBootPhase_200_com.android.server.security.KeyChainSystemService took to complete: 0ms
11-08 12:46:18.931  1452  1452 D SystemServerTiming: OnBootPhase_200_com.android.server.BinaryTransparencyService
11-08 12:46:18.931  1452  1452 V SystemServerTiming: OnBootPhase_200_com.android.server.BinaryTransparencyService took to complete: 0ms
11-08 12:46:18.931  1452  1452 D SystemServerTiming: OnBootPhase_200_com.android.server.telecom.TelecomLoaderService
11-08 12:46:18.931  1452  1452 V SystemServerTiming: OnBootPhase_200_com.android.server.telecom.TelecomLoaderService took to complete: 0ms
11-08 12:46:18.931  1452  1452 D SystemServerTiming: OnBootPhase_200_com.android.server.accounts.AccountManagerService$Lifecycle
11-08 12:46:18.932  1452  1452 V SystemServerTiming: OnBootPhase_200_com.android.server.accounts.AccountManagerService$Lifecycle took to complete: 0ms
11-08 12:46:18.932  1452  1452 D SystemServerTiming: OnBootPhase_200_com.android.server.content.ContentService$Lifecycle
11-08 12:46:18.932  1452  1452 V SystemServerTiming: OnBootPhase_200_com.android.server.content.ContentService$Lifecycle took to complete: 0ms
11-08 12:46:18.932  1452  1452 D SystemServerTiming: OnBootPhase_200_com.android.server.DropBoxManagerService
11-08 12:46:18.932  1452  1452 V SystemServerTiming: OnBootPhase_200_com.android.server.DropBoxManagerService took to complete: 0ms
11-08 12:46:18.932  1452  1452 D SystemServerTiming: OnBootPhase_200_com.android.role.RoleService
11-08 12:46:18.932  1452  1452 V SystemServerTiming: OnBootPhase_200_com.android.role.RoleService took to complete: 0ms
11-08 12:46:18.932  1452  1452 D SystemServerTiming: OnBootPhase_200_com.android.server.vibrator.VibratorManagerService$Lifecycle
11-08 12:46:18.932  1452  1452 V SystemServerTiming: OnBootPhase_200_com.android.server.vibrator.VibratorManagerService$Lifecycle took to complete: 0ms
11-08 12:46:18.932  1452  1452 D SystemServerTiming: OnBootPhase_200_com.android.server.tare.InternalResourceService
11-08 12:46:18.932  1452  1452 V SystemServerTiming: OnBootPhase_200_com.android.server.tare.InternalResourceService took to complete: 0ms
11-08 12:46:18.932  1452  1452 D SystemServerTiming: OnBootPhase_200_com.android.server.alarm.AlarmManagerService
11-08 12:46:18.932  1452  1452 V SystemServerTiming: OnBootPhase_200_com.android.server.alarm.AlarmManagerService took to complete: 0ms
11-08 12:46:18.932  1452  1452 D SystemServerTiming: OnBootPhase_200_com.android.server.devicestate.DeviceStateManagerService
11-08 12:46:18.932  1452  1452 V SystemServerTiming: OnBootPhase_200_com.android.server.devicestate.DeviceStateManagerService took to complete: 0ms
11-08 12:46:18.932  1452  1452 D SystemServerTiming: OnBootPhase_200_com.android.server.camera.CameraServiceProxy
11-08 12:46:18.932  1452  1452 V SystemServerTiming: OnBootPhase_200_com.android.server.camera.CameraServiceProxy took to complete: 0ms
11-08 12:46:18.932  1452  1452 V SystemServerTiming: OnBootPhase_200 took to complete: 4ms
11-08 12:46:18.934  1452  1452 I WindowManager: No existing display settings, starting empty
11-08 12:46:18.935  1452  1452 I WindowManager: No existing display settings, starting empty
11-08 12:46:19.356  1452  1452 V SystemServerTiming: StartWindowManagerService took to complete: 428ms
11-08 12:46:19.356  1452  1452 D SystemServerTiming: SetWindowManagerService
11-08 12:46:19.357  1452  1477 I DropBoxManagerService: add tag=system_server_strictmode isTagEnabled=true flags=0x2
11-08 12:46:19.474  1452  1452 I ActivityTaskManager: Loaded persisted task ids for user 0
11-08 12:46:19.477  1452  1452 V SystemServerTiming: SetWindowManagerService took to complete: 121ms
11-08 12:46:19.477  1452  1452 D SystemServerTiming: WindowManagerServiceOnInitReady
11-08 12:46:19.477  1452  1475 W Looper  : Slow dispatch took 119ms android.fg h=com.android.server.DropBoxManagerService$DropBoxManagerBroadcastHandler c=null m=1
11-08 12:46:19.536  1452  1452 V SystemServerTiming: WindowManagerServiceOnInitReady took to complete: 59ms
11-08 12:46:19.536  1452  1452 D SystemServerTiming: StartInputManager
11-08 12:46:19.536  1452  1452 I InputManager: Starting input manager
11-08 12:46:19.537  1452  1820 D SystemServerTimingAsync: InitThreadPoolExec:StartHidlServices
11-08 12:46:19.537  1452  1820 D SystemServerInitThreadPool: Started executing StartHidlServices
11-08 12:46:19.537  1452  1820 D SystemServerTimingAsync: StartHidlServices
11-08 12:46:19.538  1452  1477 I DropBoxManagerService: add tag=system_server_strictmode isTagEnabled=true flags=0x2
11-08 12:46:19.540  1452  1477 I DropBoxManagerService: add tag=system_server_strictmode isTagEnabled=true flags=0x2
11-08 12:46:19.541  1452  1820 V SystemServerTimingAsync: StartHidlServices took to complete: 4ms
11-08 12:46:19.541  1452  1820 D SystemServerInitThreadPool: Finished executing StartHidlServices
11-08 12:46:19.541  1452  1820 V SystemServerTimingAsync: InitThreadPoolExec:StartHidlServices took to complete: 4ms
11-08 12:46:19.542  1452  1477 I DropBoxManagerService: add tag=system_server_strictmode isTagEnabled=true flags=0x2
11-08 12:46:19.542  1452  1452 V SystemServerTiming: StartInputManager took to complete: 6ms
11-08 12:46:19.542  1452  1452 D SystemServerTiming: DisplayManagerWindowManagerAndInputReady
11-08 12:46:19.542  1452  1477 I DropBoxManagerService: add tag=system_server_strictmode isTagEnabled=true flags=0x2
11-08 12:46:19.542  1452  1452 V SystemServerTiming: DisplayManagerWindowManagerAndInputReady took to complete: 0ms
11-08 12:46:19.543  1452  1452 D SystemServerTiming: StartBluetoothService
11-08 12:46:19.543  1452  1477 I DropBoxManagerService: add tag=system_server_strictmode isTagEnabled=true flags=0x2
11-08 12:46:19.543  1452  1477 I DropBoxManagerService: add tag=system_server_strictmode isTagEnabled=true flags=0x2
11-08 12:46:19.545  1452  1477 I DropBoxManagerService: add tag=system_server_strictmode isTagEnabled=true flags=0x2
11-08 12:46:19.545  1452  1477 I DropBoxManagerService: add tag=system_server_strictmode isTagEnabled=true flags=0x2
11-08 12:46:19.546  1452  1477 I DropBoxManagerService: add tag=system_server_strictmode isTagEnabled=true flags=0x2
11-08 12:46:19.547  1452  1452 I SystemServiceManager: Starting com.android.server.bluetooth.BluetoothService
11-08 12:46:19.557  1452  1452 V SystemServerTiming: StartBluetoothService took to complete: 15ms
11-08 12:46:19.557  1452  1452 D SystemServerTiming: IpConnectivityMetrics
11-08 12:46:19.558  1452  1452 I SystemServiceManager: Starting com.android.server.connectivity.IpConnectivityMetrics
11-08 12:46:19.558  1452  1452 V SystemServerTiming: IpConnectivityMetrics took to complete: 1ms
11-08 12:46:19.558  1452  1452 D SystemServerTiming: NetworkWatchlistService
11-08 12:46:19.558  1452  1452 I SystemServiceManager: Starting com.android.server.net.watchlist.NetworkWatchlistService$Lifecycle
11-08 12:46:19.562  1452  1827 I WatchlistLoggingHandler: Start aggregating watchlist records.
11-08 12:46:19.563  1452  1452 V SystemServerTiming: NetworkWatchlistService took to complete: 4ms
11-08 12:46:19.563  1452  1452 D SystemServerTiming: PinnerService
11-08 12:46:19.563  1452  1452 I SystemServiceManager: Starting com.android.server.PinnerService
11-08 12:46:19.564  1452  1452 V HistoricalRegistry: Interaction before persistence initialized
11-08 12:46:19.566  1452  1452 V SystemServerTiming: PinnerService took to complete: 3ms
11-08 12:46:19.567  1452  1452 D SystemServerTiming: SignedConfigService
11-08 12:46:19.567  1452  1452 V SystemServerTiming: SignedConfigService took to complete: 1ms
11-08 12:46:19.567  1452  1452 D SystemServerTiming: AppIntegrityService
11-08 12:46:19.567  1452  1452 I SystemServiceManager: Starting com.android.server.integrity.AppIntegrityManagerService
11-08 12:46:19.570  1452  1452 V SystemServerTiming: AppIntegrityService took to complete: 3ms
11-08 12:46:19.570  1452  1452 D SystemServerTiming: StartLogcatManager
11-08 12:46:19.571  1452  1452 I SystemServiceManager: Starting com.android.server.logcat.LogcatManagerService
11-08 12:46:19.573  1452  1452 V SystemServerTiming: StartLogcatManager took to complete: 3ms
11-08 12:46:19.574  1452  1452 I WindowManager: SAFE MODE not enabled
11-08 12:46:19.574  1452  1452 D SystemServerTiming: StartInputMethodManagerLifecycle
11-08 12:46:19.574  1452  1452 I SystemServiceManager: Starting com.android.server.inputmethod.InputMethodManagerService$Lifecycle
11-08 12:46:19.580  1452  1452 V SystemServerTiming: StartInputMethodManagerLifecycle took to complete: 6ms
11-08 12:46:19.580  1452  1452 D SystemServerTiming: StartAccessibilityManagerService
11-08 12:46:19.581  1452  1452 I SystemServiceManager: Starting com.android.server.accessibility.AccessibilityManagerService$Lifecycle
11-08 12:46:19.590  1452  1452 V SystemServerTiming: StartAccessibilityManagerService took to complete: 10ms
11-08 12:46:19.590  1452  1452 D SystemServerTiming: MakeDisplayReady
11-08 12:46:19.595  1452  1452 I ActivityTaskManager: Config changes=20005df8 {1.0 ?mcc?mnc [en_US] ldltr sw432dp w432dp h918dp 400dpi nrml long port ?uimode ?night -touch -keyb/h/h -nav/h winConfig={ mBounds=Rect(0, 0 - 1080, 2400) mAppBounds=Rect(0, 106 - 1080, 2400) mMaxBounds=Rect(0, 0 - 1080, 2400) mDisplayRotation=ROTATION_0 mWindowingMode=fullscreen mDisplayWindowingMode=fullscreen mActivityType=undefined mAlwaysOnTop=undefined mRotation=ROTATION_0} s.2 ?fontWeightAdjustment}
11-08 12:46:19.596  1452  1452 I WindowManager: Override config changes=60007dfc {1.0 ?mcc?mnc [en_US] ldltr sw432dp w432dp h918dp 400dpi nrml long port ?uimode ?night -touch -keyb/h/h -nav/h winConfig={ mBounds=Rect(0, 0 - 1080, 2400) mAppBounds=Rect(0, 106 - 1080, 2400) mMaxBounds=Rect(0, 0 - 1080, 2400) mDisplayRotation=ROTATION_0 mWindowingMode=fullscreen mDisplayWindowingMode=fullscreen mActivityType=undefined mAlwaysOnTop=undefined mRotation=ROTATION_0} s.2 ?fontWeightAdjustment} for displayId=0
11-08 12:46:19.600  1452  1452 I DisplayDevice: [0] Layerstack set to 0 for local:0
11-08 12:46:19.631  1452  1452 I ActivityTaskManager: Config changes=8 {1.0 ?mcc?mnc [en_US] ldltr sw432dp w432dp h918dp 400dpi nrml long port ?uimode ?night finger -keyb/h/h -nav/h winConfig={ mBounds=Rect(0, 0 - 1080, 2400) mAppBounds=Rect(0, 106 - 1080, 2400) mMaxBounds=Rect(0, 0 - 1080, 2400) mDisplayRotation=ROTATION_0 mWindowingMode=fullscreen mDisplayWindowingMode=fullscreen mActivityType=undefined mAlwaysOnTop=undefined mRotation=ROTATION_0} s.4 ?fontWeightAdjustment}
11-08 12:46:19.632  1452  1452 I WindowManager: Override config changes=8 {1.0 ?mcc?mnc [en_US] ldltr sw432dp w432dp h918dp 400dpi nrml long port ?uimode ?night finger -keyb/h/h -nav/h winConfig={ mBounds=Rect(0, 0 - 1080, 2400) mAppBounds=Rect(0, 106 - 1080, 2400) mMaxBounds=Rect(0, 0 - 1080, 2400) mDisplayRotation=ROTATION_0 mWindowingMode=fullscreen mDisplayWindowingMode=fullscreen mActivityType=undefined mAlwaysOnTop=undefined mRotation=ROTATION_0} s.4 ?fontWeightAdjustment} for displayId=0
11-08 12:46:19.633  1452  1452 V SystemServerTiming: MakeDisplayReady took to complete: 43ms
11-08 12:46:19.633  1452  1452 D SystemServerTiming: StartStorageManagerService
11-08 12:46:19.634  1452  1452 I SystemServiceManager: Starting com.android.server.StorageManagerService$Lifecycle
11-08 12:46:19.644  1452  1831 D StorageManagerService: Thinking about init, mBootCompleted=false, mDaemonConnected=true
11-08 12:46:19.645  1452  1831 D StorageManagerService: Thinking about reset, mBootCompleted=false, mDaemonConnected=true
11-08 12:46:19.645  1452  1452 D StorageManagerService: CE storage for users [0] is already unlocked
11-08 12:46:19.646  1452  1831 D StorageManagerService: Thinking about init, mBootCompleted=false, mDaemonConnected=true
11-08 12:46:19.646  1452  1831 D StorageManagerService: Thinking about reset, mBootCompleted=false, mDaemonConnected=true
11-08 12:46:19.646  1452  1452 V SystemServerTiming: StartStorageManagerService took to complete: 13ms
11-08 12:46:19.646  1452  1452 D SystemServerTiming: StartStorageStatsService
11-08 12:46:19.646  1452  1452 I SystemServiceManager: Starting com.android.server.usage.StorageStatsService$Lifecycle
11-08 12:46:19.653  1452  1452 V SystemServerTiming: StartStorageStatsService took to complete: 6ms
11-08 12:46:19.653  1452  1452 D SystemServerTiming: StartUiModeManager
11-08 12:46:19.653  1452  1452 I SystemServiceManager: Starting com.android.server.UiModeManagerService
11-08 12:46:19.655  1452  1832 D SystemServerTimingAsync: InitThreadPoolExec:UiModeManager.onStart
11-08 12:46:19.655  1452  1832 D SystemServerInitThreadPool: Started executing UiModeManager.onStart
11-08 12:46:19.655  1452  1452 V SystemServerTiming: StartUiModeManager took to complete: 2ms
11-08 12:46:19.655  1452  1452 D SystemServerTiming: StartLocaleManagerService
11-08 12:46:19.655  1452  1452 I SystemServiceManager: Starting com.android.server.locales.LocaleManagerService
11-08 12:46:19.658  1452  1832 D SystemServerInitThreadPool: Finished executing UiModeManager.onStart
11-08 12:46:19.658  1452  1832 V SystemServerTimingAsync: InitThreadPoolExec:UiModeManager.onStart took to complete: 3ms
11-08 12:46:19.661  1452  1452 V SystemServerTiming: StartLocaleManagerService took to complete: 6ms
11-08 12:46:19.662  1452  1452 D SystemServerTiming: UpdatePackagesIfNeeded
11-08 12:46:19.662  1452  1452 I Watchdog: Pausing HandlerChecker: main thread for reason: dexopt. Pause count: 1
11-08 12:46:21.071   768   768 V ZygoteInitTiming_lazy: PreloadClasses took to complete: 2381ms
11-08 12:46:21.075   768   768 V ZygoteInitTiming_lazy: CacheNonBootClasspathClassLoaders took to complete: 3ms
11-08 12:46:21.128   768   768 V ZygoteInitTiming_lazy: PreloadResources took to complete: 53ms
11-08 12:46:21.235  1452  1803 V SystemServerTimingAsync: SecondaryZygotePreload took to complete: 2642ms
11-08 12:46:21.235  1452  1803 D SystemServerInitThreadPool: Finished executing SecondaryZygotePreload
11-08 12:46:21.235  1452  1803 V SystemServerTimingAsync: InitThreadPoolExec:SecondaryZygotePreload took to complete: 2642ms
11-08 12:46:22.997  1452  1827 I WatchlistLoggingHandler: Milliseconds spent on tryAggregateRecords(): 3435
11-08 12:46:22.998  1452  1477 I DropBoxManagerService: add tag=system_server_strictmode isTagEnabled=true flags=0x2
11-08 12:46:22.999  1452  1477 I DropBoxManagerService: add tag=system_server_strictmode isTagEnabled=true flags=0x2
11-08 12:46:23.001  1452  1477 I DropBoxManagerService: add tag=system_server_strictmode isTagEnabled=true flags=0x2
11-08 12:46:23.002  1452  1477 I DropBoxManagerService: add tag=system_server_strictmode isTagEnabled=true flags=0x2
11-08 12:46:23.002  1452  1477 I DropBoxManagerService: add tag=system_server_strictmode isTagEnabled=true flags=0x2
11-08 12:46:23.010  1452  1477 I DropBoxManagerService: add tag=system_server_strictmode isTagEnabled=true flags=0x2
11-08 12:46:23.011  1452  1477 I DropBoxManagerService: add tag=system_server_strictmode isTagEnabled=true flags=0x2
11-08 12:46:23.011  1452  1477 I DropBoxManagerService: add tag=system_server_strictmode isTagEnabled=true flags=0x2
11-08 12:46:23.026  1452  1477 I DropBoxManagerService: add tag=system_server_strictmode isTagEnabled=true flags=0x2
11-08 12:46:23.027  1452  1477 I DropBoxManagerService: add tag=system_server_strictmode isTagEnabled=true flags=0x2
11-08 12:46:28.530  1452  1825 W OverlayManager: service 'idmap' died
11-08 12:49:11.283  1452  1452 I Watchdog: Resuming HandlerChecker: main thread for reason: dexopt. Pause count: 0
11-08 12:49:11.283  1452  1452 V SystemServerTiming: UpdatePackagesIfNeeded took to complete: 171622ms
11-08 12:49:11.283  1452  1452 D SystemServerTiming: PerformFstrimIfNeeded
11-08 12:49:11.284  1452  1452 W PackageManager: No disk maintenance in 1699427951284; running immediately
11-08 12:49:11.284  1452  1831 I StorageManagerService: Running fstrim idle maintenance
11-08 12:49:11.284  1452  1452 V SystemServerTiming: PerformFstrimIfNeeded took to complete: 1ms
11-08 12:49:11.284  1452  1452 D SystemServerTiming: StartLockSettingsService
11-08 12:49:11.285  1452  1452 I SystemServiceManager: Starting com.android.server.locksettings.LockSettingsService$Lifecycle
11-08 12:49:11.286   559  3108 D vold    : Starting trim of /metadata
11-08 12:49:11.287   559  3108 I vold    : Trimmed 20865024 bytes on /metadata in 1ms
11-08 12:49:11.287   559  3108 D vold    : Starting trim of /data
11-08 12:49:11.287  1452  1825 I DropBoxManagerService: add tag=storage_trim isTagEnabled=true flags=0x2
11-08 12:49:11.291   559  3108 I vold    : Trimmed 0 bytes on /data in 4ms
11-08 12:49:11.291   559  3108 D vold    : Starting trim of /mnt/vendor/protect_f
11-08 12:49:11.292   559  3108 I vold    : Trimmed 2949120 bytes on /mnt/vendor/protect_f in 0ms
11-08 12:49:11.292   559  3108 D vold    : Starting trim of /mnt/vendor/protect_s
11-08 12:49:11.292  1452  1825 I DropBoxManagerService: add tag=storage_trim isTagEnabled=true flags=0x2
11-08 12:49:11.292   559  3108 I vold    : Trimmed 2957312 bytes on /mnt/vendor/protect_s in 0ms
11-08 12:49:11.293   559  3108 D vold    : Starting trim of /mnt/vendor/nvdata
11-08 12:49:11.294  1452  1825 I DropBoxManagerService: add tag=storage_trim isTagEnabled=true flags=0x2
11-08 12:49:11.295  1452  1825 I DropBoxManagerService: add tag=storage_trim isTagEnabled=true flags=0x2
11-08 12:49:11.297   559  3108 I vold    : Trimmed 25194496 bytes on /mnt/vendor/nvdata in 4ms
11-08 12:49:11.297   559  3108 D vold    : Starting trim of /mnt/vendor/nvcfg
11-08 12:49:11.297  1452  1825 I DropBoxManagerService: add tag=storage_trim isTagEnabled=true flags=0x2
11-08 12:49:11.298   559  3108 I vold    : Trimmed 25092096 bytes on /mnt/vendor/nvcfg in 0ms
11-08 12:49:11.298   559  3108 D vold    : Starting trim of /mnt/vendor/persist
11-08 12:49:11.298  1452  1825 I DropBoxManagerService: add tag=storage_trim isTagEnabled=true flags=0x2
11-08 12:49:11.300   559  3108 I vold    : Trimmed 35557376 bytes on /mnt/vendor/persist in 1ms
11-08 12:49:11.300   559  3108 D vold    : Starting trim of /mnt/product/persist
11-08 12:49:11.300  1452  1825 I DropBoxManagerService: add tag=storage_trim isTagEnabled=true flags=0x2
11-08 12:49:11.302   559  3108 I vold    : Trimmed 3067904 bytes on /mnt/product/persist in 1ms
11-08 12:49:11.302   559  3108 D vold    : Starting trim of /mnt/vendor/tzapp
11-08 12:49:11.302  1452  1825 I DropBoxManagerService: add tag=storage_trim isTagEnabled=true flags=0x2
11-08 12:49:11.302   559  3108 I vold    : Trimmed 8347648 bytes on /mnt/vendor/tzapp in 0ms
11-08 12:49:11.303  1452  1825 I DropBoxManagerService: add tag=storage_trim isTagEnabled=true flags=0x2
11-08 12:49:11.307  1452  1452 V SystemServerTiming: StartLockSettingsService took to complete: 23ms
11-08 12:49:11.308  1452  1452 D SystemServerTiming: StartPersistentDataBlock
11-08 12:49:11.308  1452  1452 I SystemServiceManager: Starting com.android.server.PersistentDataBlockService
11-08 12:49:11.308  1452  1452 V SystemServerTiming: StartPersistentDataBlock took to complete: 0ms
11-08 12:49:11.308  1452  1452 D SystemServerTiming: StartTestHarnessMode
11-08 12:49:11.308  1452  1452 I SystemServiceManager: Starting com.android.server.testharness.TestHarnessModeService
11-08 12:49:11.308  1452  3110 D SystemServerTimingAsync: InitThreadPoolExec:PersistentDataBlockService.onStart
11-08 12:49:11.308  1452  3110 D SystemServerInitThreadPool: Started executing PersistentDataBlockService.onStart
11-08 12:49:11.309  1452  3110 E PersistentDataBlockService: not able to find package com.google.android.gms
11-08 12:49:11.309  1452  3110 E PersistentDataBlockService: android.content.pm.PackageManager$NameNotFoundException: com.google.android.gms
11-08 12:49:11.309  1452  3110 E PersistentDataBlockService: 	at android.app.ApplicationPackageManager.getPackageUidAsUser(ApplicationPackageManager.java:407)
11-08 12:49:11.309  1452  3110 E PersistentDataBlockService: 	at android.app.ApplicationPackageManager.getPackageUidAsUser(ApplicationPackageManager.java:391)
11-08 12:49:11.309  1452  3110 E PersistentDataBlockService: 	at com.android.server.PersistentDataBlockService.getAllowedUid(PersistentDataBlockService.java:162)
11-08 12:49:11.309  1452  3110 E PersistentDataBlockService: 	at com.android.server.PersistentDataBlockService.lambda$onStart$0$com-android-server-PersistentDataBlockService(PersistentDataBlockService.java:176)
11-08 12:49:11.309  1452  3110 E PersistentDataBlockService: 	at com.android.server.PersistentDataBlockService$$ExternalSyntheticLambda0.run(Unknown Source:2)
11-08 12:49:11.309  1452  3110 E PersistentDataBlockService: 	at com.android.server.SystemServerInitThreadPool.lambda$submitTask$0$com-android-server-SystemServerInitThreadPool(SystemServerInitThreadPool.java:106)
11-08 12:49:11.309  1452  3110 E PersistentDataBlockService: 	at com.android.server.SystemServerInitThreadPool$$ExternalSyntheticLambda0.run(Unknown Source:6)
11-08 12:49:11.309  1452  3110 E PersistentDataBlockService: 	at java.util.concurrent.Executors$RunnableAdapter.call(Executors.java:463)
11-08 12:49:11.309  1452  3110 E PersistentDataBlockService: 	at java.util.concurrent.FutureTask.run(FutureTask.java:264)
11-08 12:49:11.309  1452  3110 E PersistentDataBlockService: 	at java.util.concurrent.ThreadPoolExecutor.runWorker(ThreadPoolExecutor.java:1137)
11-08 12:49:11.309  1452  3110 E PersistentDataBlockService: 	at java.util.concurrent.ThreadPoolExecutor$Worker.run(ThreadPoolExecutor.java:637)
11-08 12:49:11.309  1452  3110 E PersistentDataBlockService: 	at com.android.internal.util.ConcurrentUtils$1$1.run(ConcurrentUtils.java:65)
11-08 12:49:11.310  1452  1452 V SystemServerTiming: StartTestHarnessMode took to complete: 1ms
11-08 12:49:11.310  1452  1452 D SystemServerTiming: StartOemLockService
11-08 12:49:11.310  1452  1452 I SystemServiceManager: Starting com.android.server.oemlock.OemLockService
11-08 12:49:11.311  1452  1452 I OemLock : OemLock HAL not present on device
11-08 12:49:11.311  1452  1452 I OemLock : Using persistent data block based lock
11-08 12:49:11.315  1452  1452 V SystemServerTiming: StartOemLockService took to complete: 2ms
11-08 12:49:11.315  1452  1452 D SystemServerTiming: StartDeviceIdleController
11-08 12:49:11.315  1452  1452 I SystemServiceManager: Starting com.android.server.DeviceIdleController
11-08 12:49:11.326  1452  1452 V SystemServerTiming: StartDeviceIdleController took to complete: 11ms
11-08 12:49:11.326  1452  1452 D SystemServerTiming: StartDevicePolicyManager
11-08 12:49:11.326  1452  1452 I SystemServiceManager: Starting com.android.server.devicepolicy.DevicePolicyManagerService$Lifecycle
11-08 12:49:11.336  1452  1452 E DevicePolicyManager: Error reading version
11-08 12:49:11.336  1452  1452 E DevicePolicyManager: java.nio.file.NoSuchFileException: /data/system/device_policies_version
11-08 12:49:11.336  1452  1452 E DevicePolicyManager: 	at sun.nio.fs.UnixFileSystemProvider.newByteChannel(UnixFileSystemProvider.java:214)
11-08 12:49:11.336  1452  1452 E DevicePolicyManager: 	at java.nio.file.Files.newByteChannel(Files.java:361)
11-08 12:49:11.336  1452  1452 E DevicePolicyManager: 	at java.nio.file.Files.newByteChannel(Files.java:407)
11-08 12:49:11.336  1452  1452 E DevicePolicyManager: 	at java.nio.file.spi.FileSystemProvider.newInputStream(FileSystemProvider.java:384)
11-08 12:49:11.336  1452  1452 E DevicePolicyManager: 	at java.nio.file.Files.newInputStream(Files.java:152)
11-08 12:49:11.336  1452  1452 E DevicePolicyManager: 	at java.nio.file.Files.newBufferedReader(Files.java:2784)
11-08 12:49:11.336  1452  1452 E DevicePolicyManager: 	at java.nio.file.Files.readAllLines(Files.java:3202)
11-08 12:49:11.336  1452  1452 E DevicePolicyManager: 	at com.android.server.devicepolicy.PolicyVersionUpgrader.readVersion(PolicyVersionUpgrader.java:251)
11-08 12:49:11.336  1452  1452 E DevicePolicyManager: 	at com.android.server.devicepolicy.PolicyVersionUpgrader.upgradePolicy(PolicyVersionUpgrader.java:71)
11-08 12:49:11.336  1452  1452 E DevicePolicyManager: 	at com.android.server.devicepolicy.DevicePolicyManagerService.performPolicyVersionUpgrade(DevicePolicyManagerService.java:3115)
11-08 12:49:11.336  1452  1452 E DevicePolicyManager: 	at com.android.server.devicepolicy.DevicePolicyManagerService.<init>(DevicePolicyManagerService.java:1836)
11-08 12:49:11.336  1452  1452 E DevicePolicyManager: 	at com.android.server.devicepolicy.DevicePolicyManagerService.<init>(DevicePolicyManagerService.java:1778)
11-08 12:49:11.336  1452  1452 E DevicePolicyManager: 	at java.lang.reflect.Constructor.newInstance0(Native Method)
11-08 12:49:11.336  1452  1452 E DevicePolicyManager: 	at java.lang.reflect.Constructor.newInstance(Constructor.java:343)
11-08 12:49:11.336  1452  1452 E DevicePolicyManager: 	at com.android.server.devicepolicy.DevicePolicyManagerService$Lifecycle.<init>(DevicePolicyManagerService.java:856)
11-08 12:49:11.336  1452  1452 E DevicePolicyManager: 	at java.lang.reflect.Constructor.newInstance0(Native Method)
11-08 12:49:11.336  1452  1452 E DevicePolicyManager: 	at java.lang.reflect.Constructor.newInstance(Constructor.java:343)
11-08 12:49:11.336  1452  1452 E DevicePolicyManager: 	at com.android.server.SystemServiceManager.startService(SystemServiceManager.java:221)
11-08 12:49:11.336  1452  1452 E DevicePolicyManager: 	at com.android.server.SystemServer.startOtherServices(SystemServer.java:1822)
11-08 12:49:11.336  1452  1452 E DevicePolicyManager: 	at com.android.server.SystemServer.run(SystemServer.java:940)
11-08 12:49:11.336  1452  1452 E DevicePolicyManager: 	at com.android.server.SystemServer.main(SystemServer.java:650)
11-08 12:49:11.336  1452  1452 E DevicePolicyManager: 	at java.lang.reflect.Method.invoke(Native Method)
11-08 12:49:11.336  1452  1452 E DevicePolicyManager: 	at com.android.internal.os.RuntimeInit$MethodAndArgsCaller.run(RuntimeInit.java:548)
11-08 12:49:11.336  1452  1452 E DevicePolicyManager: 	at com.android.internal.os.ZygoteInit.main(ZygoteInit.java:914)
11-08 12:49:11.337  1452  1452 I DevicePolicyManager: Upgrading from version 0
11-08 12:49:11.338  1452  1452 I DevicePolicyManager: Upgrading from version 1
11-08 12:49:11.338  1452  1452 I DevicePolicyManager: Upgrading from version 2
11-08 12:49:11.344  1452  1452 V SystemServerTiming: StartDevicePolicyManager took to complete: 18ms
11-08 12:49:11.344  1452  1452 D SystemServerTiming: StartStatusBarManagerService
11-08 12:49:11.346  1452  1452 V SystemServerTiming: StartStatusBarManagerService took to complete: 2ms
11-08 12:49:11.347  1452  1452 D SystemServer: MusicRecognitionManagerService not defined by OEM or disabled by flag
11-08 12:49:11.348  1452  1452 D SystemServer: ContentCaptureService disabled because resource is not overlaid
11-08 12:49:11.348  1452  1452 D SystemServer: AttentionService is not configured on this device
11-08 12:49:11.349  1452  1452 D SystemServer: RotationResolverService is not configured on this device
11-08 12:49:11.349  1452  1452 D SystemServer: SystemCaptionsManagerService disabled because resource is not overlaid
11-08 12:49:11.349  1452  1452 D SystemServerTiming: StartTextToSpeechManagerService
11-08 12:49:11.350  1452  1452 I SystemServiceManager: Starting com.android.server.texttospeech.TextToSpeechManagerService
11-08 12:49:11.351  1452  1452 V SystemServerTiming: StartTextToSpeechManagerService took to complete: 2ms
11-08 12:49:11.352  1452  1452 D SystemServerTiming: StartAmbientContextService
11-08 12:49:11.352  1452  1452 I SystemServiceManager: Starting com.android.server.ambientcontext.AmbientContextManagerService
11-08 12:49:11.354  1452  1452 V SystemServerTiming: StartAmbientContextService took to complete: 2ms
11-08 12:49:11.354  1452  1452 D SystemServerTiming: StartSpeechRecognitionManagerService
11-08 12:49:11.354  1452  1452 I SystemServiceManager: Starting com.android.server.speech.SpeechRecognitionManagerService
11-08 12:49:11.355  1452  1452 V SystemServerTiming: StartSpeechRecognitionManagerService took to complete: 1ms
11-08 12:49:11.356  1452  1452 D SystemServer: AppPredictionService not defined by OEM
11-08 12:49:11.356  1452  1452 D SystemServer: ContentSuggestionsService not defined by OEM
11-08 12:49:11.356  1452  1452 D SystemServerTiming: StartSearchUiService
11-08 12:49:11.357  1452  1452 I SystemServiceManager: Starting com.android.server.searchui.SearchUiManagerService
11-08 12:49:11.358  1452  1452 V SystemServerTiming: StartSearchUiService took to complete: 2ms
11-08 12:49:11.359  1452  1452 D SystemServerTiming: StartSmartspaceService
11-08 12:49:11.359  1452  1452 I SystemServiceManager: Starting com.android.server.smartspace.SmartspaceManagerService
11-08 12:49:11.360  1452  1452 V SystemServerTiming: StartSmartspaceService took to complete: 2ms
11-08 12:49:11.361  1452  1452 D SystemServerTiming: InitConnectivityModuleConnector
11-08 12:49:11.361  1452  1452 D ConnectivityModuleConnector: Network stack init
11-08 12:49:11.361  1452  1452 V SystemServerTiming: InitConnectivityModuleConnector took to complete: 0ms
11-08 12:49:11.361  1452  1452 D SystemServerTiming: InitNetworkStackClient
11-08 12:49:11.361  1452  1452 V SystemServerTiming: InitNetworkStackClient took to complete: 0ms
11-08 12:49:11.361  1452  1452 D SystemServerTiming: StartNetworkManagementService
11-08 12:49:11.365  1452  1452 V SystemServerTiming: StartNetworkManagementService took to complete: 4ms
11-08 12:49:11.365  1452  1452 D SystemServerTiming: StartFontManagerService
11-08 12:49:11.440  1452  3110 D SystemServerInitThreadPool: Finished executing PersistentDataBlockService.onStart
11-08 12:49:11.440  1452  3110 V SystemServerTimingAsync: InitThreadPoolExec:PersistentDataBlockService.onStart took to complete: 132ms
11-08 12:49:11.584  1452  1452 V SystemServerTiming: StartFontManagerService took to complete: 219ms
11-08 12:49:11.585  1452  1452 D SystemServerTiming: StartTextServicesManager
11-08 12:49:11.585  1452  1452 I SystemServiceManager: Starting com.android.server.textservices.TextServicesManagerService$Lifecycle
11-08 12:49:11.586  1452  1452 V SystemServerTiming: StartTextServicesManager took to complete: 2ms
11-08 12:49:11.587  1452  1452 D SystemServerTiming: StartTextClassificationManagerService
11-08 12:49:11.587  1452  1452 I SystemServiceManager: Starting com.android.server.textclassifier.TextClassificationManagerService$Lifecycle
11-08 12:49:11.590  1452  1452 V SystemServerTiming: StartTextClassificationManagerService took to complete: 4ms
11-08 12:49:11.590  1452  1452 D SystemServerTiming: StartNetworkScoreService
11-08 12:49:11.590  1452  1452 I SystemServiceManager: Starting com.android.server.NetworkScoreService$Lifecycle
11-08 12:49:11.591  1452  1452 V SystemServerTiming: StartNetworkScoreService took to complete: 1ms
11-08 12:49:11.591  1452  1452 D SystemServerTiming: StartNetworkStatsService
11-08 12:49:11.601  1452  1452 I SystemServiceManager: Starting com.android.server.NetworkStatsServiceInitializer
11-08 12:49:11.638  1452  1452 V SystemServerTiming: StartNetworkStatsService took to complete: 47ms
11-08 12:49:11.638  1452  1452 D SystemServerTiming: StartNetworkPolicyManagerService
11-08 12:49:11.643  1452  1452 V SystemServerTiming: StartNetworkPolicyManagerService took to complete: 5ms
11-08 12:49:11.643  1452  1452 D SystemServerTiming: StartWifi
11-08 12:49:11.656  1452  1452 I SystemServiceManager: Starting com.android.server.wifi.WifiService
11-08 12:49:11.775  1069  1069 I wificond: New wificond event callback registered
11-08 12:49:11.789  1452  1452 V HistoricalRegistry: Interaction before persistence initialized
11-08 12:49:11.802  1452  1452 V SystemServerTiming: StartWifi took to complete: 159ms
11-08 12:49:11.802  1452  1452 D SystemServerTiming: StartWifiScanning
11-08 12:49:11.804  1452  1452 I SystemServiceManager: Starting com.android.server.wifi.scanner.WifiScanningService
11-08 12:49:11.812  1452  1452 V SystemServerTiming: StartWifiScanning took to complete: 10ms
11-08 12:49:11.812  1452  1452 D SystemServerTiming: StartWifiP2P
11-08 12:49:11.813  1452  1452 I SystemServiceManager: Starting com.android.server.wifi.p2p.WifiP2pService
11-08 12:49:11.824  1452  1452 V SystemServerTiming: StartWifiP2P took to complete: 12ms
11-08 12:49:11.825  1452  1452 D SystemServerTiming: StartPacProxyService
11-08 12:49:11.828  1452  1452 V SystemServerTiming: StartPacProxyService took to complete: 4ms
11-08 12:49:11.828  1452  1452 D SystemServerTiming: StartConnectivityService
11-08 12:49:11.829  1452  1452 I SystemServiceManager: Starting com.android.server.ConnectivityServiceInitializer
11-08 12:49:11.874  1452  1452 D CompatibilityChangeReporter: Compat change id reported: 182478738; UID 1000; state: ENABLED
11-08 12:49:11.925  1452  1452 V SystemServerTiming: StartConnectivityService took to complete: 97ms
11-08 12:49:11.925  1452  1452 D SystemServerTiming: StartVpnManagerService
11-08 12:49:11.929  1452  1452 V SystemServerTiming: StartVpnManagerService took to complete: 4ms
11-08 12:49:11.929  1452  1452 D SystemServerTiming: StartVcnManagementService
11-08 12:49:11.933  1452  1452 V SystemServerTiming: StartVcnManagementService took to complete: 4ms
11-08 12:49:11.933  1452  1452 D SystemServerTiming: StartSystemUpdateManagerService
11-08 12:49:11.935  1452  1452 I SystemUpdateManagerService: No existing info file /data/system/system-update-info.xml
11-08 12:49:11.935  1452  1452 V SystemServerTiming: StartSystemUpdateManagerService took to complete: 2ms
11-08 12:49:11.935  1452  1452 D SystemServerTiming: StartUpdateLockService
11-08 12:49:11.937  1452  1452 V SystemServerTiming: StartUpdateLockService took to complete: 2ms
11-08 12:49:11.937  1452  1452 D SystemServerTiming: StartNotificationManager
11-08 12:49:11.937  1452  1452 I SystemServiceManager: Starting com.android.server.notification.NotificationManagerService
11-08 12:49:11.948  1452  1452 D ConditionProviders.SCP: new ScheduleConditionProvider()
11-08 12:49:11.952  1452  1452 I ConditionProviders:  Allowing condition provider com.android.camera2 (userSet: true)
11-08 12:49:11.953  1452  1452 I ConditionProviders:  Allowing condition provider android.ext.services/android.ext.services.notification.Assistant (userSet: true)
11-08 12:49:11.953  1452  1452 I NotificationAssistants:  Allowing notification assistant android.ext.services/android.ext.services.notification.Assistant (userSet: false)
11-08 12:49:11.953  1452  1452 V NotificationAssistants: enabling notification assistant for 0: ComponentInfo{android.ext.services/android.ext.services.notification.Assistant}
11-08 12:49:11.953  1452  1452 V NotificationAssistants: binding: Intent { act=android.service.notification.NotificationAssistantService cmp=android.ext.services/.notification.Assistant (has extras) }
11-08 12:49:11.957  1452  1452 D CompatibilityChangeReporter: Compat change id reported: 157233955; UID 1000; state: ENABLED
11-08 12:49:11.977  1452  1452 V SystemServerTiming: StartNotificationManager took to complete: 40ms
11-08 12:49:11.977  1452  1452 D SystemServerTiming: StartDeviceMonitor
11-08 12:49:11.977  1452  1452 I SystemServiceManager: Starting com.android.server.storage.DeviceStorageMonitorService
11-08 12:49:11.978  1452  1452 V SystemServerTiming: StartDeviceMonitor took to complete: 1ms
11-08 12:49:11.979  1452  1452 D SystemServerTiming: StartLocationManagerService
11-08 12:49:11.979  1452  1452 I SystemServiceManager: Starting com.android.server.location.LocationManagerService$Lifecycle
11-08 12:49:11.985  1452  1452 V SystemServerTiming: StartLocationManagerService took to complete: 6ms
11-08 12:49:11.986  1452  1452 D SystemServerTiming: StartCountryDetectorService
11-08 12:49:11.986  1452  1452 V SystemServerTiming: StartCountryDetectorService took to complete: 0ms
11-08 12:49:11.987  1452  1452 D SystemServerTiming: StartTimeDetectorService
11-08 12:49:11.987  1452  1452 I SystemServiceManager: Starting com.android.server.timedetector.TimeDetectorService$Lifecycle
11-08 12:49:11.991  1452  1452 V SystemServerTiming: StartTimeDetectorService took to complete: 4ms
11-08 12:49:11.991  1452  1452 D SystemServerTiming: StartTimeZoneDetectorService
11-08 12:49:11.991  1452  1452 I SystemServiceManager: Starting com.android.server.timezonedetector.TimeZoneDetectorService$Lifecycle
11-08 12:49:11.997  1452  1452 V SystemServerTiming: StartTimeZoneDetectorService took to complete: 5ms
11-08 12:49:11.997  1452  1452 D SystemServerTiming: StartLocationTimeZoneManagerService
11-08 12:49:11.997  1452  1452 I SystemServiceManager: Starting com.android.server.timezonedetector.location.LocationTimeZoneManagerService$Lifecycle
11-08 12:49:11.998  1452  1452 V SystemServerTiming: StartLocationTimeZoneManagerService took to complete: 1ms
11-08 12:49:11.998  1452  1452 D SystemServerTiming: StartSearchManagerService
11-08 12:49:11.998  1452  1452 I SystemServiceManager: Starting com.android.server.search.SearchManagerService$Lifecycle
11-08 12:49:11.999  1452  1452 V SystemServerTiming: StartSearchManagerService took to complete: 1ms
11-08 12:49:12.000  1452  1452 D SystemServerTiming: StartWallpaperManagerService
11-08 12:49:12.000  1452  1452 I SystemServiceManager: Starting com.android.server.wallpaper.WallpaperManagerService$Lifecycle
11-08 12:49:12.003  1452  1452 V SystemServerTiming: StartWallpaperManagerService took to complete: 3ms
11-08 12:49:12.003  1452  1452 D SystemServerTiming: StartWallpaperEffectsGenerationService
11-08 12:49:12.003  1452  1452 I SystemServiceManager: Starting com.android.server.wallpapereffectsgeneration.WallpaperEffectsGenerationManagerService
11-08 12:49:12.007  1452  1452 V SystemServerTiming: StartWallpaperEffectsGenerationService took to complete: 4ms
11-08 12:49:12.007  1452  1452 D SystemServerTiming: StartAudioService
11-08 12:49:12.007  1452  1452 I SystemServiceManager: Starting com.android.server.audio.AudioService$Lifecycle
11-08 12:49:12.099  1452  1452 V SystemServerTiming: StartAudioService took to complete: 91ms
11-08 12:49:12.099  1452  1452 D SystemServerTiming: StartSoundTriggerMiddlewareService
11-08 12:49:12.099  1452  1452 I SystemServiceManager: Starting com.android.server.soundtrigger_middleware.SoundTriggerMiddlewareService$Lifecycle
11-08 12:49:12.111  1452  1452 V SystemServerTiming: StartSoundTriggerMiddlewareService took to complete: 11ms
11-08 12:49:12.111  1452  1452 D SystemServerTiming: StartDockObserver
11-08 12:49:12.111  1452  1452 I SystemServiceManager: Starting com.android.server.DockObserver
11-08 12:49:12.113  1452  1452 I DockObserver: No extcon dock device found in this kernel.
11-08 12:49:12.114  1452  1452 V SystemServerTiming: StartDockObserver took to complete: 3ms
11-08 12:49:12.114  1452  1452 D SystemServerTiming: StartWiredAccessoryManager
11-08 12:49:12.115  1452  1452 W WiredAccessoryManager: This kernel does not have wired headset support
11-08 12:49:12.115  1452  1452 W WiredAccessoryManager: This kernel does not have usb audio support
11-08 12:49:12.116  1452  1452 W WiredAccessoryManager: This kernel does not have HDMI audio support
