11-08 12:49:12.580  1452  1452 D SystemServerTiming: OnBootPhase_500_com.android.server.slice.SliceManagerService$Lifecycle
11-08 12:49:12.580  1452  1452 V SystemServerTiming: OnBootPhase_500_com.android.server.slice.SliceManagerService$Lifecycle took to complete: 0ms
11-08 12:49:12.580  1452  1452 D SystemServerTiming: OnBootPhase_500_com.android.server.stats.StatsCompanion$Lifecycle
11-08 12:49:12.580  1452  1452 V SystemServerTiming: OnBootPhase_500_com.android.server.stats.StatsCompanion$Lifecycle took to complete: 0ms
11-08 12:49:12.580  1452  1452 D SystemServerTiming: OnBootPhase_500_com.android.server.scheduling.RebootReadinessManagerService$Lifecycle
11-08 12:49:12.580  1452  1452 V SystemServerTiming: OnBootPhase_500_com.android.server.scheduling.RebootReadinessManagerService$Lifecycle took to complete: 0ms
11-08 12:49:12.580  1452  1452 D SystemServerTiming: OnBootPhase_500_com.android.server.stats.pull.StatsPullAtomService
11-08 12:49:12.580  1452  1452 V SystemServerTiming: OnBootPhase_500_com.android.server.stats.pull.StatsPullAtomService took to complete: 0ms
11-08 12:49:12.580  1452  1452 D SystemServerTiming: OnBootPhase_500_com.android.server.stats.bootstrap.StatsBootstrapAtomService$Lifecycle
11-08 12:49:12.580  1452  1452 V SystemServerTiming: OnBootPhase_500_com.android.server.stats.bootstrap.StatsBootstrapAtomService$Lifecycle took to complete: 0ms
11-08 12:49:12.580  1452  1452 D SystemServerTiming: OnBootPhase_500_com.android.server.incident.IncidentCompanionService
11-08 12:49:12.580  1452  1452 V SystemServerTiming: OnBootPhase_500_com.android.server.incident.IncidentCompanionService took to complete: 0ms
11-08 12:49:12.580  1452  1452 D SystemServerTiming: OnBootPhase_500_com.android.server.sdksandbox.SdkSandboxManagerService$Lifecycle
11-08 12:49:12.580  1452  1452 V SystemServerTiming: OnBootPhase_500_com.android.server.sdksandbox.SdkSandboxManagerService$Lifecycle took to complete: 0ms
11-08 12:49:12.580  1452  1452 D SystemServerTiming: OnBootPhase_500_com.android.server.adservices.AdServicesManagerService$Lifecycle
11-08 12:49:12.580  1452  1452 V SystemServerTiming: OnBootPhase_500_com.android.server.adservices.AdServicesManagerService$Lifecycle took to complete: 0ms
11-08 12:49:12.580  1452  1452 D SystemServerTiming: OnBootPhase_500_com.android.server.MmsServiceBroker
11-08 12:49:12.580  1452  1452 V SystemServerTiming: OnBootPhase_500_com.android.server.MmsServiceBroker took to complete: 0ms
11-08 12:49:12.581  1452  1452 D SystemServerTiming: OnBootPhase_500_com.android.server.autofill.AutofillManagerService
11-08 12:49:12.581  1452  1452 V SystemServerTiming: OnBootPhase_500_com.android.server.autofill.AutofillManagerService took to complete: 0ms
11-08 12:49:12.581  1452  1452 D SystemServerTiming: OnBootPhase_500_com.android.server.clipboard.ClipboardService
11-08 12:49:12.581  1452  1452 V SystemServerTiming: OnBootPhase_500_com.android.server.clipboard.ClipboardService took to complete: 0ms
11-08 12:49:12.581  1452  1452 D SystemServerTiming: OnBootPhase_500_com.android.server.appbinding.AppBindingService$Lifecycle
11-08 12:49:12.581  1452  1452 V SystemServerTiming: OnBootPhase_500_com.android.server.appbinding.AppBindingService$Lifecycle took to complete: 0ms
11-08 12:49:12.581  1452  1452 D SystemServerTiming: OnBootPhase_500_com.android.server.tracing.TracingServiceProxy
11-08 12:49:12.581  1452  1452 V SystemServerTiming: OnBootPhase_500_com.android.server.tracing.TracingServiceProxy took to complete: 0ms
11-08 12:49:12.581  1452  1452 D SystemServerTiming: OnBootPhase_500_org.lineageos.platform.internal.ProfileManagerService
11-08 12:49:12.581  1452  1452 V SystemServerTiming: OnBootPhase_500_org.lineageos.platform.internal.ProfileManagerService took to complete: 0ms
11-08 12:49:12.581  1452  1452 D SystemServerTiming: OnBootPhase_500_org.lineageos.platform.internal.LineageHardwareService
11-08 12:49:12.581  1452  1452 V SystemServerTiming: OnBootPhase_500_org.lineageos.platform.internal.LineageHardwareService took to complete: 0ms
11-08 12:49:12.581  1452  1452 D SystemServerTiming: OnBootPhase_500_org.lineageos.platform.internal.display.LiveDisplayService
11-08 12:49:12.581  1452  1452 V SystemServerTiming: OnBootPhase_500_org.lineageos.platform.internal.display.LiveDisplayService took to complete: 0ms
11-08 12:49:12.581  1452  1452 D SystemServerTiming: OnBootPhase_500_org.lineageos.platform.internal.TrustInterfaceService
11-08 12:49:12.581  1452  1452 V SystemServerTiming: OnBootPhase_500_org.lineageos.platform.internal.TrustInterfaceService took to complete: 0ms
11-08 12:49:12.581  1452  1452 D SystemServerTiming: OnBootPhase_500_org.lineageos.platform.internal.LineageSettingsService
11-08 12:49:12.581  1452  1452 V SystemServerTiming: OnBootPhase_500_org.lineageos.platform.internal.LineageSettingsService took to complete: 0ms
11-08 12:49:12.581  1452  1452 D SystemServerTiming: OnBootPhase_500_org.lineageos.platform.internal.LineageGlobalActionsService
11-08 12:49:12.581  1452  1452 V SystemServerTiming: OnBootPhase_500_org.lineageos.platform.internal.LineageGlobalActionsService took to complete: 0ms
11-08 12:49:12.581  1452  1452 D SystemServerTiming: OnBootPhase_500_org.lineageos.platform.internal.health.HealthInterfaceService
11-08 12:49:12.581  1452  1452 V SystemServerTiming: OnBootPhase_500_org.lineageos.platform.internal.health.HealthInterfaceService took to complete: 0ms
11-08 12:49:12.581  1452  1452 V SystemServerTiming: OnBootPhase_500 took to complete: 236ms
11-08 12:49:12.582  1452  1452 V SystemServerTiming: StartBootPhaseSystemServicesReady took to complete: 236ms
11-08 12:49:12.582  1452  1452 D SystemServerTiming: MakeWindowManagerServiceReady
11-08 12:49:12.587  3171  3171 I android.hardware.wifi@1.0-service-lazy: Wifi Hal is booting up...
11-08 12:49:12.587  3171  3171 I HidlLazyUtils: Registering HAL: android.hardware.wifi@1.6::IWifi with name: default
11-08 12:49:12.588  3171  3171 I HidlServiceManagement: Registered android.hardware.wifi@1.6::IWifi/default
11-08 12:49:12.596  1452  1491 I HealthServiceWrapperHidl: health: HealthServiceWrapper listening to instance default
11-08 12:49:12.604  1452  1452 V SystemServerTiming: MakeWindowManagerServiceReady took to complete: 21ms
11-08 12:49:12.606  1452  1491 D StatsPullAtomService: Registering pullers with statsd
11-08 12:49:12.607  1452  1452 D SystemServerTiming: StartPermissionPolicyService
11-08 12:49:12.607  1452  1452 I SystemServiceManager: Starting com.android.server.policy.PermissionPolicyService
11-08 12:49:12.607  1452  1477 I DropBoxManagerService: add tag=system_server_strictmode isTagEnabled=true flags=0x2
11-08 12:49:12.608  1452  3177 I DropBoxManagerService: add tag=system_server_wtf isTagEnabled=true flags=0x2
11-08 12:49:12.609  1452  1477 I DropBoxManagerService: add tag=system_server_strictmode isTagEnabled=true flags=0x2
11-08 12:49:12.610  1452  1477 I DropBoxManagerService: add tag=system_server_strictmode isTagEnabled=true flags=0x2
11-08 12:49:12.611  1452  1477 I DropBoxManagerService: add tag=system_server_strictmode isTagEnabled=true flags=0x2
11-08 12:49:12.612  1452  1477 I DropBoxManagerService: add tag=system_server_strictmode isTagEnabled=true flags=0x2
11-08 12:49:12.612  1452  1477 I DropBoxManagerService: add tag=system_server_strictmode isTagEnabled=true flags=0x2
11-08 12:49:12.613  1452  1477 I DropBoxManagerService: add tag=system_server_strictmode isTagEnabled=true flags=0x2
11-08 12:49:12.613  1452  1477 I DropBoxManagerService: add tag=system_server_strictmode isTagEnabled=true flags=0x2
11-08 12:49:12.614  1452  1452 V SystemServerTiming: StartPermissionPolicyService took to complete: 4ms
11-08 12:49:12.614  1452  1452 D SystemServerTiming: MakePackageManagerServiceReady
11-08 12:49:12.614  1452  1477 I DropBoxManagerService: add tag=system_server_strictmode isTagEnabled=true flags=0x2
11-08 12:49:12.615  1452  1477 I DropBoxManagerService: add tag=system_server_strictmode isTagEnabled=true flags=0x2
11-08 12:49:12.618  1452  1491 I StatsPullAtomService: register thermal listener successfully
11-08 12:49:12.620  1452  1452 V UserDataPreparer: Found /data/user_de/0 with serial number -1
11-08 12:49:12.620  1452  1452 D UserDataPreparer: Serial number missing on /data/user_de/0; assuming current is valid
11-08 12:49:12.621  1452  1452 V UserDataPreparer: Found /data/user/0 with serial number -1
11-08 12:49:12.621  1452  1452 D UserDataPreparer: Serial number missing on /data/user/0; assuming current is valid
11-08 12:49:12.621  1452  1452 V UserDataPreparer: Found /data/system_de/0 with serial number -1
11-08 12:49:12.621  1452  1452 D UserDataPreparer: Serial number missing on /data/system_de/0; assuming current is valid
11-08 12:49:12.621  1452  1452 I PackageManager: Permission ownership changed. Updating all permissions.
11-08 12:49:12.673  1452  1452 W PackageManager: Package com.android.providers.media.module is an APK in APEX, but has permission allowlist on the system image. Please bundle the allowlist in the com.android.mediaprovider APEX instead.
11-08 12:49:12.673  1452  1452 W PackageManager: Package com.android.providers.media.module is an APK in APEX, but has permission allowlist on the system image. Please bundle the allowlist in the com.android.mediaprovider APEX instead.
11-08 12:49:12.673  1452  1452 W PackageManager: Package com.android.providers.media.module is an APK in APEX, but has permission allowlist on the system image. Please bundle the allowlist in the com.android.mediaprovider APEX instead.
11-08 12:49:12.673  1452  1452 W PackageManager: Package com.android.providers.media.module is an APK in APEX, but has permission allowlist on the system image. Please bundle the allowlist in the com.android.mediaprovider APEX instead.
11-08 12:49:12.673  1452  1452 W PackageManager: Package com.android.providers.media.module is an APK in APEX, but has permission allowlist on the system image. Please bundle the allowlist in the com.android.mediaprovider APEX instead.
11-08 12:49:12.673  1452  1452 W PackageManager: Package com.android.providers.media.module is an APK in APEX, but has permission allowlist on the system image. Please bundle the allowlist in the com.android.mediaprovider APEX instead.
11-08 12:49:12.673  1452  1452 W PackageManager: Package com.android.providers.media.module is an APK in APEX, but has permission allowlist on the system image. Please bundle the allowlist in the com.android.mediaprovider APEX instead.
11-08 12:49:12.673  1452  1452 W PackageManager: Package com.android.providers.media.module is an APK in APEX, but has permission allowlist on the system image. Please bundle the allowlist in the com.android.mediaprovider APEX instead.
11-08 12:49:12.673  1452  1452 W PackageManager: Package com.android.providers.media.module is an APK in APEX, but has permission allowlist on the system image. Please bundle the allowlist in the com.android.mediaprovider APEX instead.
11-08 12:49:12.673  1452  1452 W PackageManager: Package com.android.providers.media.module is an APK in APEX, but has permission allowlist on the system image. Please bundle the allowlist in the com.android.mediaprovider APEX instead.
11-08 12:49:12.673  1452  1452 W PackageManager: Package com.android.providers.media.module is an APK in APEX, but has permission allowlist on the system image. Please bundle the allowlist in the com.android.mediaprovider APEX instead.
11-08 12:49:12.673  1452  1452 W PackageManager: Package com.android.providers.media.module is an APK in APEX, but has permission allowlist on the system image. Please bundle the allowlist in the com.android.mediaprovider APEX instead.
11-08 12:49:12.673  1452  1452 W PackageManager: Package com.android.providers.media.module is an APK in APEX, but has permission allowlist on the system image. Please bundle the allowlist in the com.android.mediaprovider APEX instead.
11-08 12:49:12.685  1452  1452 W DefaultPermGrantPolicy: Permission not found: com.mediatek.permission.START_WFO_SERVICE
11-08 12:49:12.686  1452  1452 W DefaultPermGrantPolicy: Permission not found: com.mediatek.ims.rcsua.permission.USE_SERVICE
11-08 12:49:12.690  1452  1452 W DefaultPermGrantPolicy: Permission not found: com.google.android.googleapps.permission.GOOGLE_AUTH
11-08 12:49:12.690  1452  1452 W DefaultPermGrantPolicy: Permission not found: com.android.launcher.permission.READ_SETTINGS
11-08 12:49:12.690  1452  1452 W DefaultPermGrantPolicy: Permission not found: com.android.launcher.permission.WRITE_SETTINGS
11-08 12:49:12.698  1452  1452 W DefaultPermGrantPolicy: Permission not found: android.permission.MANAGE_WIFI_WHEN_WIRELESS_CONSENT_REQUIRED
11-08 12:49:12.700  1452  1452 W DefaultPermGrantPolicy: Permission not found: com.android.providers.tv.permission.ACCESS_WATCHED_PROGRAMS
11-08 12:49:12.700  1452  1452 W DefaultPermGrantPolicy: Permission not found: com.android.providers.tv.permission.WRITE_EPG_DATA
11-08 12:49:12.702  1452  1452 W DefaultPermGrantPolicy: Permission not found: android.permission.MANAGE_VIRTUAL_MACHINE
11-08 12:49:12.702  1452  1452 W DefaultPermGrantPolicy: Permission not found: android.permission.DEBUG_VIRTUAL_MACHINE
11-08 12:49:12.706  1452  1452 W DefaultPermGrantPolicy: Permission not found: android.car.permission.CONTROL_CAR_CLIMATE
11-08 12:49:12.706  1452  1452 W DefaultPermGrantPolicy: Permission not found: android.car.permission.CAR_CONTROL_AUDIO_VOLUME
11-08 12:49:12.709  1452  1452 W VoiceInteractionManager: no available voice interaction services found for user 0
11-08 12:49:12.710  1452  1452 W VoiceInteractionManager: no available voice recognition services found for user 0
11-08 12:49:12.712  1452  1452 I SyncManager: No initial accounts
11-08 12:49:12.719  1452  1452 W DefaultPermGrantPolicy: Permission not found: com.google.android.permission.INSTALL_WEARABLE_PACKAGES
11-08 12:49:12.719  1452  1452 E DefaultPermGrantPolicy: Package not found: 
11-08 12:49:12.721  1452  1452 W DefaultPermGrantPolicy: Permission not found: com.cequint.ecid.CALLER_ID_LOOKUP
11-08 12:49:12.721  1452  1452 W DefaultPermGrantPolicy: Permission not found: com.motorola.incallui.permission.INCOMING_CALL_VISIBILITY_CHANGED
11-08 12:49:12.724  1452  1452 W DefaultPermGrantPolicy: Permission not found: com.google.android.googleapps.permission.GOOGLE_AUTH.cl
11-08 12:49:12.725  1452  1452 W DefaultPermGrantPolicy: Permission not found: com.google.android.setupwizard.SETUP_COMPAT_SERVICE
11-08 12:49:12.725  1452  1452 E DefaultPermGrantPolicy: Package not found: com.google.android.gms
11-08 12:49:12.725  1452  1452 E DefaultPermGrantPolicy: Package not found: org.microg.nlp
11-08 12:49:12.726  1452  1452 E DefaultPermGrantPolicy: Package not found: com.qualcomm.qti.cne
11-08 12:49:12.726  1452  1452 E DefaultPermGrantPolicy: Package not found: com.shannon.imsservice
11-08 12:49:12.814  3171  3171 E android.hardware.wifi@1.0-service-lazy: Can not initialize the vendor function pointer table
11-08 12:49:12.814  3171  3171 I android.hardware.wifi@1.0-service-lazy: processing vendor HALs descriptions in /vendor/etc/wifi/vendor_hals
11-08 12:49:12.815  3171  3171 I android.hardware.wifi@1.0-service-lazy: processing config file: vendor_hals.xml
11-08 12:49:12.817  3171  3171 I android.hardware.wifi@1.0-service-lazy: Wifi HAL started
11-08 12:49:12.852  3171  3171 W android.hardware.wifi@1.0-service-lazy: No active wlan interfaces in use! Using default
11-08 12:49:12.852  3171  3171 E android.hardware.wifi@1.0-service-lazy: Unknown iface name: wlan0
11-08 12:49:12.852  3171  3171 E android.hardware.wifi@1.0-service-lazy: Unknown iface name: wlan0
11-08 12:49:12.861  3171  3171 W android.hardware.wifi@1.0-service-lazy: No active wlan interfaces in use! Using default
11-08 12:49:12.861  3171  3171 E android.hardware.wifi@1.0-service-lazy: Unknown iface name: wlan0
11-08 12:49:12.861  3171  3171 E android.hardware.wifi@1.0-service-lazy: Unknown iface name: wlan0
11-08 12:49:12.867  1452  1452 W DefaultPermGrantPolicy: Permission not found: org.codeaurora.permission.POWER_OFF_ALARM
11-08 12:49:12.870  3171  3171 W android.hardware.wifi@1.0-service-lazy: No active wlan interfaces in use! Using default
11-08 12:49:12.870  3171  3171 E android.hardware.wifi@1.0-service-lazy: Unknown iface name: wlan0
11-08 12:49:12.870  3171  3171 E android.hardware.wifi@1.0-service-lazy: Unknown iface name: wlan0
11-08 12:49:12.882  3171  3171 I android.hardware.wifi@1.0-service-lazy: Adding interface handle for ap0
11-08 12:49:12.882  3171  3171 I android.hardware.wifi@1.0-service-lazy: Adding interface handle for wlan1
11-08 12:49:12.882  3171  3171 I android.hardware.wifi@1.0-service-lazy: Adding interface handle for p2p0
11-08 12:49:12.882  3171  3171 I android.hardware.wifi@1.0-service-lazy: Adding interface handle for wlan0
11-08 12:49:12.882  3171  3171 W android.hardware.wifi@1.0-service-lazy: No active wlan interfaces in use! Using default
11-08 12:49:12.883  3171  3171 E android.hardware.wifi@1.0-service-lazy: Failed to register radio mode change callback
11-08 12:49:12.883  3171  3171 W android.hardware.wifi@1.0-service-lazy: No active wlan interfaces in use! Using default
11-08 12:49:12.883  3171  3171 I android.hardware.wifi@1.0-service-lazy: Configured chip in mode 3
11-08 12:49:12.884  3171  3171 W android.hardware.wifi@1.0-service-lazy: No active wlan interfaces in use! Using default
11-08 12:49:12.898  1069  1069 I wificond: createClientInterface: wiphy_index 0 iface_name wlan0
11-08 12:49:12.899  1069  1069 I wificond: create scanner for interface with index: 33
11-08 12:49:12.899  1069  1069 I wificond: subscribe scan result for interface with index: 33
11-08 12:49:12.900  1069  1069 I wificond: add channel type 0 support at wiphy index: 0
11-08 12:49:12.900  1069  1069 I wificond: add channel type 1 support at wiphy index: 0
11-08 12:49:13.069  1452  1452 V StagingManagerTiming: restoreSessions took to complete: 3ms
11-08 12:49:13.070  1452  1452 V SystemServerTiming: MakePackageManagerServiceReady took to complete: 456ms
11-08 12:49:13.070  1452  1452 D SystemServerTiming: MakeDisplayManagerServiceReady
11-08 12:49:13.077  1452  1478 E DisplayModeDirector: Asked about unknown display, returning empty display mode specs!(id=0)
11-08 12:49:13.078  1452  1478 E DisplayModeDirector: Asked about unknown display, returning empty display mode specs!(id=0)
11-08 12:49:13.086  1452  1452 I BrightnessSynchronizer: Initial brightness readings: 102(int), 0.38188976(float)
11-08 12:49:13.087  1452  1452 V SystemServerTiming: MakeDisplayManagerServiceReady took to complete: 17ms
11-08 12:49:13.087  1452  1452 D SystemServerTiming: StartDeviceSpecificServices
11-08 12:49:13.087  1452  1452 V SystemServerTiming: StartDeviceSpecificServices took to complete: 0ms
11-08 12:49:13.087  1452  1452 D SystemServerTiming: GameManagerService
11-08 12:49:13.087  1452  1452 I SystemServiceManager: Starting com.android.server.app.GameManagerService$Lifecycle
11-08 12:49:13.089  1452  1452 W FileUtils: Failed to chmod(/data/system/game_mode_intervention.list): android.system.ErrnoException: chmod failed: ENOENT (No such file or directory)
11-08 12:49:13.089  1452  1452 V HistoricalRegistry: Interaction before persistence initialized
11-08 12:49:13.091  1452  1452 V SystemServerTiming: GameManagerService took to complete: 4ms
11-08 12:49:13.091  1452  1452 D SystemServerTiming: ArtManagerLocal
11-08 12:49:13.092  1452  1452 V SystemServerTiming: ArtManagerLocal took to complete: 0ms
11-08 12:49:13.092  1452  1452 D SystemServerTiming: StartBootPhaseDeviceSpecificServicesReady
11-08 12:49:13.092  1452  1452 I SystemServiceManager: Starting phase 520
11-08 12:49:13.092  1452  1452 D SystemServerTiming: OnBootPhase_520
11-08 12:49:13.092  1452  1452 D SystemServerTiming: OnBootPhase_520_com.android.server.security.FileIntegrityService
11-08 12:49:13.092  1452  1452 V SystemServerTiming: OnBootPhase_520_com.android.server.security.FileIntegrityService took to complete: 0ms
11-08 12:49:13.092  1452  1452 D SystemServerTiming: OnBootPhase_520_com.android.server.pm.Installer
11-08 12:49:13.092  1452  1452 V SystemServerTiming: OnBootPhase_520_com.android.server.pm.Installer took to complete: 0ms
11-08 12:49:13.092  1452  1452 D SystemServerTiming: OnBootPhase_520_com.android.server.os.DeviceIdentifiersPolicyService
11-08 12:49:13.092  1452  1452 V SystemServerTiming: OnBootPhase_520_com.android.server.os.DeviceIdentifiersPolicyService took to complete: 0ms
11-08 12:49:13.092  1452  1452 D SystemServerTiming: OnBootPhase_520_com.android.server.uri.UriGrantsManagerService$Lifecycle
11-08 12:49:13.092  1452  1452 V SystemServerTiming: OnBootPhase_520_com.android.server.uri.UriGrantsManagerService$Lifecycle took to complete: 0ms
11-08 12:49:13.092  1452  1452 D SystemServerTiming: OnBootPhase_520_com.android.server.powerstats.PowerStatsService
11-08 12:49:13.092  1452  1452 V SystemServerTiming: OnBootPhase_520_com.android.server.powerstats.PowerStatsService took to complete: 0ms
11-08 12:49:13.092  1452  1452 D SystemServerTiming: OnBootPhase_520_com.android.server.wm.ActivityTaskManagerService$Lifecycle
11-08 12:49:13.092  1452  1452 V SystemServerTiming: OnBootPhase_520_com.android.server.wm.ActivityTaskManagerService$Lifecycle took to complete: 0ms
11-08 12:49:13.092  1452  1452 D SystemServerTiming: OnBootPhase_520_com.android.server.am.ActivityManagerService$Lifecycle
11-08 12:49:13.092  1452  1452 V SystemServerTiming: OnBootPhase_520_com.android.server.am.ActivityManagerService$Lifecycle took to complete: 0ms
11-08 12:49:13.092  1452  1452 D SystemServerTiming: OnBootPhase_520_com.android.server.pm.DataLoaderManagerService
11-08 12:49:13.092  1452  1452 V SystemServerTiming: OnBootPhase_520_com.android.server.pm.DataLoaderManagerService took to complete: 0ms
11-08 12:49:13.092  1452  1452 D SystemServerTiming: OnBootPhase_520_com.android.server.power.PowerManagerService
11-08 12:49:13.092  1452  1452 V SystemServerTiming: OnBootPhase_520_com.android.server.power.PowerManagerService took to complete: 0ms
11-08 12:49:13.092  1452  1452 D SystemServerTiming: OnBootPhase_520_com.android.server.power.ThermalManagerService
11-08 12:49:13.092  1452  1452 V SystemServerTiming: OnBootPhase_520_com.android.server.power.ThermalManagerService took to complete: 0ms
11-08 12:49:13.092  1452  1452 D SystemServerTiming: OnBootPhase_520_com.android.server.power.hint.HintManagerService
11-08 12:49:13.092  1452  1452 V SystemServerTiming: OnBootPhase_520_com.android.server.power.hint.HintManagerService took to complete: 0ms
11-08 12:49:13.093  1452  1452 D SystemServerTiming: OnBootPhase_520_com.android.server.recoverysystem.RecoverySystemService$Lifecycle
11-08 12:49:13.093  1452  1452 V SystemServerTiming: OnBootPhase_520_com.android.server.recoverysystem.RecoverySystemService$Lifecycle took to complete: 0ms
11-08 12:49:13.093  1452  1452 D SystemServerTiming: OnBootPhase_520_com.android.server.lights.LightsService
11-08 12:49:13.093  1452  1452 V SystemServerTiming: OnBootPhase_520_com.android.server.lights.LightsService took to complete: 0ms
11-08 12:49:13.093  1452  1452 D SystemServerTiming: OnBootPhase_520_com.android.server.display.DisplayManagerService
11-08 12:49:13.093  1452  1452 V SystemServerTiming: OnBootPhase_520_com.android.server.display.DisplayManagerService took to complete: 0ms
11-08 12:49:13.093  1452  1452 D SystemServerTiming: OnBootPhase_520_com.android.server.pm.verify.domain.DomainVerificationService
11-08 12:49:13.093  1452  1452 V SystemServerTiming: OnBootPhase_520_com.android.server.pm.verify.domain.DomainVerificationService took to complete: 0ms
11-08 12:49:13.093  1452  1452 D SystemServerTiming: OnBootPhase_520_com.android.server.pm.PackageInstallerService$Lifecycle
11-08 12:49:13.093  1452  1452 V SystemServerTiming: OnBootPhase_520_com.android.server.pm.PackageInstallerService$Lifecycle took to complete: 0ms
11-08 12:49:13.093  1452  1452 D SystemServerTiming: OnBootPhase_520_com.android.server.pm.UserManagerService$LifeCycle
11-08 12:49:13.093  1452  1452 V SystemServerTiming: OnBootPhase_520_com.android.server.pm.UserManagerService$LifeCycle took to complete: 0ms
11-08 12:49:13.093  1452  1452 D SystemServerTiming: OnBootPhase_520_com.android.server.om.OverlayManagerService
11-08 12:49:13.093  1452  1452 V SystemServerTiming: OnBootPhase_520_com.android.server.om.OverlayManagerService took to complete: 0ms
11-08 12:49:13.093  1452  1452 D SystemServerTiming: OnBootPhase_520_com.android.server.resources.ResourcesManagerService
11-08 12:49:13.093  1452  1452 V SystemServerTiming: OnBootPhase_520_com.android.server.resources.ResourcesManagerService took to complete: 0ms
11-08 12:49:13.093  1452  1452 D SystemServerTiming: OnBootPhase_520_com.android.server.sensorprivacy.SensorPrivacyService
11-08 12:49:13.093  1452  1452 V SystemServerTiming: OnBootPhase_520_com.android.server.sensorprivacy.SensorPrivacyService took to complete: 0ms
11-08 12:49:13.093  1452  1452 D SystemServerTiming: OnBootPhase_520_com.android.server.sensors.SensorService
11-08 12:49:13.093  1452  1452 V SystemServerTiming: OnBootPhase_520_com.android.server.sensors.SensorService took to complete: 0ms
11-08 12:49:13.093  1452  1452 D SystemServerTiming: OnBootPhase_520_com.android.server.SystemConfigService
11-08 12:49:13.093  1452  1452 V SystemServerTiming: OnBootPhase_520_com.android.server.SystemConfigService took to complete: 0ms
11-08 12:49:13.093  1452  1452 D SystemServerTiming: OnBootPhase_520_com.android.server.BatteryService
11-08 12:49:13.093  1452  1452 V SystemServerTiming: OnBootPhase_520_com.android.server.BatteryService took to complete: 0ms
11-08 12:49:13.093  1452  1452 D SystemServerTiming: OnBootPhase_520_com.android.server.usage.UsageStatsService
11-08 12:49:13.093  1452  1452 V SystemServerTiming: OnBootPhase_520_com.android.server.usage.UsageStatsService took to complete: 0ms
11-08 12:49:13.093  1452  1452 D SystemServerTiming: OnBootPhase_520_com.android.server.webkit.WebViewUpdateService
11-08 12:49:13.093  1452  1452 V SystemServerTiming: OnBootPhase_520_com.android.server.webkit.WebViewUpdateService took to complete: 0ms
11-08 12:49:13.093  1452  1452 D SystemServerTiming: OnBootPhase_520_com.android.server.CachedDeviceStateService
11-08 12:49:13.093  1452  1452 V SystemServerTiming: OnBootPhase_520_com.android.server.CachedDeviceStateService took to complete: 0ms
11-08 12:49:13.093  1452  1452 D SystemServerTiming: OnBootPhase_520_com.android.server.BinderCallsStatsService$LifeCycle
11-08 12:49:13.093  1452  1452 V SystemServerTiming: OnBootPhase_520_com.android.server.BinderCallsStatsService$LifeCycle took to complete: 0ms
11-08 12:49:13.093  1452  1452 D SystemServerTiming: OnBootPhase_520_com.android.server.LooperStatsService$Lifecycle
11-08 12:49:13.094  1452  1452 V SystemServerTiming: OnBootPhase_520_com.android.server.LooperStatsService$Lifecycle took to complete: 0ms
11-08 12:49:13.094  1452  1452 D SystemServerTiming: OnBootPhase_520_com.android.server.rollback.RollbackManagerService
11-08 12:49:13.094  1452  1452 V SystemServerTiming: OnBootPhase_520_com.android.server.rollback.RollbackManagerService took to complete: 0ms
11-08 12:49:13.094  1452  1452 D SystemServerTiming: OnBootPhase_520_com.android.server.os.NativeTombstoneManagerService
11-08 12:49:13.094  1452  1452 V SystemServerTiming: OnBootPhase_520_com.android.server.os.NativeTombstoneManagerService took to complete: 0ms
11-08 12:49:13.094  1452  1452 D SystemServerTiming: OnBootPhase_520_com.android.server.os.BugreportManagerService
11-08 12:49:13.094  1452  1452 V SystemServerTiming: OnBootPhase_520_com.android.server.os.BugreportManagerService took to complete: 0ms
11-08 12:49:13.094  1452  1452 D SystemServerTiming: OnBootPhase_520_com.android.server.gpu.GpuService
11-08 12:49:13.094  1452  1452 V SystemServerTiming: OnBootPhase_520_com.android.server.gpu.GpuService took to complete: 0ms
11-08 12:49:13.094  1452  1452 D SystemServerTiming: OnBootPhase_520_com.android.server.security.KeyChainSystemService
11-08 12:49:13.094  1452  1452 V SystemServerTiming: OnBootPhase_520_com.android.server.security.KeyChainSystemService took to complete: 0ms
11-08 12:49:13.094  1452  1452 D SystemServerTiming: OnBootPhase_520_com.android.server.BinaryTransparencyService
11-08 12:49:13.094  1452  1452 V SystemServerTiming: OnBootPhase_520_com.android.server.BinaryTransparencyService took to complete: 0ms
11-08 12:49:13.094  1452  1452 D SystemServerTiming: OnBootPhase_520_com.android.server.telecom.TelecomLoaderService
11-08 12:49:13.094  1452  1452 V SystemServerTiming: OnBootPhase_520_com.android.server.telecom.TelecomLoaderService took to complete: 0ms
11-08 12:49:13.094  1452  1452 D SystemServerTiming: OnBootPhase_520_com.android.server.accounts.AccountManagerService$Lifecycle
11-08 12:49:13.094  1452  1452 V SystemServerTiming: OnBootPhase_520_com.android.server.accounts.AccountManagerService$Lifecycle took to complete: 0ms
11-08 12:49:13.094  1452  1452 D SystemServerTiming: OnBootPhase_520_com.android.server.content.ContentService$Lifecycle
11-08 12:49:13.094  1452  1452 V SystemServerTiming: OnBootPhase_520_com.android.server.content.ContentService$Lifecycle took to complete: 0ms
11-08 12:49:13.094  1452  1452 D SystemServerTiming: OnBootPhase_520_com.android.server.DropBoxManagerService
11-08 12:49:13.094  1452  1452 V SystemServerTiming: OnBootPhase_520_com.android.server.DropBoxManagerService took to complete: 0ms
11-08 12:49:13.094  1452  1452 D SystemServerTiming: OnBootPhase_520_com.android.role.RoleService
11-08 12:49:13.094  1452  1452 V SystemServerTiming: OnBootPhase_520_com.android.role.RoleService took to complete: 0ms
11-08 12:49:13.094  1452  1452 D SystemServerTiming: OnBootPhase_520_com.android.server.vibrator.VibratorManagerService$Lifecycle
11-08 12:49:13.094  1452  1452 V SystemServerTiming: OnBootPhase_520_com.android.server.vibrator.VibratorManagerService$Lifecycle took to complete: 0ms
11-08 12:49:13.094  1452  1452 D SystemServerTiming: OnBootPhase_520_com.android.server.tare.InternalResourceService
11-08 12:49:13.094  1452  1452 V SystemServerTiming: OnBootPhase_520_com.android.server.tare.InternalResourceService took to complete: 0ms
11-08 12:49:13.094  1452  1452 D SystemServerTiming: OnBootPhase_520_com.android.server.alarm.AlarmManagerService
11-08 12:49:13.094  1452  1452 V SystemServerTiming: OnBootPhase_520_com.android.server.alarm.AlarmManagerService took to complete: 0ms
11-08 12:49:13.094  1452  1452 D SystemServerTiming: OnBootPhase_520_com.android.server.devicestate.DeviceStateManagerService
11-08 12:49:13.094  1452  1452 V SystemServerTiming: OnBootPhase_520_com.android.server.devicestate.DeviceStateManagerService took to complete: 0ms
11-08 12:49:13.094  1452  1452 D SystemServerTiming: OnBootPhase_520_com.android.server.camera.CameraServiceProxy
11-08 12:49:13.094  1452  1452 V SystemServerTiming: OnBootPhase_520_com.android.server.camera.CameraServiceProxy took to complete: 0ms
11-08 12:49:13.095  1452  1452 D SystemServerTiming: OnBootPhase_520_com.android.server.bluetooth.BluetoothService
11-08 12:49:13.095  1452  1452 V SystemServerTiming: OnBootPhase_520_com.android.server.bluetooth.BluetoothService took to complete: 0ms
11-08 12:49:13.095  1452  1452 D SystemServerTiming: OnBootPhase_520_com.android.server.connectivity.IpConnectivityMetrics
11-08 12:49:13.095  1452  1452 V SystemServerTiming: OnBootPhase_520_com.android.server.connectivity.IpConnectivityMetrics took to complete: 0ms
11-08 12:49:13.095  1452  1452 D SystemServerTiming: OnBootPhase_520_com.android.server.net.watchlist.NetworkWatchlistService$Lifecycle
11-08 12:49:13.095  1452  1452 V SystemServerTiming: OnBootPhase_520_com.android.server.net.watchlist.NetworkWatchlistService$Lifecycle took to complete: 0ms
11-08 12:49:13.095  1452  1452 D SystemServerTiming: OnBootPhase_520_com.android.server.PinnerService
11-08 12:49:13.095  1452  1452 V SystemServerTiming: OnBootPhase_520_com.android.server.PinnerService took to complete: 0ms
11-08 12:49:13.095  1452  1452 D SystemServerTiming: OnBootPhase_520_com.android.server.integrity.AppIntegrityManagerService
11-08 12:49:13.095  1452  1452 V SystemServerTiming: OnBootPhase_520_com.android.server.integrity.AppIntegrityManagerService took to complete: 0ms
11-08 12:49:13.095  1452  1452 D SystemServerTiming: OnBootPhase_520_com.android.server.logcat.LogcatManagerService
11-08 12:49:13.095  1452  1452 V SystemServerTiming: OnBootPhase_520_com.android.server.logcat.LogcatManagerService took to complete: 0ms
11-08 12:49:13.095  1452  1452 D SystemServerTiming: OnBootPhase_520_com.android.server.inputmethod.InputMethodManagerService$Lifecycle
11-08 12:49:13.095  1452  1452 V SystemServerTiming: OnBootPhase_520_com.android.server.inputmethod.InputMethodManagerService$Lifecycle took to complete: 0ms
11-08 12:49:13.095  1452  1452 D SystemServerTiming: OnBootPhase_520_com.android.server.accessibility.AccessibilityManagerService$Lifecycle
11-08 12:49:13.095  1452  1452 V SystemServerTiming: OnBootPhase_520_com.android.server.accessibility.AccessibilityManagerService$Lifecycle took to complete: 0ms
11-08 12:49:13.095  1452  1452 D SystemServerTiming: OnBootPhase_520_com.android.server.StorageManagerService$Lifecycle
11-08 12:49:13.095  1452  1452 V SystemServerTiming: OnBootPhase_520_com.android.server.StorageManagerService$Lifecycle took to complete: 0ms
11-08 12:49:13.095  1452  1452 D SystemServerTiming: OnBootPhase_520_com.android.server.usage.StorageStatsService$Lifecycle
11-08 12:49:13.095  1452  1452 V SystemServerTiming: OnBootPhase_520_com.android.server.usage.StorageStatsService$Lifecycle took to complete: 0ms
11-08 12:49:13.095  1452  1452 D SystemServerTiming: OnBootPhase_520_com.android.server.UiModeManagerService
11-08 12:49:13.095  1452  1452 V SystemServerTiming: OnBootPhase_520_com.android.server.UiModeManagerService took to complete: 0ms
11-08 12:49:13.095  1452  1452 D SystemServerTiming: OnBootPhase_520_com.android.server.locales.LocaleManagerService
11-08 12:49:13.096  1452  1452 V SystemServerTiming: OnBootPhase_520_com.android.server.locales.LocaleManagerService took to complete: 0ms
11-08 12:49:13.096  1452  1452 D SystemServerTiming: OnBootPhase_520_com.android.server.locksettings.LockSettingsService$Lifecycle
11-08 12:49:13.096  1452  1452 V SystemServerTiming: OnBootPhase_520_com.android.server.locksettings.LockSettingsService$Lifecycle took to complete: 0ms
11-08 12:49:13.096  1452  1452 D SystemServerTiming: OnBootPhase_520_com.android.server.PersistentDataBlockService
11-08 12:49:13.096  1452  1452 V SystemServerTiming: OnBootPhase_520_com.android.server.PersistentDataBlockService took to complete: 0ms
11-08 12:49:13.096  1452  1452 D SystemServerTiming: OnBootPhase_520_com.android.server.testharness.TestHarnessModeService
11-08 12:49:13.096  1452  1452 V SystemServerTiming: OnBootPhase_520_com.android.server.testharness.TestHarnessModeService took to complete: 0ms
11-08 12:49:13.096  1452  1452 D SystemServerTiming: OnBootPhase_520_com.android.server.oemlock.OemLockService
11-08 12:49:13.096  1452  1452 V SystemServerTiming: OnBootPhase_520_com.android.server.oemlock.OemLockService took to complete: 0ms
11-08 12:49:13.096  1452  1452 D SystemServerTiming: OnBootPhase_520_com.android.server.DeviceIdleController
11-08 12:49:13.096  1452  1452 V SystemServerTiming: OnBootPhase_520_com.android.server.DeviceIdleController took to complete: 0ms
11-08 12:49:13.096  1452  1452 D SystemServerTiming: OnBootPhase_520_com.android.server.devicepolicy.DevicePolicyManagerService$Lifecycle
11-08 12:49:13.096  1452  1452 V SystemServerTiming: OnBootPhase_520_com.android.server.devicepolicy.DevicePolicyManagerService$Lifecycle took to complete: 0ms
11-08 12:49:13.096  1452  1452 D SystemServerTiming: OnBootPhase_520_com.android.server.texttospeech.TextToSpeechManagerService
11-08 12:49:13.096  1452  1452 V SystemServerTiming: OnBootPhase_520_com.android.server.texttospeech.TextToSpeechManagerService took to complete: 0ms
11-08 12:49:13.096  1452  1452 D SystemServerTiming: OnBootPhase_520_com.android.server.ambientcontext.AmbientContextManagerService
11-08 12:49:13.096  1452  1452 V SystemServerTiming: OnBootPhase_520_com.android.server.ambientcontext.AmbientContextManagerService took to complete: 0ms
11-08 12:49:13.096  1452  1452 D SystemServerTiming: OnBootPhase_520_com.android.server.speech.SpeechRecognitionManagerService
11-08 12:49:13.096  1452  1452 V SystemServerTiming: OnBootPhase_520_com.android.server.speech.SpeechRecognitionManagerService took to complete: 0ms
11-08 12:49:13.096  1452  1452 D SystemServerTiming: OnBootPhase_520_com.android.server.searchui.SearchUiManagerService
11-08 12:49:13.096  1452  1452 V SystemServerTiming: OnBootPhase_520_com.android.server.searchui.SearchUiManagerService took to complete: 0ms
11-08 12:49:13.096  1452  1452 D SystemServerTiming: OnBootPhase_520_com.android.server.smartspace.SmartspaceManagerService
11-08 12:49:13.096  1452  1452 V SystemServerTiming: OnBootPhase_520_com.android.server.smartspace.SmartspaceManagerService took to complete: 0ms
11-08 12:49:13.096  1452  1452 D SystemServerTiming: OnBootPhase_520_com.android.server.graphics.fonts.FontManagerService$Lifecycle
11-08 12:49:13.096  1452  1452 V SystemServerTiming: OnBootPhase_520_com.android.server.graphics.fonts.FontManagerService$Lifecycle took to complete: 0ms
11-08 12:49:13.096  1452  1452 D SystemServerTiming: OnBootPhase_520_com.android.server.textservices.TextServicesManagerService$Lifecycle
11-08 12:49:13.096  1452  1452 V SystemServerTiming: OnBootPhase_520_com.android.server.textservices.TextServicesManagerService$Lifecycle took to complete: 0ms
11-08 12:49:13.096  1452  1452 D SystemServerTiming: OnBootPhase_520_com.android.server.textclassifier.TextClassificationManagerService$Lifecycle
11-08 12:49:13.096  1452  1452 V SystemServerTiming: OnBootPhase_520_com.android.server.textclassifier.TextClassificationManagerService$Lifecycle took to complete: 0ms
11-08 12:49:13.096  1452  1452 D SystemServerTiming: OnBootPhase_520_com.android.server.NetworkScoreService$Lifecycle
11-08 12:49:13.096  1452  1452 V SystemServerTiming: OnBootPhase_520_com.android.server.NetworkScoreService$Lifecycle took to complete: 0ms
11-08 12:49:13.096  1452  1452 D SystemServerTiming: OnBootPhase_520_com.android.server.NetworkStatsServiceInitializer
11-08 12:49:13.096  1452  1452 V SystemServerTiming: OnBootPhase_520_com.android.server.NetworkStatsServiceInitializer took to complete: 0ms
11-08 12:49:13.096  1452  1452 D SystemServerTiming: OnBootPhase_520_com.android.server.wifi.WifiService
11-08 12:49:13.097  1452  1452 V SystemServerTiming: OnBootPhase_520_com.android.server.wifi.WifiService took to complete: 0ms
11-08 12:49:13.097  1452  1452 D SystemServerTiming: OnBootPhase_520_com.android.server.wifi.scanner.WifiScanningService
11-08 12:49:13.097  1452  1452 V SystemServerTiming: OnBootPhase_520_com.android.server.wifi.scanner.WifiScanningService took to complete: 0ms
11-08 12:49:13.097  1452  1452 D SystemServerTiming: OnBootPhase_520_com.android.server.wifi.p2p.WifiP2pService
11-08 12:49:13.097  1452  1452 V SystemServerTiming: OnBootPhase_520_com.android.server.wifi.p2p.WifiP2pService took to complete: 0ms
11-08 12:49:13.097  1452  1452 D SystemServerTiming: OnBootPhase_520_com.android.server.ConnectivityServiceInitializer
11-08 12:49:13.097  1452  1452 V SystemServerTiming: OnBootPhase_520_com.android.server.ConnectivityServiceInitializer took to complete: 0ms
11-08 12:49:13.097  1452  1452 D SystemServerTiming: OnBootPhase_520_com.android.server.notification.NotificationManagerService
11-08 12:49:13.108  1452  1452 V SystemServerTiming: OnBootPhase_520_com.android.server.notification.NotificationManagerService took to complete: 11ms
11-08 12:49:13.108  1452  1452 D SystemServerTiming: OnBootPhase_520_com.android.server.storage.DeviceStorageMonitorService
11-08 12:49:13.108  1452  1452 V SystemServerTiming: OnBootPhase_520_com.android.server.storage.DeviceStorageMonitorService took to complete: 0ms
11-08 12:49:13.108  1452  1452 D SystemServerTiming: OnBootPhase_520_com.android.server.location.LocationManagerService$Lifecycle
11-08 12:49:13.108  1452  1452 V SystemServerTiming: OnBootPhase_520_com.android.server.location.LocationManagerService$Lifecycle took to complete: 0ms
11-08 12:49:13.108  1452  1452 D SystemServerTiming: OnBootPhase_520_com.android.server.timedetector.TimeDetectorService$Lifecycle
11-08 12:49:13.108  1452  1452 V SystemServerTiming: OnBootPhase_520_com.android.server.timedetector.TimeDetectorService$Lifecycle took to complete: 0ms
11-08 12:49:13.108  1452  1452 D SystemServerTiming: OnBootPhase_520_com.android.server.timezonedetector.TimeZoneDetectorService$Lifecycle
11-08 12:49:13.108  1452  1452 V SystemServerTiming: OnBootPhase_520_com.android.server.timezonedetector.TimeZoneDetectorService$Lifecycle took to complete: 0ms
11-08 12:49:13.108  1452  1452 D SystemServerTiming: OnBootPhase_520_com.android.server.timezonedetector.location.LocationTimeZoneManagerService$Lifecycle
11-08 12:49:13.109  1452  1452 V SystemServerTiming: OnBootPhase_520_com.android.server.timezonedetector.location.LocationTimeZoneManagerService$Lifecycle took to complete: 0ms
11-08 12:49:13.109  1452  1452 D SystemServerTiming: OnBootPhase_520_com.android.server.search.SearchManagerService$Lifecycle
11-08 12:49:13.109  1452  1452 V SystemServerTiming: OnBootPhase_520_com.android.server.search.SearchManagerService$Lifecycle took to complete: 0ms
11-08 12:49:13.109  1452  1452 D SystemServerTiming: OnBootPhase_520_com.android.server.wallpaper.WallpaperManagerService$Lifecycle
11-08 12:49:13.109  1452  1452 V SystemServerTiming: OnBootPhase_520_com.android.server.wallpaper.WallpaperManagerService$Lifecycle took to complete: 0ms
11-08 12:49:13.109  1452  1452 D SystemServerTiming: OnBootPhase_520_com.android.server.wallpapereffectsgeneration.WallpaperEffectsGenerationManagerService
11-08 12:49:13.109  1452  1452 V SystemServerTiming: OnBootPhase_520_com.android.server.wallpapereffectsgeneration.WallpaperEffectsGenerationManagerService took to complete: 0ms
11-08 12:49:13.109  1452  1452 D SystemServerTiming: OnBootPhase_520_com.android.server.audio.AudioService$Lifecycle
11-08 12:49:13.109  1452  1452 V SystemServerTiming: OnBootPhase_520_com.android.server.audio.AudioService$Lifecycle took to complete: 0ms
11-08 12:49:13.109  1452  1452 D SystemServerTiming: OnBootPhase_520_com.android.server.soundtrigger_middleware.SoundTriggerMiddlewareService$Lifecycle
11-08 12:49:13.109  1452  1452 V SystemServerTiming: OnBootPhase_520_com.android.server.soundtrigger_middleware.SoundTriggerMiddlewareService$Lifecycle took to complete: 0ms
11-08 12:49:13.109  1452  1452 D SystemServerTiming: OnBootPhase_520_com.android.server.DockObserver
11-08 12:49:13.109  1452  1452 V SystemServerTiming: OnBootPhase_520_com.android.server.DockObserver took to complete: 0ms
11-08 12:49:13.109  1452  1452 D SystemServerTiming: OnBootPhase_520_com.android.server.midi.MidiService$Lifecycle
11-08 12:49:13.109  1452  1452 V SystemServerTiming: OnBootPhase_520_com.android.server.midi.MidiService$Lifecycle took to complete: 0ms
11-08 12:49:13.109  1452  1452 D SystemServerTiming: OnBootPhase_520_com.android.server.adb.AdbService$Lifecycle
11-08 12:49:13.110  1452  1452 V SystemServerTiming: OnBootPhase_520_com.android.server.adb.AdbService$Lifecycle took to complete: 0ms
11-08 12:49:13.110  1452  1452 D SystemServerTiming: OnBootPhase_520_com.android.server.usb.UsbService$Lifecycle
11-08 12:49:13.110  1452  1452 V SystemServerTiming: OnBootPhase_520_com.android.server.usb.UsbService$Lifecycle took to complete: 0ms
11-08 12:49:13.110  1452  1452 D SystemServerTiming: OnBootPhase_520_com.android.server.twilight.TwilightService
11-08 12:49:13.110  1452  1452 V SystemServerTiming: OnBootPhase_520_com.android.server.twilight.TwilightService took to complete: 0ms
11-08 12:49:13.110  1452  1452 D SystemServerTiming: OnBootPhase_520_com.android.server.display.color.ColorDisplayService
11-08 12:49:13.110  1452  1452 V SystemServerTiming: OnBootPhase_520_com.android.server.display.color.ColorDisplayService took to complete: 0ms
11-08 12:49:13.110  1452  1452 D SystemServerTiming: OnBootPhase_520_com.android.server.job.JobSchedulerService
11-08 12:49:13.110  1452  1452 V SystemServerTiming: OnBootPhase_520_com.android.server.job.JobSchedulerService took to complete: 0ms
11-08 12:49:13.110  1452  1452 D SystemServerTiming: OnBootPhase_520_com.android.server.soundtrigger.SoundTriggerService
11-08 12:49:13.110  1452  1452 D SoundTriggerService: onBootPhase: 520 : false
11-08 12:49:13.110  1452  1452 V SystemServerTiming: OnBootPhase_520_com.android.server.soundtrigger.SoundTriggerService took to complete: 0ms
11-08 12:49:13.110  1452  1452 D SystemServerTiming: OnBootPhase_520_com.android.server.trust.TrustManagerService
11-08 12:49:13.110  1452  1452 V SystemServerTiming: OnBootPhase_520_com.android.server.trust.TrustManagerService took to complete: 0ms
11-08 12:49:13.110  1452  1452 D SystemServerTiming: OnBootPhase_520_com.android.server.backup.BackupManagerService$Lifecycle
11-08 12:49:13.110  1452  1452 V SystemServerTiming: OnBootPhase_520_com.android.server.backup.BackupManagerService$Lifecycle took to complete: 0ms
11-08 12:49:13.110  1452  1452 D SystemServerTiming: OnBootPhase_520_com.android.server.appwidget.AppWidgetService
11-08 12:49:13.110  1452  1452 V SystemServerTiming: OnBootPhase_520_com.android.server.appwidget.AppWidgetService took to complete: 0ms
11-08 12:49:13.110  1452  1452 D SystemServerTiming: OnBootPhase_520_com.android.server.voiceinteraction.VoiceInteractionManagerService
11-08 12:49:13.110  1452  1452 V SystemServerTiming: OnBootPhase_520_com.android.server.voiceinteraction.VoiceInteractionManagerService took to complete: 0ms
11-08 12:49:13.110  1452  1452 D SystemServerTiming: OnBootPhase_520_com.android.server.apphibernation.AppHibernationService
11-08 12:49:13.110  1452  1452 V SystemServerTiming: OnBootPhase_520_com.android.server.apphibernation.AppHibernationService took to complete: 0ms
11-08 12:49:13.110  1452  1452 D SystemServerTiming: OnBootPhase_520_com.android.server.GestureLauncherService
11-08 12:49:13.110  1452  1452 V SystemServerTiming: OnBootPhase_520_com.android.server.GestureLauncherService took to complete: 0ms
11-08 12:49:13.110  1452  1452 D SystemServerTiming: OnBootPhase_520_com.android.server.SensorNotificationService
11-08 12:49:13.110  1452  1452 V SystemServerTiming: OnBootPhase_520_com.android.server.SensorNotificationService took to complete: 0ms
11-08 12:49:13.110  1452  1452 D SystemServerTiming: OnBootPhase_520_com.android.server.emergency.EmergencyAffordanceService
11-08 12:49:13.110  1452  1452 V SystemServerTiming: OnBootPhase_520_com.android.server.emergency.EmergencyAffordanceService took to complete: 0ms
11-08 12:49:13.110  1452  1452 D SystemServerTiming: OnBootPhase_520_com.android.server.blob.BlobStoreManagerService
11-08 12:49:13.110  1452  1452 V SystemServerTiming: OnBootPhase_520_com.android.server.blob.BlobStoreManagerService took to complete: 0ms
11-08 12:49:13.110  1452  1452 D SystemServerTiming: OnBootPhase_520_com.android.server.dreams.DreamManagerService
11-08 12:49:13.110  1452  1452 V SystemServerTiming: OnBootPhase_520_com.android.server.dreams.DreamManagerService took to complete: 0ms
11-08 12:49:13.110  1452  1452 D SystemServerTiming: OnBootPhase_520_com.android.server.print.PrintManagerService
11-08 12:49:13.110  1452  1452 V SystemServerTiming: OnBootPhase_520_com.android.server.print.PrintManagerService took to complete: 0ms
11-08 12:49:13.111  1452  1452 D SystemServerTiming: OnBootPhase_520_com.android.server.security.AttestationVerificationManagerService
11-08 12:49:13.111  1452  1452 V SystemServerTiming: OnBootPhase_520_com.android.server.security.AttestationVerificationManagerService took to complete: 0ms
11-08 12:49:13.111  1452  1452 D SystemServerTiming: OnBootPhase_520_com.android.server.companion.CompanionDeviceManagerService
11-08 12:49:13.111  1452  1452 V SystemServerTiming: OnBootPhase_520_com.android.server.companion.CompanionDeviceManagerService took to complete: 0ms
11-08 12:49:13.111  1452  1452 D SystemServerTiming: OnBootPhase_520_com.android.server.companion.virtual.VirtualDeviceManagerService
11-08 12:49:13.111  1452  1452 V SystemServerTiming: OnBootPhase_520_com.android.server.companion.virtual.VirtualDeviceManagerService took to complete: 0ms
11-08 12:49:13.111  1452  1452 D SystemServerTiming: OnBootPhase_520_com.android.server.restrictions.RestrictionsManagerService
11-08 12:49:13.111  1452  1452 V SystemServerTiming: OnBootPhase_520_com.android.server.restrictions.RestrictionsManagerService took to complete: 0ms
11-08 12:49:13.111  1452  1452 D SystemServerTiming: OnBootPhase_520_com.android.server.media.MediaSessionService
11-08 12:49:13.111  1452  1452 V SystemServerTiming: OnBootPhase_520_com.android.server.media.MediaSessionService took to complete: 0ms
11-08 12:49:13.111  1452  1452 D SystemServerTiming: OnBootPhase_520_com.android.server.media.MediaResourceMonitorService
11-08 12:49:13.111  1452  1452 V SystemServerTiming: OnBootPhase_520_com.android.server.media.MediaResourceMonitorService took to complete: 0ms
11-08 12:49:13.111  1452  1452 D SystemServerTiming: OnBootPhase_520_com.android.server.biometrics.sensors.fingerprint.FingerprintService
11-08 12:49:13.111  1452  1452 V SystemServerTiming: OnBootPhase_520_com.android.server.biometrics.sensors.fingerprint.FingerprintService took to complete: 0ms
11-08 12:49:13.111  1452  1452 D SystemServerTiming: OnBootPhase_520_com.android.server.biometrics.BiometricService
